Archive member included to satisfy reference by file (symbol)

app/libapp.a(main.c.obj)      (--whole-archive)
zephyr/libzephyr.a(crc32_sw.c.obj)
                              (--whole-archive)
zephyr/libzephyr.a(crc16_sw.c.obj)
                              (--whole-archive)
zephyr/libzephyr.a(crc8_sw.c.obj)
                              (--whole-archive)
zephyr/libzephyr.a(crc7_sw.c.obj)
                              (--whole-archive)
zephyr/libzephyr.a(dec.c.obj)
                              (--whole-archive)
zephyr/libzephyr.a(fdtable.c.obj)
                              (--whole-archive)
zephyr/libzephyr.a(hex.c.obj)
                              (--whole-archive)
zephyr/libzephyr.a(mempool.c.obj)
                              (--whole-archive)
zephyr/libzephyr.a(notify.c.obj)
                              (--whole-archive)
zephyr/libzephyr.a(printk.c.obj)
                              (--whole-archive)
zephyr/libzephyr.a(onoff.c.obj)
                              (--whole-archive)
zephyr/libzephyr.a(rb.c.obj)  (--whole-archive)
zephyr/libzephyr.a(sem.c.obj)
                              (--whole-archive)
zephyr/libzephyr.a(thread_entry.c.obj)
                              (--whole-archive)
zephyr/libzephyr.a(timeutil.c.obj)
                              (--whole-archive)
zephyr/libzephyr.a(work_q.c.obj)
                              (--whole-archive)
zephyr/libzephyr.a(heap.c.obj)
                              (--whole-archive)
zephyr/libzephyr.a(heap-validate.c.obj)
                              (--whole-archive)
zephyr/libzephyr.a(configs.c.obj)
                              (--whole-archive)
zephyr/libzephyr.a(soc.c.obj)
                              (--whole-archive)
zephyr/libzephyr.a(power.c.obj)
                              (--whole-archive)
zephyr/libzephyr.a(validate_base_addresses.c.obj)
                              (--whole-archive)
zephyr/libzephyr.a(validate_enabled_instances.c.obj)
                              (--whole-archive)
zephyr/libzephyr.a(power.c.obj)
                              (--whole-archive)
zephyr/libzephyr.a(policy_residency.c.obj)
                              (--whole-archive)
zephyr/libzephyr.a(nrf_power_clock.c.obj)
                              (--whole-archive)
zephyr/libzephyr.a(sys_clock_init.c.obj)
                              (--whole-archive)
zephyr/libzephyr.a(nrf_rtc_timer.c.obj)
                              (--whole-archive)
zephyr/libzephyr.a(spm.c.obj)
                              (--whole-archive)
zephyr/libzephyr.a(secure_services.c.obj)
                              (--whole-archive)
zephyr/libzephyr.a(nrf_cc310_platform_abort_zephyr.c.obj)
                              (--whole-archive)
zephyr/libzephyr.a(nrf_cc310_platform_mutex_zephyr.c.obj)
                              (--whole-archive)
zephyr/arch/common/libarch__common.a(isr_tables.c.obj)
                              (--whole-archive)
zephyr/arch/common/libarch__common.a(sw_isr_common.c.obj)
                              (--whole-archive)
zephyr/arch/arch/arm/core/aarch32/libarch__arm__core__aarch32.a(swap.c.obj)
                              (--whole-archive)
zephyr/arch/arch/arm/core/aarch32/libarch__arm__core__aarch32.a(swap_helper.S.obj)
                              (--whole-archive)
zephyr/arch/arch/arm/core/aarch32/libarch__arm__core__aarch32.a(irq_manage.c.obj)
                              (--whole-archive)
zephyr/arch/arch/arm/core/aarch32/libarch__arm__core__aarch32.a(thread.c.obj)
                              (--whole-archive)
zephyr/arch/arch/arm/core/aarch32/libarch__arm__core__aarch32.a(cpu_idle.S.obj)
                              (--whole-archive)
zephyr/arch/arch/arm/core/aarch32/libarch__arm__core__aarch32.a(fatal.c.obj)
                              (--whole-archive)
zephyr/arch/arch/arm/core/aarch32/libarch__arm__core__aarch32.a(nmi.c.obj)
                              (--whole-archive)
zephyr/arch/arch/arm/core/aarch32/libarch__arm__core__aarch32.a(nmi_on_reset.S.obj)
                              (--whole-archive)
zephyr/arch/arch/arm/core/aarch32/libarch__arm__core__aarch32.a(prep_c.c.obj)
                              (--whole-archive)
zephyr/arch/arch/arm/core/aarch32/libarch__arm__core__aarch32.a(isr_wrapper.S.obj)
                              (--whole-archive)
zephyr/arch/arch/arm/core/aarch32/cortex_m/libarch__arm__core__aarch32__cortex_m.a(vector_table.S.obj)
                              (--whole-archive)
zephyr/arch/arch/arm/core/aarch32/cortex_m/libarch__arm__core__aarch32__cortex_m.a(reset.S.obj)
                              (--whole-archive)
zephyr/arch/arch/arm/core/aarch32/cortex_m/libarch__arm__core__aarch32__cortex_m.a(fault_s.S.obj)
                              (--whole-archive)
zephyr/arch/arch/arm/core/aarch32/cortex_m/libarch__arm__core__aarch32__cortex_m.a(fault.c.obj)
                              (--whole-archive)
zephyr/arch/arch/arm/core/aarch32/cortex_m/libarch__arm__core__aarch32__cortex_m.a(exc_exit.S.obj)
[...]
Memory Configuration

Name             Origin             Length             Attributes
FLASH            0x00000000         0x0000c000         xr
SRAM             0x20000000         0x00010000         xw
IDT_LIST         0x20010000         0x00000800         xw
*default*        0x00000000         0xffffffff

Linker script and memory map

LOAD zephyr/CMakeFiles/zephyr_prebuilt.dir/misc/empty_file.c.obj
                0x00000020                _region_min_align = 0x20

.rel.plt        0x00000000        0x0
 *(SORT_BY_ALIGNMENT(.rel.plt))
                [!provide]                PROVIDE (__rel_iplt_start = .)
 *(SORT_BY_ALIGNMENT(.rel.iplt))
 .rel.iplt      0x00000000        0x0 app/libapp.a(main.c.obj)
                [!provide]                PROVIDE (__rel_iplt_end = .)

.rela.plt       0x00000000        0x0
 *(SORT_BY_ALIGNMENT(.rela.plt))
                [!provide]                PROVIDE (__rela_iplt_start = .)
 *(SORT_BY_ALIGNMENT(.rela.iplt))
                [!provide]                PROVIDE (__rela_iplt_end = .)

.rel.dyn
 *(SORT_BY_ALIGNMENT(.rel.*))

.rela.dyn
 *(SORT_BY_ALIGNMENT(.rela.*))

/DISCARD/
 *(SORT_BY_ALIGNMENT(.plt))
 *(SORT_BY_ALIGNMENT(.iplt))
 *(SORT_BY_ALIGNMENT(.got.plt))
 *(SORT_BY_ALIGNMENT(.igot.plt))
 *(SORT_BY_ALIGNMENT(.got))
 *(SORT_BY_ALIGNMENT(.igot))
 *(SORT_BY_ALIGNMENT(.note.GNU-stack))
                0x00000000                _image_rom_start = 0x0

rom_start       0x00000000      0x23c
                0x00000000                . = 0x0
                0x00000000                . = ALIGN (0x4)
                0x00000000                _vector_start = .
 *(SORT_BY_ALIGNMENT(.exc_vector_table))
 *(SORT_BY_ALIGNMENT(.exc_vector_table.*))
 .exc_vector_table._vector_table_section
                0x00000000       0x40 zephyr/arch/arch/arm/core/aarch32/cortex_m/libarch__arm__core__aarch32__cortex_m.a(vector_table.S.obj)
                0x00000000                _vector_table
 *(SORT_BY_ALIGNMENT(.gnu.linkonce.irq_vector_table))
 .gnu.linkonce.irq_vector_table
                0x00000040      0x104 zephyr/arch/common/libarch__common.a(isr_tables.c.obj)
                0x00000040                _irq_vector_table
 *(SORT_BY_ALIGNMENT(.vectors))
                0x00000144                _vector_end = .
 *(SORT_BY_ALIGNMENT(.openocd_dbg))
 *(SORT_BY_ALIGNMENT(.openocd_dbg.*))
                0x00000200                . = 0x200
 *fill*         0x00000144       0xbc 
                0x00000200                _fw_info_start = .
 *(SORT_BY_NAME(SORT_BY_ALIGNMENT(.firmware_info*)))
 .firmware_info
                0x00000200       0x3c modules/nrf/subsys/fw_info/lib..__nrf__subsys__fw_info.a(fw_info.c.obj)
                0x00000200                m_firmware_info
                0x0000003c                _fw_info_size = ABSOLUTE ((. - _fw_info_start))

text            0x0000023c     0x3dd0
                0x0000023c                _image_text_start = .
 *(SORT_BY_ALIGNMENT(.text))
 .text          0x0000023c       0x30 c:/nordicsdk/v1.3.1/toolchain/opt/bin/../lib/gcc/arm-none-eabi/9.2.1/thumb/v8-m.main+fp/hard\libgcc.a(_aeabi_uldivmod.o)
                0x0000023c                __aeabi_uldivmod
 .text          0x0000026c      0x2c0 c:/nordicsdk/v1.3.1/toolchain/opt/bin/../lib/gcc/arm-none-eabi/9.2.1/thumb/v8-m.main+fp/hard\libgcc.a(_udivmoddi4.o)
                0x0000026c                __udivmoddi4
 .text          0x0000052c        0x4 c:/nordicsdk/v1.3.1/toolchain/opt/bin/../lib/gcc/arm-none-eabi/9.2.1/thumb/v8-m.main+fp/hard\libgcc.a(_dvmd_tls.o)
                0x0000052c                __aeabi_idiv0
                0x0000052c                __aeabi_ldiv0
 .text          0x00000530       0x5c c:/nordicsdk/v1.3.1/toolchain/opt/bin/../lib/gcc/arm-none-eabi/9.2.1/thumb/v8-m.main+fp/hard\libgcc.a(cmse_nonsecure_call.o)
                0x00000530                __gnu_cmse_nonsecure_call
 *(SORT_BY_ALIGNMENT(.text.*))
 .text.char_out
                0x0000058c       0x10 zephyr/libzephyr.a(printk.c.obj)
 .text._printk_dec_ulong
                0x0000059c       0xa8 zephyr/libzephyr.a(printk.c.obj)
 .text.z_vprintk
                0x00000644      0x328 zephyr/libzephyr.a(printk.c.obj)
                0x00000644                z_vprintk
 .text.vprintk  0x0000096c       0x1c zephyr/libzephyr.a(printk.c.obj)
                0x0000096c                vprintk
 .text.nordicsemi_nrf91_init
                0x00000988       0x28 zephyr/libzephyr.a(soc.c.obj)
 .text.arch_busy_wait
                0x000009b0       0x14 zephyr/libzephyr.a(soc.c.obj)
                0x000009b0                arch_busy_wait
 .text.clkstarted_handle.constprop.0
                0x000009c4       0x50 zephyr/libzephyr.a(nrf_power_clock.c.obj)
 .text.nrf_power_clock_isr
                0x00000a14       0x54 zephyr/libzephyr.a(nrf_power_clock.c.obj)
                0x00000a14                nrf_power_clock_isr
 .text.handle_next_tick_case
                0x00000a68       0x28 zephyr/libzephyr.a(nrf_rtc_timer.c.obj)
 .text.rtc1_nrf_isr
                0x00000a90       0x24 zephyr/libzephyr.a(nrf_rtc_timer.c.obj)
                0x00000a90                rtc1_nrf_isr
 .text.z_clock_driver_init
                0x00000ab4       0x68 zephyr/libzephyr.a(nrf_rtc_timer.c.obj)
                0x00000ab4                z_clock_driver_init
 .text.z_clock_set_timeout
                0x00000b1c       0xc8 zephyr/libzephyr.a(nrf_rtc_timer.c.obj)
                0x00000b1c                z_clock_set_timeout
 .text.z_clock_elapsed
                0x00000be4       0x34 zephyr/libzephyr.a(nrf_rtc_timer.c.obj)
                0x00000be4                z_clock_elapsed
 .text.config_regions
                0x00000c18       0xb0 zephyr/libzephyr.a(spm.c.obj)
 .text.spm_config_peripheral.constprop.0
                0x00000cc8       0x5c zephyr/libzephyr.a(spm.c.obj)
 .text.spm_jump
                0x00000d24       0xd4 zephyr/libzephyr.a(spm.c.obj)
                0x00000d24                spm_jump
 .text.spm_config
                0x00000df8      0x130 zephyr/libzephyr.a(spm.c.obj)
                0x00000df8                spm_config
 .text.spm_request_read
                0x00000f28       0xb0 zephyr/libzephyr.a(secure_services.c.obj)
                0x00000f28                __acle_se_spm_request_read
 .text.spm_firmware_info
                0x00000fd8       0xd4 zephyr/libzephyr.a(secure_services.c.obj)
                0x00000fd8                __acle_se_spm_firmware_info
 .text.nrf_cc310_platform_abort_init
                0x000010ac        0xc zephyr/libzephyr.a(nrf_cc310_platform_abort_zephyr.c.obj)
                0x000010ac                nrf_cc310_platform_abort_init
 .text.mutex_unlock
                0x000010b8       0x20 zephyr/libzephyr.a(nrf_cc310_platform_mutex_zephyr.c.obj)
 .text.mutex_free
                0x000010d8       0x40 zephyr/libzephyr.a(nrf_cc310_platform_mutex_zephyr.c.obj)
 .text.mutex_init
                0x00001118       0x68 zephyr/libzephyr.a(nrf_cc310_platform_mutex_zephyr.c.obj)
 .text.mutex_lock
                0x00001180       0x34 zephyr/libzephyr.a(nrf_cc310_platform_mutex_zephyr.c.obj)
 .text.nrf_cc310_platform_mutex_init
                0x000011b4       0x2c zephyr/libzephyr.a(nrf_cc310_platform_mutex_zephyr.c.obj)
                0x000011b4                nrf_cc310_platform_mutex_init
 .text.arch_swap
                0x000011e0       0x34 zephyr/arch/arch/arm/core/aarch32/libarch__arm__core__aarch32.a(swap.c.obj)
                0x000011e0                arch_swap
 .text.z_arm_pendsv
                0x00001214       0x48 zephyr/arch/arch/arm/core/aarch32/libarch__arm__core__aarch32.a(swap_helper.S.obj)
                0x00001214                z_arm_pendsv
 .text.z_arm_svc
                0x0000125c       0x20 zephyr/arch/arch/arm/core/aarch32/libarch__arm__core__aarch32.a(swap_helper.S.obj)
                0x0000125c                z_arm_svc
 .text.arch_irq_enable
                0x0000127c       0x20 zephyr/arch/arch/arm/core/aarch32/libarch__arm__core__aarch32.a(irq_manage.c.obj)
                0x0000127c                arch_irq_enable
 .text.z_arm_irq_priority_set
                0x0000129c       0x2c zephyr/arch/arch/arm/core/aarch32/libarch__arm__core__aarch32.a(irq_manage.c.obj)
                0x0000129c                z_arm_irq_priority_set
 .text.arch_new_thread
                0x000012c8       0x34 zephyr/arch/arch/arm/core/aarch32/libarch__arm__core__aarch32.a(thread.c.obj)
                0x000012c8                arch_new_thread
 .text.arch_switch_to_main_thread
                0x000012fc       0x3c zephyr/arch/arch/arm/core/aarch32/libarch__arm__core__aarch32.a(thread.c.obj)
                0x000012fc                arch_switch_to_main_thread
 .text.z_arm_cpu_idle_init
                0x00001338        0xc zephyr/arch/arch/arm/core/aarch32/libarch__arm__core__aarch32.a(cpu_idle.S.obj)
                0x00001338                z_arm_cpu_idle_init
 .text.arch_cpu_idle
                0x00001344       0x1c zephyr/arch/arch/arm/core/aarch32/libarch__arm__core__aarch32.a(cpu_idle.S.obj)
                0x00001344                arch_cpu_idle
 .text.z_SysNmiOnReset
                0x00001360        0x8 zephyr/arch/arch/arm/core/aarch32/libarch__arm__core__aarch32.a(nmi_on_reset.S.obj)
                0x00001360                z_SysNmiOnReset
 .text.z_arm_prep_c
                0x00001368       0x6c zephyr/arch/arch/arm/core/aarch32/libarch__arm__core__aarch32.a(prep_c.c.obj)
                0x00001368                z_arm_prep_c
 .text._isr_wrapper
                0x000013d4       0x40 zephyr/arch/arch/arm/core/aarch32/libarch__arm__core__aarch32.a(isr_wrapper.S.obj)
                0x000013d4                _isr_wrapper
 .text._reset_section
                0x00001414       0x30 zephyr/arch/arch/arm/core/aarch32/cortex_m/libarch__arm__core__aarch32__cortex_m.a(reset.S.obj)
                0x00001414                __start
                0x00001414                z_arm_reset
 .text.__fault  0x00001444       0x14 zephyr/arch/arch/arm/core/aarch32/cortex_m/libarch__arm__core__aarch32__cortex_m.a(fault_s.S.obj)
                0x00001444                z_arm_bus_fault
                0x00001444                z_arm_usage_fault
                0x00001444                z_arm_mpu_fault
                0x00001444                z_arm_exc_spurious
                0x00001444                z_arm_debug_monitor
                0x00001444                z_arm_hard_fault
                0x00001444                z_arm_secure_fault
 .text.mem_manage_fault.isra.0
                0x00001458       0x38 zephyr/arch/arch/arm/core/aarch32/cortex_m/libarch__arm__core__aarch32__cortex_m.a(fault.c.obj)
 .text.bus_fault.isra.0
                0x00001490       0x3c zephyr/arch/arch/arm/core/aarch32/cortex_m/libarch__arm__core__aarch32__cortex_m.a(fault.c.obj)
 .text.usage_fault.isra.0
                0x000014cc       0x24 zephyr/arch/arch/arm/core/aarch32/cortex_m/libarch__arm__core__aarch32__cortex_m.a(fault.c.obj)
 .text.secure_fault.isra.0
                0x000014f0       0x3c zephyr/arch/arch/arm/core/aarch32/cortex_m/libarch__arm__core__aarch32__cortex_m.a(fault.c.obj)
 .text.z_arm_fault
                0x0000152c      0x118 zephyr/arch/arch/arm/core/aarch32/cortex_m/libarch__arm__core__aarch32__cortex_m.a(fault.c.obj)
                0x0000152c                z_arm_fault
 .text.z_arm_fault_init
                0x00001644       0x10 zephyr/arch/arch/arm/core/aarch32/cortex_m/libarch__arm__core__aarch32__cortex_m.a(fault.c.obj)
                0x00001644                z_arm_fault_init
 .text._HandlerModeExit
                0x00001654       0x1c zephyr/arch/arch/arm/core/aarch32/cortex_m/libarch__arm__core__aarch32__cortex_m.a(exc_exit.S.obj)
                0x00001654                z_arm_int_exit
                0x00001654                z_arm_exc_exit
 .text.sys_arch_reboot
                0x00001670       0x24 zephyr/arch/arch/arm/core/aarch32/cortex_m/libarch__arm__core__aarch32__cortex_m.a(scb.c.obj)
                0x00001670                sys_arch_reboot
 .text.z_arm_interrupt_init
                0x00001694       0x18 zephyr/arch/arch/arm/core/aarch32/cortex_m/libarch__arm__core__aarch32__cortex_m.a(irq_init.c.obj)
                0x00001694                z_arm_interrupt_init
 .text.z_impl_k_thread_abort
                0x000016ac       0x4c zephyr/arch/arch/arm/core/aarch32/cortex_m/libarch__arm__core__aarch32__cortex_m.a(thread_abort.c.obj)
                0x000016ac                z_impl_k_thread_abort
 .text.z_arm_configure_static_mpu_regions
                0x000016f8       0x54 zephyr/arch/arch/arm/core/aarch32/cortex_m/mpu/libarch__arm__core__aarch32__cortex_m__mpu.a(arm_core_mpu.c.obj)
                0x000016f8                z_arm_configure_static_mpu_regions
 .text.region_init
                0x0000174c       0x30 zephyr/arch/arch/arm/core/aarch32/cortex_m/mpu/libarch__arm__core__aarch32__cortex_m__mpu.a(arm_mpu.c.obj)
 .text.mpu_configure_regions_and_partition.constprop.0
                0x0000177c      0x13c zephyr/arch/arch/arm/core/aarch32/cortex_m/mpu/libarch__arm__core__aarch32__cortex_m__mpu.a(arm_mpu.c.obj)
 .text.arm_core_mpu_enable
                0x000018b8       0x14 zephyr/arch/arch/arm/core/aarch32/cortex_m/mpu/libarch__arm__core__aarch32__cortex_m__mpu.a(arm_mpu.c.obj)
                0x000018b8                arm_core_mpu_enable
 .text.arm_core_mpu_disable
                0x000018cc       0x10 zephyr/arch/arch/arm/core/aarch32/cortex_m/mpu/libarch__arm__core__aarch32__cortex_m__mpu.a(arm_mpu.c.obj)
                0x000018cc                arm_core_mpu_disable
 .text.arm_mpu_init
                0x000018dc       0x4c zephyr/arch/arch/arm/core/aarch32/cortex_m/mpu/libarch__arm__core__aarch32__cortex_m__mpu.a(arm_mpu.c.obj)
 .text.arm_core_mpu_configure_static_mpu_regions
                0x00001928       0x14 zephyr/arch/arch/arm/core/aarch32/cortex_m/mpu/libarch__arm__core__aarch32__cortex_m__mpu.a(arm_mpu.c.obj)
                0x00001928                arm_core_mpu_configure_static_mpu_regions
 .text.arm_core_mpu_mark_areas_for_dynamic_regions
                0x0000193c       0xac zephyr/arch/arch/arm/core/aarch32/cortex_m/mpu/libarch__arm__core__aarch32__cortex_m__mpu.a(arm_mpu.c.obj)
                0x0000193c                arm_core_mpu_mark_areas_for_dynamic_regions
 .text.tz_nonsecure_state_setup
                0x000019e8       0x38 zephyr/arch/arch/arm/core/aarch32/cortex_m/tz/libarch__arm__core__aarch32__cortex_m__tz.a(arm_core_tz.c.obj)
                0x000019e8                tz_nonsecure_state_setup
 .text.tz_nbanked_exception_target_state_set
                0x00001a20       0x28 zephyr/arch/arch/arm/core/aarch32/cortex_m/tz/libarch__arm__core__aarch32__cortex_m__tz.a(arm_core_tz.c.obj)
                0x00001a20                tz_nbanked_exception_target_state_set
 .text.tz_nonsecure_exception_prio_config
                0x00001a48       0x28 zephyr/arch/arch/arm/core/aarch32/cortex_m/tz/libarch__arm__core__aarch32__cortex_m__tz.a(arm_core_tz.c.obj)
                0x00001a48                tz_nonsecure_exception_prio_config
 .text.tz_nonsecure_system_reset_req_block
                0x00001a70       0x28 zephyr/arch/arch/arm/core/aarch32/cortex_m/tz/libarch__arm__core__aarch32__cortex_m__tz.a(arm_core_tz.c.obj)
                0x00001a70                tz_nonsecure_system_reset_req_block
 .text.tz_nonsecure_fpu_access_enable
                0x00001a98       0x14 zephyr/arch/arch/arm/core/aarch32/cortex_m/tz/libarch__arm__core__aarch32__cortex_m__tz.a(arm_core_tz.c.obj)
                0x00001a98                tz_nonsecure_fpu_access_enable
 .text.tz_sau_configure
                0x00001aac       0x28 zephyr/arch/arch/arm/core/aarch32/cortex_m/tz/libarch__arm__core__aarch32__cortex_m__tz.a(arm_core_tz.c.obj)
                0x00001aac                tz_sau_configure
 .text.check_ext_api_requests
                0x00001ad4       0x9c modules/nrf/subsys/fw_info/lib..__nrf__subsys__fw_info.a(fw_info.c.obj)
 .text.nrf91_errata_6
                0x00001b70       0x20 modules/nordic/lib..__modules__hal__nordic.a(system_nrf9160.c.obj)
 .text.nrf91_errata_14
                0x00001b90       0x1c modules/nordic/lib..__modules__hal__nordic.a(system_nrf9160.c.obj)
 .text.SystemInit
                0x00001bac      0x170 modules/nordic/lib..__modules__hal__nordic.a(system_nrf9160.c.obj)
                0x00001bac                SystemInit
 .text.z_sys_init_run_level
                0x00001d1c       0x2c zephyr/kernel/libkernel.a(device.c.obj)
                0x00001d1c                z_sys_init_run_level
 .text.z_impl_device_get_binding
                0x00001d48       0x48 zephyr/kernel/libkernel.a(device.c.obj)
                0x00001d48                z_impl_device_get_binding
 .text.idle     0x00001d90       0x34 zephyr/kernel/libkernel.a(idle.c.obj)
                0x00001d90                idle
 .text.z_bss_zero
                0x00001dc4       0x14 zephyr/kernel/libkernel.a(init.c.obj)
                0x00001dc4                z_bss_zero
 .text.z_data_copy
                0x00001dd8       0x34 zephyr/kernel/libkernel.a(init.c.obj)
                0x00001dd8                z_data_copy
 .text.bg_thread_main
                0x00001e0c       0x30 zephyr/kernel/libkernel.a(init.c.obj)
 .text.z_cstart
                0x00001e3c      0x10c zephyr/kernel/libkernel.a(init.c.obj)
                0x00001e3c                z_cstart
 .text.init_mem_slab_module
                0x00001f48       0x44 zephyr/kernel/libkernel.a(mem_slab.c.obj)
 .text.k_mem_slab_alloc
                0x00001f8c       0x64 zephyr/kernel/libkernel.a(mem_slab.c.obj)
                0x00001f8c                k_mem_slab_alloc
 .text.k_mem_slab_free
                0x00001ff0       0x54 zephyr/kernel/libkernel.a(mem_slab.c.obj)
                0x00001ff0                k_mem_slab_free
 .text.z_impl_k_mutex_lock
                0x00002044       0xf0 zephyr/kernel/libkernel.a(mutex.c.obj)
                0x00002044                z_impl_k_mutex_lock
 .text.z_impl_k_mutex_unlock
                0x00002134       0x8c zephyr/kernel/libkernel.a(mutex.c.obj)
                0x00002134                z_impl_k_mutex_unlock
 .text.z_reset_time_slice
                0x000021c0       0x2c zephyr/kernel/libkernel.a(sched.c.obj)
                0x000021c0                z_reset_time_slice
 .text.k_sched_time_slice_set
                0x000021ec       0x58 zephyr/kernel/libkernel.a(sched.c.obj)
                0x000021ec                k_sched_time_slice_set
 .text.k_sched_lock
                0x00002244       0x28 zephyr/kernel/libkernel.a(sched.c.obj)
                0x00002244                k_sched_lock
 .text.z_priq_dumb_remove
                0x0000226c       0x2c zephyr/kernel/libkernel.a(sched.c.obj)
                0x0000226c                z_priq_dumb_remove
 .text.update_cache
                0x00002298       0x48 zephyr/kernel/libkernel.a(sched.c.obj)
 .text.k_sched_unlock
                0x000022e0       0x38 zephyr/kernel/libkernel.a(sched.c.obj)
                0x000022e0                k_sched_unlock
 .text.ready_thread
                0x00002318       0x68 zephyr/kernel/libkernel.a(sched.c.obj)
 .text.z_sched_start
                0x00002380       0x3c zephyr/kernel/libkernel.a(sched.c.obj)
                0x00002380                z_sched_start
 .text.z_move_thread_to_end_of_prio_q
                0x000023bc       0x8c zephyr/kernel/libkernel.a(sched.c.obj)
                0x000023bc                z_move_thread_to_end_of_prio_q
 .text.z_time_slice
                0x00002448       0x6c zephyr/kernel/libkernel.a(sched.c.obj)
                0x00002448                z_time_slice
 .text.z_thread_single_abort
                0x000024b4       0xb8 zephyr/kernel/libkernel.a(sched.c.obj)
                0x000024b4                z_thread_single_abort
 .text.unready_thread
                0x0000256c       0x34 zephyr/kernel/libkernel.a(sched.c.obj)
 .text.pend     0x000025a0       0x4c zephyr/kernel/libkernel.a(sched.c.obj)
 .text.z_pend_curr
                0x000025ec       0x28 zephyr/kernel/libkernel.a(sched.c.obj)
                0x000025ec                z_pend_curr
 .text.z_set_prio
                0x00002614       0x88 zephyr/kernel/libkernel.a(sched.c.obj)
                0x00002614                z_set_prio
 .text.z_sched_init
                0x0000269c       0x18 zephyr/kernel/libkernel.a(sched.c.obj)
                0x0000269c                z_sched_init
 .text.z_impl_k_current_get
                0x000026b4        0xc zephyr/kernel/libkernel.a(sched.c.obj)
                0x000026b4                z_impl_k_current_get
 .text.z_setup_new_thread
                0x000026c0       0x4c zephyr/kernel/libkernel.a(thread.c.obj)
                0x000026c0                z_setup_new_thread
 .text.z_init_static_threads
                0x0000270c       0xc4 zephyr/kernel/libkernel.a(thread.c.obj)
                0x0000270c                z_init_static_threads
 .text.elapsed  0x000027d0       0x14 zephyr/kernel/libkernel.a(timeout.c.obj)
 .text.remove_timeout
                0x000027e4       0x28 zephyr/kernel/libkernel.a(timeout.c.obj)
 .text.next_timeout
                0x0000280c       0x38 zephyr/kernel/libkernel.a(timeout.c.obj)
 .text.z_add_timeout
                0x00002844       0xf4 zephyr/kernel/libkernel.a(timeout.c.obj)
                0x00002844                z_add_timeout
 .text.z_clock_announce
                0x00002938       0xa8 zephyr/kernel/libkernel.a(timeout.c.obj)
                0x00002938                z_clock_announce
 .text.statics_init
                0x000029e0       0x24 zephyr/kernel/libkernel.a(kheap.c.obj)
 .text.CC_PalMemCopyPlat
                0x00002a04        0x4 modules/nrfxlib/nrf_security/src/mbedtls/cc310/libmbedcrypto_cc310.a(cc_pal_mem.c.obj)
                0x00002a04                CC_PalMemCopyPlat
 .text.CC_PalMemSetZeroPlat
                0x00002a08        0x8 modules/nrfxlib/nrf_security/src/mbedtls/cc310/libmbedcrypto_cc310.a(cc_pal_mem.c.obj)
                0x00002a08                CC_PalMemSetZeroPlat
 .text.CC_PalInit
                0x00002a10       0x5c modules/nrfxlib/nrf_security/src/mbedtls/cc310/libmbedcrypto_cc310.a(cc_pal.c.obj)
                0x00002a10                CC_PalInit
 .text.CC_PalTerminate
                0x00002a6c       0x34 modules/nrfxlib/nrf_security/src/mbedtls/cc310/libmbedcrypto_cc310.a(cc_pal.c.obj)
                0x00002a6c                CC_PalTerminate
 .text.CC_PalDmaInit
                0x00002aa0        0x4 modules/nrfxlib/nrf_security/src/mbedtls/cc310/libmbedcrypto_cc310.a(cc_pal_dma.c.obj)
                0x00002aa0                CC_PalDmaInit
 .text.CC_PalDmaTerminate
                0x00002aa4        0x4 modules/nrfxlib/nrf_security/src/mbedtls/cc310/libmbedcrypto_cc310.a(cc_pal_dma.c.obj)
                0x00002aa4                CC_PalDmaTerminate
 .text.CC_PalMutexCreate
                0x00002aa8       0x14 modules/nrfxlib/nrf_security/src/mbedtls/cc310/libmbedcrypto_cc310.a(cc_pal_mutex.c.obj)
                0x00002aa8                CC_PalMutexCreate
 .text.CC_PalMutexDestroy
                0x00002abc       0x14 modules/nrfxlib/nrf_security/src/mbedtls/cc310/libmbedcrypto_cc310.a(cc_pal_mutex.c.obj)
                0x00002abc                CC_PalMutexDestroy
 .text.CC_PalMutexLock
                0x00002ad0       0x10 modules/nrfxlib/nrf_security/src/mbedtls/cc310/libmbedcrypto_cc310.a(cc_pal_mutex.c.obj)
                0x00002ad0                CC_PalMutexLock
 .text.CC_PalMutexUnlock
                0x00002ae0       0x14 modules/nrfxlib/nrf_security/src/mbedtls/cc310/libmbedcrypto_cc310.a(cc_pal_mutex.c.obj)
                0x00002ae0                CC_PalMutexUnlock
 .text.CC_PalPowerSaveModeInit
                0x00002af4       0x3c modules/nrfxlib/nrf_security/src/mbedtls/cc310/libmbedcrypto_cc310.a(cc_pal_pm.c.obj)
                0x00002af4                CC_PalPowerSaveModeInit
 .text.CC_PalPowerSaveModeSelect
                0x00002b30       0x84 modules/nrfxlib/nrf_security/src/mbedtls/cc310/libmbedcrypto_cc310.a(cc_pal_pm.c.obj)
                0x00002b30                CC_PalPowerSaveModeSelect
 .text.CC_HalInit
                0x00002bb4        0x4 modules/nrfxlib/nrf_security/src/mbedtls/cc310/libmbedcrypto_cc310.a(cc_hal.c.obj)
                0x00002bb4                CC_HalInit
 .text.CC_HalTerminate
                0x00002bb8        0x4 modules/nrfxlib/nrf_security/src/mbedtls/cc310/libmbedcrypto_cc310.a(cc_hal.c.obj)
                0x00002bb8                CC_HalTerminate
 .text.CC_HalClearInterruptBit
                0x00002bbc       0x1c modules/nrfxlib/nrf_security/src/mbedtls/cc310/libmbedcrypto_cc310.a(cc_hal.c.obj)
                0x00002bbc                CC_HalClearInterruptBit
 .text.CC_HalMaskInterrupt
                0x00002bd8        0xc modules/nrfxlib/nrf_security/src/mbedtls/cc310/libmbedcrypto_cc310.a(cc_hal.c.obj)
                0x00002bd8                CC_HalMaskInterrupt
 .text.CC_HalWaitInterruptRND
                0x00002be4        0xc modules/nrfxlib/nrf_security/src/mbedtls/cc310/libmbedcrypto_cc310.a(cc_hal.c.obj)
                0x00002be4                CC_HalWaitInterruptRND
 .text.CC_PalWaitInterruptRND
                0x00002bf0       0x30 modules/nrfxlib/nrf_security/src/mbedtls/cc310/libmbedcrypto_cc310.a(cc_pal_interrupt_ctrl.c.obj)
                0x00002bf0                CC_PalWaitInterruptRND
 .text.mbedtls_platform_setup
                0x00002c20        0x4 C:/NordicSDK/v1.3.1/nrfxlib/crypto/nrf_cc310_platform/lib/cortex-m33/hard-float/no-interrupts/libnrf_cc310_platform_0.9.2.a(platform_alt.c.obj)
                0x00002c20                mbedtls_platform_setup
 .text.mbedtls_platform_zeroize
                0x00002c24       0x14 C:/NordicSDK/v1.3.1/nrfxlib/crypto/nrf_cc310_platform/lib/cortex-m33/hard-float/no-interrupts/libnrf_cc310_platform_0.9.2.a(mbedtls_common.c.obj)
                0x00002c24                mbedtls_platform_zeroize
 .text.mbedtls_hardware_poll
                0x00002c38       0xb0 C:/NordicSDK/v1.3.1/nrfxlib/crypto/nrf_cc310_platform/lib/cortex-m33/hard-float/no-interrupts/libnrf_cc310_platform_0.9.2.a(trng_api.c.obj)
                0x00002c38                mbedtls_hardware_poll
 .text.RNG_PLAT_SetUserRngParameters
                0x00002ce8       0x7c C:/NordicSDK/v1.3.1/nrfxlib/crypto/nrf_cc310_platform/lib/cortex-m33/hard-float/no-interrupts/libnrf_cc310_platform_0.9.2.a(cc_rng_plat.c.obj)
                0x00002ce8                RNG_PLAT_SetUserRngParameters
 .text.nrf_cc310_platform_init
                0x00002d64       0x44 C:/NordicSDK/v1.3.1/nrfxlib/crypto/nrf_cc310_platform/lib/cortex-m33/hard-float/no-interrupts/libnrf_cc310_platform_0.9.2.a(nrf_cc310_platform.c.obj)
                0x00002d64                nrf_cc310_platform_init
 .text.nrf_cc310_platform_init_no_rng
                0x00002da8       0x34 C:/NordicSDK/v1.3.1/nrfxlib/crypto/nrf_cc310_platform/lib/cortex-m33/hard-float/no-interrupts/libnrf_cc310_platform_0.9.2.a(nrf_cc310_platform.c.obj)
                0x00002da8                nrf_cc310_platform_init_no_rng
 .text.nrf_cc310_platform_abort
                0x00002ddc       0x24 C:/NordicSDK/v1.3.1/nrfxlib/crypto/nrf_cc310_platform/lib/cortex-m33/hard-float/no-interrupts/libnrf_cc310_platform_0.9.2.a(nrf_cc310_platform_abort.c.obj)
 .text.CC_PalAbort
                0x00002e00        0xc C:/NordicSDK/v1.3.1/nrfxlib/crypto/nrf_cc310_platform/lib/cortex-m33/hard-float/no-interrupts/libnrf_cc310_platform_0.9.2.a(nrf_cc310_platform_abort.c.obj)
                0x00002e00                CC_PalAbort
 .text.nrf_cc310_platform_set_abort
                0x00002e0c       0x10 C:/NordicSDK/v1.3.1/nrfxlib/crypto/nrf_cc310_platform/lib/cortex-m33/hard-float/no-interrupts/libnrf_cc310_platform_0.9.2.a(nrf_cc310_platform_abort.c.obj)
                0x00002e0c                nrf_cc310_platform_set_abort
 .text.mutex_free
                0x00002e1c        0x4 C:/NordicSDK/v1.3.1/nrfxlib/crypto/nrf_cc310_platform/lib/cortex-m33/hard-float/no-interrupts/libnrf_cc310_platform_0.9.2.a(nrf_cc310_platform_mutex.c.obj)
 .text.mutex_unlock
                0x00002e20       0x24 C:/NordicSDK/v1.3.1/nrfxlib/crypto/nrf_cc310_platform/lib/cortex-m33/hard-float/no-interrupts/libnrf_cc310_platform_0.9.2.a(nrf_cc310_platform_mutex.c.obj)
 .text.mutex_init
                0x00002e44       0x1c C:/NordicSDK/v1.3.1/nrfxlib/crypto/nrf_cc310_platform/lib/cortex-m33/hard-float/no-interrupts/libnrf_cc310_platform_0.9.2.a(nrf_cc310_platform_mutex.c.obj)
 .text.mutex_lock
                0x00002e60       0x1c C:/NordicSDK/v1.3.1/nrfxlib/crypto/nrf_cc310_platform/lib/cortex-m33/hard-float/no-interrupts/libnrf_cc310_platform_0.9.2.a(nrf_cc310_platform_mutex.c.obj)
 .text.nrf_cc310_platform_set_mutexes
                0x00002e7c       0x38 C:/NordicSDK/v1.3.1/nrfxlib/crypto/nrf_cc310_platform/lib/cortex-m33/hard-float/no-interrupts/libnrf_cc310_platform_0.9.2.a(nrf_cc310_platform_mutex.c.obj)
                0x00002e7c                nrf_cc310_platform_set_mutexes
 .text.CC_LibInitNoRng
                0x00002eb4       0x6c C:/NordicSDK/v1.3.1/nrfxlib/crypto/nrf_cc310_platform/lib/cortex-m33/hard-float/no-interrupts/libnrf_cc310_platform_0.9.2.a(cc_lib.c.obj)
                0x00002eb4                CC_LibInitNoRng
 .text.CC_LibInitRngModule
                0x00002f20       0xb8 C:/NordicSDK/v1.3.1/nrfxlib/crypto/nrf_cc310_platform/lib/cortex-m33/hard-float/no-interrupts/libnrf_cc310_platform_0.9.2.a(cc_lib.c.obj)
                0x00002f20                CC_LibInitRngModule
 .text.CC_LibInit
                0x00002fd8       0x84 C:/NordicSDK/v1.3.1/nrfxlib/crypto/nrf_cc310_platform/lib/cortex-m33/hard-float/no-interrupts/libnrf_cc310_platform_0.9.2.a(cc_lib.c.obj)
                0x00002fd8                CC_LibInit
 .text.CC_PalTrngParamGet
                0x0000305c      0x10c C:/NordicSDK/v1.3.1/nrfxlib/crypto/nrf_cc310_platform/lib/cortex-m33/hard-float/no-interrupts/libnrf_cc310_platform_0.9.2.a(cc_pal_trng.c.obj)
                0x0000305c                CC_PalTrngParamGet
 .text.LLF_RND_AdaptiveProportionTest
                0x00003168       0x7c C:/NordicSDK/v1.3.1/nrfxlib/crypto/nrf_cc310_platform/lib/cortex-m33/hard-float/no-interrupts/libnrf_cc310_platform_0.9.2.a(llf_rnd_trng90b.c.obj)
                0x00003168                LLF_RND_AdaptiveProportionTest
 .text.getTrngSource
                0x000031e4      0x4b0 C:/NordicSDK/v1.3.1/nrfxlib/crypto/nrf_cc310_platform/lib/cortex-m33/hard-float/no-interrupts/libnrf_cc310_platform_0.9.2.a(llf_rnd_trng90b.c.obj)
 .text.LLF_RND_GetTrngSource
                0x00003694       0x88 C:/NordicSDK/v1.3.1/nrfxlib/crypto/nrf_cc310_platform/lib/cortex-m33/hard-float/no-interrupts/libnrf_cc310_platform_0.9.2.a(llf_rnd_trng90b.c.obj)
                0x00003694                LLF_RND_GetTrngSource
 .text.LLF_RND_RunTrngStartupTest
                0x0000371c       0x1c C:/NordicSDK/v1.3.1/nrfxlib/crypto/nrf_cc310_platform/lib/cortex-m33/hard-float/no-interrupts/libnrf_cc310_platform_0.9.2.a(llf_rnd_trng90b.c.obj)
                0x0000371c                LLF_RND_RunTrngStartupTest
 .text.LLF_RND_WaitRngInterrupt
                0x00003738       0x20 C:/NordicSDK/v1.3.1/nrfxlib/crypto/nrf_cc310_platform/lib/cortex-m33/hard-float/no-interrupts/libnrf_cc310_platform_0.9.2.a(llf_rnd.c.obj)
                0x00003738                LLF_RND_WaitRngInterrupt
 .text.LLF_RND_GetRoscSampleCnt
                0x00003758       0x3c C:/NordicSDK/v1.3.1/nrfxlib/crypto/nrf_cc310_platform/lib/cortex-m33/hard-float/no-interrupts/libnrf_cc310_platform_0.9.2.a(llf_rnd.c.obj)
                0x00003758                LLF_RND_GetRoscSampleCnt
 .text.LLF_RND_GetFastestRosc
                0x00003794       0x20 C:/NordicSDK/v1.3.1/nrfxlib/crypto/nrf_cc310_platform/lib/cortex-m33/hard-float/no-interrupts/libnrf_cc310_platform_0.9.2.a(llf_rnd.c.obj)
                0x00003794                LLF_RND_GetFastestRosc
 .text.LLF_RND_TurnOffTrng
                0x000037b4       0x1c C:/NordicSDK/v1.3.1/nrfxlib/crypto/nrf_cc310_platform/lib/cortex-m33/hard-float/no-interrupts/libnrf_cc310_platform_0.9.2.a(llf_rnd.c.obj)
                0x000037b4                LLF_RND_TurnOffTrng
 .text.main     0x000037d0        0xe app/libapp.a(main.c.obj)
                0x000037d0                main
 .text.arch_printk_char_out
                0x000037de        0x4 zephyr/libzephyr.a(printk.c.obj)
                0x000037de                arch_printk_char_out
 .text.print_err
                0x000037e2       0x1c zephyr/libzephyr.a(printk.c.obj)
 .text.printk   0x000037fe       0x1a zephyr/libzephyr.a(printk.c.obj)
                0x000037fe                printk
 .text.z_thread_entry
                0x00003818       0x14 zephyr/libzephyr.a(thread_entry.c.obj)
                0x00003818                z_thread_entry
 .text.chunk_field
                0x0000382c       0x18 zephyr/libzephyr.a(heap.c.obj)
 .text.chunk_set
                0x00003844       0x1a zephyr/libzephyr.a(heap.c.obj)
 .text.free_list_add
                0x0000385e       0x9a zephyr/libzephyr.a(heap.c.obj)
 .text.sys_heap_init
                0x000038f8       0x88 zephyr/libzephyr.a(heap.c.obj)
                0x000038f8                sys_heap_init
 .text._ConfigAbsSyms
                0x00003980        0x2 zephyr/libzephyr.a(configs.c.obj)
                0x00003980                _ConfigAbsSyms
 .text.z_platform_init
                0x00003982        0x4 zephyr/libzephyr.a(soc.c.obj)
                0x00003982                z_platform_init
 .text.get_status
                0x00003986       0x1c zephyr/libzephyr.a(nrf_power_clock.c.obj)
 .text.clock_stop
                0x000039a2       0x52 zephyr/libzephyr.a(nrf_power_clock.c.obj)
 .text.clock_async_start
                0x000039f4       0xc8 zephyr/libzephyr.a(nrf_power_clock.c.obj)
 .text.clock_start
                0x00003abc        0x6 zephyr/libzephyr.a(nrf_power_clock.c.obj)
 .text.clk_init
                0x00003ac2       0x34 zephyr/libzephyr.a(nrf_power_clock.c.obj)
 .text.z_clock_isr
                0x00003af6        0x2 zephyr/libzephyr.a(sys_clock_init.c.obj)
                0x00003af6                z_clock_isr
 .text.z_clock_idle_exit
                0x00003af8        0x2 zephyr/libzephyr.a(sys_clock_init.c.obj)
                0x00003af8                z_clock_idle_exit
 .text.spm_secure_services_init
                0x00003afa       0x14 zephyr/libzephyr.a(secure_services.c.obj)
                0x00003afa                spm_secure_services_init
 .text.spm_request_random_number
                0x00003b0e       0x82 zephyr/libzephyr.a(secure_services.c.obj)
                0x00003b0e                __acle_se_spm_request_random_number
 .text.abort_function
                0x00003b90        0x2 zephyr/libzephyr.a(nrf_cc310_platform_abort_zephyr.c.obj)
 .text.z_irq_spurious
                0x00003b92        0x8 zephyr/arch/arch/arm/core/aarch32/libarch__arm__core__aarch32.a(irq_manage.c.obj)
                0x00003b92                z_irq_spurious
 .text.irq_target_state_set
                0x00003b9a       0x52 zephyr/arch/arch/arm/core/aarch32/libarch__arm__core__aarch32.a(irq_manage.c.obj)
                0x00003b9a                irq_target_state_set
 .text.z_arm_fatal_error
                0x00003bec        0x4 zephyr/arch/arch/arm/core/aarch32/libarch__arm__core__aarch32.a(fatal.c.obj)
                0x00003bec                z_arm_fatal_error
 .text.z_do_kernel_oops
                0x00003bf0        0x8 zephyr/arch/arch/arm/core/aarch32/libarch__arm__core__aarch32.a(fatal.c.obj)
                0x00003bf0                z_do_kernel_oops
 .text.z_arm_nmi
                0x00003bf8        0xe zephyr/arch/arch/arm/core/aarch32/libarch__arm__core__aarch32.a(nmi.c.obj)
                0x00003bf8                z_arm_nmi
 .text.mpu_configure_region
                0x00003c06       0x40 zephyr/arch/arch/arm/core/aarch32/cortex_m/mpu/libarch__arm__core__aarch32__cortex_m__mpu.a(arm_mpu.c.obj)
 .text.arm_cmse_mpu_region_get
                0x00003c46       0x14 zephyr/arch/arch/arm/core/aarch32/cortex_m/cmse/libarch__arm__core__aarch32__cortex_m__cmse.a(arm_core_cmse.c.obj)
                0x00003c46                arm_cmse_mpu_region_get
 .text.strcmp   0x00003c5a       0x18 zephyr/lib/libc/minimal/liblib__libc__minimal.a(string.c.obj)
                0x00003c5a                strcmp
 .text.memcmp   0x00003c72       0x20 zephyr/lib/libc/minimal/liblib__libc__minimal.a(string.c.obj)
                0x00003c72                memcmp
 .text.memmove  0x00003c92       0x2e zephyr/lib/libc/minimal/liblib__libc__minimal.a(string.c.obj)
                0x00003c92                memmove
 .text.memcpy   0x00003cc0       0x56 zephyr/lib/libc/minimal/liblib__libc__minimal.a(string.c.obj)
                0x00003cc0                memcpy
 .text.memset   0x00003d16       0x46 zephyr/lib/libc/minimal/liblib__libc__minimal.a(string.c.obj)
                0x00003d16                memset
 .text.k_sys_fatal_error_handler
                0x00003d5c        0x8 modules/nrf/lib/fatal_error/lib..__nrf__lib__fatal_error.a(fatal_error.c.obj)
                0x00003d5c                k_sys_fatal_error_handler
 .text.hw_cc310_init
                0x00003d64       0x12 modules/nrf/drivers/hw_cc310/lib..__nrf__drivers__hw_cc310.a(hw_cc310.c.obj)
 .text.z_fatal_error
                0x00003d76       0x38 zephyr/kernel/libkernel.a(fatal.c.obj)
                0x00003d76                z_fatal_error
 .text.z_sys_power_save_idle_exit
                0x00003dae        0x4 zephyr/kernel/libkernel.a(idle.c.obj)
                0x00003dae                z_sys_power_save_idle_exit
 .text.k_mem_slab_init
                0x00003db2       0x36 zephyr/kernel/libkernel.a(mem_slab.c.obj)
                0x00003db2                k_mem_slab_init
 .text.z_impl_k_mutex_init
                0x00003de8        0xe zephyr/kernel/libkernel.a(mutex.c.obj)
                0x00003de8                z_impl_k_mutex_init
 .text.z_reschedule
                0x00003df6       0x16 zephyr/kernel/libkernel.a(sched.c.obj)
                0x00003df6                z_reschedule
 .text.z_reschedule_irqlock
                0x00003e0c       0x18 zephyr/kernel/libkernel.a(sched.c.obj)
                0x00003e0c                z_reschedule_irqlock
 .text.z_reschedule_unlocked
                0x00003e24       0x14 zephyr/kernel/libkernel.a(sched.c.obj)
 .text.z_priq_dumb_best
                0x00003e38       0x14 zephyr/kernel/libkernel.a(sched.c.obj)
                0x00003e38                z_priq_dumb_best
 .text.z_ready_thread
                0x00003e4c       0x20 zephyr/kernel/libkernel.a(sched.c.obj)
                0x00003e4c                z_ready_thread
 .text.z_thread_timeout
                0x00003e6c       0x56 zephyr/kernel/libkernel.a(sched.c.obj)
                0x00003e6c                z_thread_timeout
 .text.add_to_waitq_locked
                0x00003ec2       0x56 zephyr/kernel/libkernel.a(sched.c.obj)
 .text.z_unpend_first_thread
                0x00003f18       0x5a zephyr/kernel/libkernel.a(sched.c.obj)
                0x00003f18                z_unpend_first_thread
 .text.z_impl_k_busy_wait
                0x00003f72        0x4 zephyr/kernel/libkernel.a(thread.c.obj)
                0x00003f72                z_impl_k_busy_wait
 .text.z_abort_timeout
                0x00003f76       0x2c zephyr/kernel/libkernel.a(timeout.c.obj)
                0x00003f76                z_abort_timeout
 .text.z_get_next_timeout_expiry
                0x00003fa2       0x20 zephyr/kernel/libkernel.a(timeout.c.obj)
                0x00003fa2                z_get_next_timeout_expiry
 .text.z_set_timeout_expiry
                0x00003fc2       0x36 zephyr/kernel/libkernel.a(timeout.c.obj)
                0x00003fc2                z_set_timeout_expiry
 .text.k_heap_init
                0x00003ff8       0x12 zephyr/kernel/libkernel.a(kheap.c.obj)
                0x00003ff8                k_heap_init
 .text._OffsetAbsSyms
                0x0000400a        0x2 zephyr/CMakeFiles/offsets.dir/arch/arm/core/offsets/offsets.c.obj
                0x0000400a                _OffsetAbsSyms
 *(SORT_BY_ALIGNMENT(.gnu.linkonce.t.*))
 *(SORT_BY_ALIGNMENT(.glue_7t))
 .glue_7t       0x0000400c        0x0 linker stubs
 *(SORT_BY_ALIGNMENT(.glue_7))
 .glue_7        0x0000400c        0x0 linker stubs
 *(SORT_BY_ALIGNMENT(.vfp11_veneer))
 .vfp11_veneer  0x0000400c        0x0 linker stubs
 *(SORT_BY_ALIGNMENT(.v4_bx))
 .v4_bx         0x0000400c        0x0 linker stubs
                0x0000400c                _image_text_end = .

.ARM.exidx      0x0000400c        0x8
                0x0000400c                __exidx_start = .
 *(SORT_BY_ALIGNMENT(.ARM.exidx*) SORT_BY_ALIGNMENT(gnu.linkonce.armexidx.*))
 .ARM.exidx     0x0000400c        0x8 c:/nordicsdk/v1.3.1/toolchain/opt/bin/../lib/gcc/arm-none-eabi/9.2.1/thumb/v8-m.main+fp/hard\libgcc.a(_udivmoddi4.o)
                0x00004014                __exidx_end = .
                0x00004014                _image_rodata_start = .

initlevel       0x00004014       0x40
                0x00004014                __init_start = .
                0x00004014                __init_PRE_KERNEL_1_start = .
 *(SORT_BY_NAME(SORT_BY_ALIGNMENT(.init_PRE_KERNEL_1[0-9])))
 .init_PRE_KERNEL_10
                0x00004014        0x8 zephyr/libzephyr.a(soc.c.obj)
 *(SORT_BY_NAME(SORT_BY_ALIGNMENT(.init_PRE_KERNEL_1[1-9][0-9])))
 .init_PRE_KERNEL_130
                0x0000401c        0x8 zephyr/kernel/libkernel.a(mem_slab.c.obj)
 .init_PRE_KERNEL_130
                0x00004024        0x8 zephyr/kernel/libkernel.a(kheap.c.obj)
 .init_PRE_KERNEL_140
                0x0000402c        0x8 zephyr/arch/arch/arm/core/aarch32/cortex_m/mpu/libarch__arm__core__aarch32__cortex_m__mpu.a(arm_mpu.c.obj)
 .init_PRE_KERNEL_150
                0x00004034        0x8 zephyr/libzephyr.a(nrf_power_clock.c.obj)
                0x0000403c                __init_PRE_KERNEL_2_start = .
 *(SORT_BY_NAME(SORT_BY_ALIGNMENT(.init_PRE_KERNEL_2[0-9])))
 .init_PRE_KERNEL_20
                0x0000403c        0x8 zephyr/libzephyr.a(sys_clock_init.c.obj)
 *(SORT_BY_NAME(SORT_BY_ALIGNMENT(.init_PRE_KERNEL_2[1-9][0-9])))
                0x00004044                __init_POST_KERNEL_start = .
 *(SORT_BY_NAME(SORT_BY_ALIGNMENT(.init_POST_KERNEL[0-9])))
 *(SORT_BY_NAME(SORT_BY_ALIGNMENT(.init_POST_KERNEL[1-9][0-9])))
 .init_POST_KERNEL40
                0x00004044        0x8 modules/nrf/drivers/hw_cc310/lib..__nrf__drivers__hw_cc310.a(hw_cc310.c.obj)
 .init_POST_KERNEL90
                0x0000404c        0x8 modules/nrf/subsys/fw_info/lib..__nrf__subsys__fw_info.a(fw_info.c.obj)
                0x00004054                __init_APPLICATION_start = .
 *(SORT_BY_NAME(SORT_BY_ALIGNMENT(.init_APPLICATION[0-9])))
 *(SORT_BY_NAME(SORT_BY_ALIGNMENT(.init_APPLICATION[1-9][0-9])))
                0x00004054                __init_SMP_start = .
 *(SORT_BY_NAME(SORT_BY_ALIGNMENT(.init_SMP[0-9])))
 *(SORT_BY_NAME(SORT_BY_ALIGNMENT(.init_SMP[1-9][0-9])))
                0x00004054                __init_end = .

sw_isr_table    0x00004054      0x208
                0x00004054                . = ALIGN (0x0)
 *(SORT_BY_ALIGNMENT(.gnu.linkonce.sw_isr_table))
 .gnu.linkonce.sw_isr_table
                0x00004054      0x208 zephyr/arch/common/libarch__common.a(isr_tables.c.obj)
                0x00004054                _sw_isr_table

initlevel_error
                0x00004014        0x0
 *(SORT_BY_NAME(SORT_BY_ALIGNMENT(.init_[_A-Z0-9]*)))
                0x00000001                ASSERT ((SIZEOF (initlevel_error) == 0x0), Undefined initialization levels used.)

app_shmem_regions
                0x0000425c        0x0
                0x0000425c                __app_shmem_regions_start = .
 *(SORT_BY_NAME(SORT_BY_ALIGNMENT(.app_regions.*)))
                0x0000425c                __app_shmem_regions_end = .

net_l2          0x0000425c        0x0
                0x0000425c                __net_l2_start = .
 *(SORT_BY_ALIGNMENT(.net_l2.init))
 *(SORT_BY_NAME(SORT_BY_ALIGNMENT(.net_l2.init*)))
                0x0000425c                __net_l2_end = .

_bt_channels_area
                0x0000425c        0x0
                0x0000425c                _bt_l2cap_fixed_chan_list_start = .
 *(SORT_BY_NAME(SORT_BY_ALIGNMENT(._bt_l2cap_fixed_chan.static.*)))
                0x0000425c                _bt_l2cap_fixed_chan_list_end = .

_bt_services_area
                0x0000425c        0x0
                0x0000425c                _bt_gatt_service_static_list_start = .
 *(SORT_BY_NAME(SORT_BY_ALIGNMENT(._bt_gatt_service_static.static.*)))
                0x0000425c                _bt_gatt_service_static_list_end = .

log_const_sections
                0x0000425c        0x0
                0x0000425c                __log_const_start = .
 *(SORT_BY_NAME(SORT_BY_ALIGNMENT(.log_const_*)))
                0x0000425c                __log_const_end = .

log_backends_sections
                0x0000425c        0x0
                0x0000425c                __log_backends_start = .
 *(SORT_BY_ALIGNMENT(._log_backend.*))
                0x0000425c                __log_backends_end = .

shell_sections  0x0000425c        0x0
                0x0000425c                _shell_list_start = .
 *(SORT_BY_NAME(SORT_BY_ALIGNMENT(._shell.static.*)))
                0x0000425c                _shell_list_end = .

shell_root_cmds_sections
                0x0000425c        0x0
                0x0000425c                __shell_root_cmds_start = .
 *(SORT_BY_NAME(SORT_BY_ALIGNMENT(.shell_root_cmd_*)))
                0x0000425c                __shell_root_cmds_end = .

font_entry_sections
                0x0000425c        0x0
                0x0000425c                __font_entry_start = .
 *(SORT_BY_NAME(SORT_BY_ALIGNMENT(._cfb_font.*)))
                0x0000425c                __font_entry_end = .

tracing_backends_sections
                0x0000425c        0x0
                0x0000425c                _tracing_backend_list_start = .
 *(SORT_BY_ALIGNMENT(._tracing_backend.*))
                0x0000425c                _tracing_backend_list_end = .

rodata          0x00004260      0x618
 *(SORT_BY_ALIGNMENT(.rodata))
 .rodata        0x00004260        0xc zephyr/libzephyr.a(secure_services.c.obj)
 .rodata        0x0000426c       0x18 modules/nrf/subsys/fw_info/lib..__nrf__subsys__fw_info.a(fw_info.c.obj)
 *(SORT_BY_ALIGNMENT(.rodata.*))
 *fill*         0x00004284        0xc 
 .rodata.delay_machine_code.10008
                0x00004290        0x6 zephyr/libzephyr.a(soc.c.obj)
 *fill*         0x00004296        0x2 
 .rodata.clock_control_api
                0x00004298       0x14 zephyr/libzephyr.a(nrf_power_clock.c.obj)
 .rodata.periph.10752
                0x000042ac       0xd0 zephyr/libzephyr.a(spm.c.obj)
 .rodata.fw_info_allowed_offsets
                0x0000437c       0x14 zephyr/libzephyr.a(secure_services.c.obj)
 .rodata.apis   0x00004390        0x8 zephyr/libzephyr.a(nrf_cc310_platform_abort_zephyr.c.obj)
 .rodata.mutex_apis
                0x00004398       0x10 zephyr/libzephyr.a(nrf_cc310_platform_mutex_zephyr.c.obj)
 .rodata.mutexes
                0x000043a8       0x14 zephyr/libzephyr.a(nrf_cc310_platform_mutex_zephyr.c.obj)
 .rodata.mpu_config
                0x000043bc        0x8 zephyr/soc/arm/common/cortex_m/libsoc__arm__common__cortex_m.a(arm_mpu_regions.c.obj)
                0x000043bc                mpu_config
 .rodata.mpu_regions
                0x000043c4       0x20 zephyr/soc/arm/common/cortex_m/libsoc__arm__common__cortex_m.a(arm_mpu_regions.c.obj)
 .rodata.levels.10106
                0x000043e4       0x14 zephyr/kernel/libkernel.a(device.c.obj)
 .rodata._k_neg_eagain
                0x000043f8        0x4 zephyr/kernel/libkernel.a(errno.c.obj)
                0x000043f8                _k_neg_eagain
 .rodata.CC_PalPowerSaveModeInit.str1.4
                0x000043fc       0x20 modules/nrfxlib/nrf_security/src/mbedtls/cc310/libmbedcrypto_cc310.a(cc_pal_pm.c.obj)
 .rodata.CSWTCH.6
                0x0000441c       0x1c C:/NordicSDK/v1.3.1/nrfxlib/crypto/nrf_cc310_platform/lib/cortex-m33/hard-float/no-interrupts/libnrf_cc310_platform_0.9.2.a(nrf_cc310_platform.c.obj)
 .rodata.mutex_init.str1.4
                0x00004438       0x23 C:/NordicSDK/v1.3.1/nrfxlib/crypto/nrf_cc310_platform/lib/cortex-m33/hard-float/no-interrupts/libnrf_cc310_platform_0.9.2.a(nrf_cc310_platform_mutex.c.obj)
 *fill*         0x0000445b        0x1 
 .rodata.mutex_unlock.str1.4
                0x0000445c       0x1f C:/NordicSDK/v1.3.1/nrfxlib/crypto/nrf_cc310_platform/lib/cortex-m33/hard-float/no-interrupts/libnrf_cc310_platform_0.9.2.a(nrf_cc310_platform_mutex.c.obj)
 *fill*         0x0000447b        0x1 
 .rodata.CC_LibInitRngModule.str1.4
                0x0000447c       0x6d C:/NordicSDK/v1.3.1/nrfxlib/crypto/nrf_cc310_platform/lib/cortex-m33/hard-float/no-interrupts/libnrf_cc310_platform_0.9.2.a(cc_lib.c.obj)
 .rodata.LLF_RND_GetTrngSource.str1.4
                0x000044e9       0x6f C:/NordicSDK/v1.3.1/nrfxlib/crypto/nrf_cc310_platform/lib/cortex-m33/hard-float/no-interrupts/libnrf_cc310_platform_0.9.2.a(llf_rnd_trng90b.c.obj)
 *fill*         0x000044e9        0x1 
 .rodata.config
                0x000044ea        0x8 zephyr/libzephyr.a(nrf_power_clock.c.obj)
 .rodata.str1.1
                0x000044f2        0x0 zephyr/libzephyr.a(nrf_power_clock.c.obj)
                                  0x6 (size before relaxing)
 .rodata.str1.1
                0x000044f2        0xa zephyr/libzephyr.a(sys_clock_init.c.obj)
 .rodata.z_clock_driver_init.str1.1
                0x000044fc        0x6 zephyr/libzephyr.a(nrf_rtc_timer.c.obj)
 .rodata.config_regions.str1.1
                0x000044fc       0x32 zephyr/libzephyr.a(spm.c.obj)
                                 0x37 (size before relaxing)
 .rodata.spm_jump.str1.1
                0x0000452e       0x75 zephyr/libzephyr.a(spm.c.obj)
 .rodata.spm_config.str1.1
                0x000045a3      0x104 zephyr/libzephyr.a(spm.c.obj)
                                0x10c (size before relaxing)
 .rodata.str1.1
                0x000046a7       0xfc zephyr/libzephyr.a(spm.c.obj)
 .rodata.mutex_free.str1.1
                0x000047a3       0x26 zephyr/libzephyr.a(nrf_cc310_platform_mutex_zephyr.c.obj)
 .rodata.mutex_init.str1.1
                0x000047c9       0x2d zephyr/libzephyr.a(nrf_cc310_platform_mutex_zephyr.c.obj)
 .rodata.str1.1
                0x000047f6        0xf zephyr/soc/arm/common/cortex_m/libsoc__arm__common__cortex_m.a(arm_mpu_regions.c.obj)
 .rodata.check_ext_api_requests.str1.1
                0x00004805       0x5c modules/nrf/subsys/fw_info/lib..__nrf__subsys__fw_info.a(fw_info.c.obj)
 .rodata.str1.1
                0x00004861        0xb modules/nrf/drivers/hw_cc310/lib..__nrf__drivers__hw_cc310.a(hw_cc310.c.obj)
 .rodata.z_cstart.str1.1
                0x0000486c        0x5 zephyr/kernel/libkernel.a(init.c.obj)
 *(SORT_BY_ALIGNMENT(.gnu.linkonce.r.*))
                0x00004874                . = ALIGN (0x4)
 *fill*         0x00004871        0x3 
                0x00004874                _fw_info_images_start = .
 *(SORT_BY_ALIGNMENT(.fw_info_images))
 .fw_info_images
                0x00004874        0x4 modules/nrf/subsys/fw_info/lib..__nrf__subsys__fw_info.a(fw_info.c.obj)
                0x00004874                self_image
                0x00000001                _fw_info_images_size = ABSOLUTE (((. - _fw_info_images_start) / 0x4))
                0x00004878                _ext_apis_start = .
 *(SORT_BY_ALIGNMENT(.ext_apis))
                0x00000000                _ext_apis_size = ABSOLUTE ((. - _ext_apis_start))
                0x00004878                _ext_apis_req_start = .
 *(SORT_BY_ALIGNMENT(.ext_apis_req))
                0x00000000                _ext_apis_req_size = ABSOLUTE ((. - _ext_apis_req_start))
                0x00004878                . = ALIGN (0x4)
                0x00004878                _image_rodata_end = .
                0x00004880                . = ALIGN (_region_min_align)
                0x00004880                _image_rom_end = .
                0x20000000                . = 0x20000000
                0x20000000                . = ALIGN (_region_min_align)
                0x20000000                _image_ram_start = .

.ramfunc        0x20000000        0x0 load address 0x00004878
                0x20000000                . = ALIGN (_region_min_align)
                0x20000000                _ramfunc_ram_start = .
 *(SORT_BY_ALIGNMENT(.ramfunc))
 *(SORT_BY_ALIGNMENT(.ramfunc.*))
                0x20000000                . = ALIGN (_region_min_align)
                0x20000000                _ramfunc_ram_end = .
                0x00000000                _ramfunc_ram_size = (_ramfunc_ram_end - _ramfunc_ram_start)
                0x00004878                _ramfunc_rom_start = LOADADDR (.ramfunc)

datas           0x20000000       0x70 load address 0x00004878
                0x20000000                __data_ram_start = .
 *(SORT_BY_ALIGNMENT(.data))
 *(SORT_BY_ALIGNMENT(.data.*))
 .data._char_out
                0x20000000        0x4 zephyr/libzephyr.a(printk.c.obj)
                0x20000000                _char_out
 .data.asym_mutex
                0x20000004        0x8 zephyr/libzephyr.a(nrf_cc310_platform_mutex_zephyr.c.obj)
                0x20000004                asym_mutex
 .data.power_mutex
                0x2000000c        0x8 zephyr/libzephyr.a(nrf_cc310_platform_mutex_zephyr.c.obj)
                0x2000000c                power_mutex
 .data.rng_mutex
                0x20000014        0x8 zephyr/libzephyr.a(nrf_cc310_platform_mutex_zephyr.c.obj)
                0x20000014                rng_mutex
 .data.sym_mutex
                0x2000001c        0x8 zephyr/libzephyr.a(nrf_cc310_platform_mutex_zephyr.c.obj)
                0x2000001c                sym_mutex
 .data.SystemCoreClock
                0x20000024        0x4 modules/nordic/lib..__modules__hal__nordic.a(system_nrf9160.c.obj)
                0x20000024                SystemCoreClock
 .data.timeout_list
                0x20000028        0x8 zephyr/kernel/libkernel.a(timeout.c.obj)
 .data.CCAsymCryptoMutex
                0x20000030        0x4 modules/nrfxlib/nrf_security/src/mbedtls/cc310/libmbedcrypto_cc310.a(cc_pal.c.obj)
                0x20000030                CCAsymCryptoMutex
 .data.CCPowerMutex
                0x20000034        0x4 modules/nrfxlib/nrf_security/src/mbedtls/cc310/libmbedcrypto_cc310.a(cc_pal.c.obj)
                0x20000034                CCPowerMutex
 .data.CCRndCryptoMutex
                0x20000038        0x4 modules/nrfxlib/nrf_security/src/mbedtls/cc310/libmbedcrypto_cc310.a(cc_pal.c.obj)
                0x20000038                CCRndCryptoMutex
 .data.CCSymCryptoMutex
                0x2000003c        0x4 modules/nrfxlib/nrf_security/src/mbedtls/cc310/libmbedcrypto_cc310.a(cc_pal.c.obj)
                0x2000003c                CCSymCryptoMutex
 .data.pCCRndCryptoMutex
                0x20000040        0x4 modules/nrfxlib/nrf_security/src/mbedtls/cc310/libmbedcrypto_cc310.a(cc_pal.c.obj)
                0x20000040                pCCRndCryptoMutex
 .data.platform_abort_apis
                0x20000044        0x8 C:/NordicSDK/v1.3.1/nrfxlib/crypto/nrf_cc310_platform/lib/cortex-m33/hard-float/no-interrupts/libnrf_cc310_platform_0.9.2.a(nrf_cc310_platform_abort.c.obj)
                0x20000044                platform_abort_apis
 .data.platform_mutex_apis
                0x2000004c       0x10 C:/NordicSDK/v1.3.1/nrfxlib/crypto/nrf_cc310_platform/lib/cortex-m33/hard-float/no-interrupts/libnrf_cc310_platform_0.9.2.a(nrf_cc310_platform_mutex.c.obj)
                0x2000004c                platform_mutex_apis
 .data.platform_mutexes
                0x2000005c       0x14 C:/NordicSDK/v1.3.1/nrfxlib/crypto/nrf_cc310_platform/lib/cortex-m33/hard-float/no-interrupts/libnrf_cc310_platform_0.9.2.a(nrf_cc310_platform_mutex.c.obj)
                0x2000005c                platform_mutexes
 *(SORT_BY_ALIGNMENT(.kernel.*))
                0x00004878                __data_rom_start = LOADADDR (datas)

devices         0x20000070       0x30 load address 0x000048e8
                0x20000070                __device_start = .
                0x20000070                __device_PRE_KERNEL_1_start = .
 *(SORT_BY_NAME(SORT_BY_ALIGNMENT(.device_PRE_KERNEL_1[0-9])))
 *(SORT_BY_NAME(SORT_BY_ALIGNMENT(.device_PRE_KERNEL_1[1-9][0-9])))
 .device_PRE_KERNEL_150
                0x20000070       0x10 zephyr/libzephyr.a(nrf_power_clock.c.obj)
                0x20000080                __device_PRE_KERNEL_2_start = .
 *(SORT_BY_NAME(SORT_BY_ALIGNMENT(.device_PRE_KERNEL_2[0-9])))
 .device_PRE_KERNEL_20
                0x20000080       0x10 zephyr/libzephyr.a(sys_clock_init.c.obj)
 *(SORT_BY_NAME(SORT_BY_ALIGNMENT(.device_PRE_KERNEL_2[1-9][0-9])))
                0x20000090                __device_POST_KERNEL_start = .
 *(SORT_BY_NAME(SORT_BY_ALIGNMENT(.device_POST_KERNEL[0-9])))
 *(SORT_BY_NAME(SORT_BY_ALIGNMENT(.device_POST_KERNEL[1-9][0-9])))
 .device_POST_KERNEL40
                0x20000090       0x10 modules/nrf/drivers/hw_cc310/lib..__nrf__drivers__hw_cc310.a(hw_cc310.c.obj)
                0x200000a0                __device_APPLICATION_start = .
 *(SORT_BY_NAME(SORT_BY_ALIGNMENT(.device_APPLICATION[0-9])))
 *(SORT_BY_NAME(SORT_BY_ALIGNMENT(.device_APPLICATION[1-9][0-9])))
                0x200000a0                __device_SMP_start = .
 *(SORT_BY_NAME(SORT_BY_ALIGNMENT(.device_SMP[0-9])))
 *(SORT_BY_NAME(SORT_BY_ALIGNMENT(.device_SMP[1-9][0-9])))
                0x200000a0                __device_end = .

initshell       0x200000a0        0x0 load address 0x00004918
                0x200000a0                __shell_module_start = .
 *(SORT_BY_ALIGNMENT(.shell_module_*))
                0x200000a0                __shell_module_end = .
                0x200000a0                __shell_cmd_start = .
 *(SORT_BY_ALIGNMENT(.shell_cmd_*))
                0x200000a0                __shell_cmd_end = .

log_dynamic_sections
                0x200000a0        0x0 load address 0x00004918
                0x200000a0                __log_dynamic_start = .
 *(SORT_BY_NAME(SORT_BY_ALIGNMENT(.log_dynamic_*)))
                0x200000a0                __log_dynamic_end = .

_static_thread_area
                0x200000a0        0x0 load address 0x00004918
                0x200000a0                __static_thread_data_list_start = .
 *(SORT_BY_NAME(SORT_BY_ALIGNMENT(.__static_thread_data.static.*)))
                0x200000a0                __static_thread_data_list_end = .

_k_timer_area   0x200000a0        0x0 load address 0x00004918
                0x200000a0                _k_timer_list_start = .
 *(SORT_BY_ALIGNMENT(._k_timer.static.*))
                0x200000a0                _k_timer_list_end = .

_k_mem_slab_area
                0x200000a0        0x0 load address 0x00004918
                0x200000a0                _k_mem_slab_list_start = .
 *(SORT_BY_ALIGNMENT(._k_mem_slab.static.*))
                0x200000a0                _k_mem_slab_list_end = .

_k_mem_pool_area
                0x200000a0        0x0 load address 0x00004918
                0x200000a0                _k_mem_pool_list_start = .
 *(SORT_BY_ALIGNMENT(._k_mem_pool.static.*))
                0x200000a0                _k_mem_pool_list_end = .

_k_heap_area    0x200000a0        0x0 load address 0x00004918
                0x200000a0                _k_heap_list_start = .
 *(SORT_BY_ALIGNMENT(._k_heap.static.*))
                0x200000a0                _k_heap_list_end = .

_k_sem_area     0x200000a0        0x0 load address 0x00004918
                0x200000a0                _k_sem_list_start = .
 *(SORT_BY_ALIGNMENT(._k_sem.static.*))
 *(SORT_BY_ALIGNMENT(._sys_sem.static.*))
                0x200000a0                _k_sem_list_end = .

_k_mutex_area   0x200000a0       0x64 load address 0x00004918
                0x200000a0                _k_mutex_list_start = .
 *(SORT_BY_ALIGNMENT(._k_mutex.static.*))
 ._k_mutex.static.fdtable_lock
                0x200000a0       0x14 zephyr/libzephyr.a(fdtable.c.obj)
 ._k_mutex.static.asym_mutex_int
                0x200000b4       0x14 zephyr/libzephyr.a(nrf_cc310_platform_mutex_zephyr.c.obj)
                0x200000b4                asym_mutex_int
 ._k_mutex.static.power_mutex_int
                0x200000c8       0x14 zephyr/libzephyr.a(nrf_cc310_platform_mutex_zephyr.c.obj)
                0x200000c8                power_mutex_int
 ._k_mutex.static.rng_mutex_int
                0x200000dc       0x14 zephyr/libzephyr.a(nrf_cc310_platform_mutex_zephyr.c.obj)
                0x200000dc                rng_mutex_int
 ._k_mutex.static.sym_mutex_int
                0x200000f0       0x14 zephyr/libzephyr.a(nrf_cc310_platform_mutex_zephyr.c.obj)
                0x200000f0                sym_mutex_int
                0x20000104                _k_mutex_list_end = .

_k_queue_area   0x20000104        0x0 load address 0x0000497c
                0x20000104                _k_queue_list_start = .
 *(SORT_BY_ALIGNMENT(._k_queue.static.*))
 *(SORT_BY_ALIGNMENT(._k_fifo.static.*))
 *(SORT_BY_ALIGNMENT(._k_lifo.static.*))
                0x20000104                _k_queue_list_end = .

_k_stack_area   0x20000104        0x0 load address 0x0000497c
                0x20000104                _k_stack_list_start = .
 *(SORT_BY_ALIGNMENT(._k_stack.static.*))
                0x20000104                _k_stack_list_end = .

_k_msgq_area    0x20000104        0x0 load address 0x0000497c
                0x20000104                _k_msgq_list_start = .
 *(SORT_BY_ALIGNMENT(._k_msgq.static.*))
                0x20000104                _k_msgq_list_end = .

_k_mbox_area    0x20000104        0x0 load address 0x0000497c
                0x20000104                _k_mbox_list_start = .
 *(SORT_BY_ALIGNMENT(._k_mbox.static.*))
                0x20000104                _k_mbox_list_end = .

_k_pipe_area    0x20000104        0x0 load address 0x0000497c
                0x20000104                _k_pipe_list_start = .
 *(SORT_BY_ALIGNMENT(._k_pipe.static.*))
                0x20000104                _k_pipe_list_end = .

_net_buf_pool_area
                0x20000104        0x0 load address 0x0000497c
                0x20000104                _net_buf_pool_list = .
 *(SORT_BY_NAME(SORT_BY_ALIGNMENT(._net_buf_pool.static.*)))

net_if          0x20000104        0x0 load address 0x0000497c
                0x20000104                __net_if_start = .
 *(SORT_BY_ALIGNMENT(.net_if.*))
 *(SORT_BY_NAME(SORT_BY_ALIGNMENT(.net_if.*)))
                0x20000104                __net_if_end = .

net_if_dev      0x20000104        0x0 load address 0x0000497c
                0x20000104                __net_if_dev_start = .
 *(SORT_BY_ALIGNMENT(.net_if_dev.*))
 *(SORT_BY_NAME(SORT_BY_ALIGNMENT(.net_if_dev.*)))
                0x20000104                __net_if_dev_end = .

net_l2_data     0x20000104        0x0 load address 0x0000497c
                0x20000104                __net_l2_data_start = .
 *(SORT_BY_ALIGNMENT(.net_l2.data))
 *(SORT_BY_NAME(SORT_BY_ALIGNMENT(.net_l2.data*)))
                0x20000104                __net_l2_data_end = .
                0x20000104                __data_ram_end = .

bss             0x20000108      0x69a
                0x20000108                . = ALIGN (0x4)
                0x20000108                __bss_start = .
                0x20000108                __kernel_ram_start = .
 *(SORT_BY_ALIGNMENT(.bss))
 *(SORT_BY_ALIGNMENT(.bss.*))
 .bss.curr_tick
                0x20000108        0x8 zephyr/kernel/libkernel.a(timeout.c.obj)
 .bss.data      0x20000110       0x18 zephyr/libzephyr.a(nrf_power_clock.c.obj)
 .bss.last_count
                0x20000128        0x4 zephyr/libzephyr.a(nrf_rtc_timer.c.obj)
 .bss.mutex_slab
                0x2000012c       0x1c zephyr/libzephyr.a(nrf_cc310_platform_mutex_zephyr.c.obj)
                0x2000012c                mutex_slab
 .bss.mutex_slab_buffer
                0x20000148      0x500 zephyr/libzephyr.a(nrf_cc310_platform_mutex_zephyr.c.obj)
                0x20000148                mutex_slab_buffer
 .bss.dyn_reg_info
                0x20000648       0x14 zephyr/arch/arch/arm/core/aarch32/cortex_m/mpu/libarch__arm__core__aarch32__cortex_m__mpu.a(arm_mpu.c.obj)
 .bss.z_idle_threads
                0x2000065c       0x74 zephyr/kernel/libkernel.a(init.c.obj)
                0x2000065c                z_idle_threads
 .bss.z_main_thread
                0x200006d0       0x74 zephyr/kernel/libkernel.a(init.c.obj)
                0x200006d0                z_main_thread
 .bss._kernel   0x20000744       0x30 zephyr/kernel/libkernel.a(sched.c.obj)
                0x20000744                _kernel
 .bss.pending_current
                0x20000774        0x4 zephyr/kernel/libkernel.a(sched.c.obj)
 .bss.slice_max_prio
                0x20000778        0x4 zephyr/kernel/libkernel.a(sched.c.obj)
 .bss.slice_time
                0x2000077c        0x4 zephyr/kernel/libkernel.a(sched.c.obj)
 .bss.announce_remaining
                0x20000780        0x4 zephyr/kernel/libkernel.a(timeout.c.obj)
 .bss.use_count
                0x20000784        0x4 modules/nrfxlib/nrf_security/src/mbedtls/cc310/libmbedcrypto_cc310.a(cc_pal_pm.c.obj)
 .bss.nrf_cc310_platform_initialized
                0x20000788        0x4 C:/NordicSDK/v1.3.1/nrfxlib/crypto/nrf_cc310_platform/lib/cortex-m33/hard-float/no-interrupts/libnrf_cc310_platform_0.9.2.a(nrf_cc310_platform.c.obj)
 .bss.nrf_cc310_platform_rng_initialized
                0x2000078c        0x4 C:/NordicSDK/v1.3.1/nrfxlib/crypto/nrf_cc310_platform/lib/cortex-m33/hard-float/no-interrupts/libnrf_cc310_platform_0.9.2.a(nrf_cc310_platform.c.obj)
 .bss.asym_mutex
                0x20000790        0x4 C:/NordicSDK/v1.3.1/nrfxlib/crypto/nrf_cc310_platform/lib/cortex-m33/hard-float/no-interrupts/libnrf_cc310_platform_0.9.2.a(nrf_cc310_platform_mutex.c.obj)
 .bss.power_mutex
                0x20000794        0x4 C:/NordicSDK/v1.3.1/nrfxlib/crypto/nrf_cc310_platform/lib/cortex-m33/hard-float/no-interrupts/libnrf_cc310_platform_0.9.2.a(nrf_cc310_platform_mutex.c.obj)
 .bss.rng_mutex
                0x20000798        0x4 C:/NordicSDK/v1.3.1/nrfxlib/crypto/nrf_cc310_platform/lib/cortex-m33/hard-float/no-interrupts/libnrf_cc310_platform_0.9.2.a(nrf_cc310_platform_mutex.c.obj)
 .bss.sym_mutex
                0x2000079c        0x4 C:/NordicSDK/v1.3.1/nrfxlib/crypto/nrf_cc310_platform/lib/cortex-m33/hard-float/no-interrupts/libnrf_cc310_platform_0.9.2.a(nrf_cc310_platform_mutex.c.obj)
 .bss.static_regions_num
                0x200007a0        0x1 zephyr/arch/arch/arm/core/aarch32/cortex_m/mpu/libarch__arm__core__aarch32__cortex_m__mpu.a(arm_mpu.c.obj)
 .bss.z_sys_post_kernel
                0x200007a1        0x1 zephyr/kernel/libkernel.a(init.c.obj)
                0x200007a1                z_sys_post_kernel
 .bss.lock      0x200007a2        0x0 zephyr/kernel/libkernel.a(mem_slab.c.obj)
 .bss.lock      0x200007a2        0x0 zephyr/kernel/libkernel.a(mutex.c.obj)
 .bss.sched_spinlock
                0x200007a2        0x0 zephyr/kernel/libkernel.a(sched.c.obj)
 *(SORT_BY_ALIGNMENT(COMMON))
 *(SORT_BY_ALIGNMENT(.kernel_bss.*))
                0x200007a4                __bss_end = ALIGN (0x4)

noinit          0x200007a8      0xd40
 *(SORT_BY_ALIGNMENT(.noinit))
 *(SORT_BY_ALIGNMENT(.noinit.*))
 .noinit."WEST_TOPDIR/zephyr/kernel/init.c".2
                0x200007a8      0x400 zephyr/kernel/libkernel.a(init.c.obj)
                0x200007a8                z_main_stack
 .noinit."WEST_TOPDIR/zephyr/kernel/init.c".3
                0x20000ba8      0x140 zephyr/kernel/libkernel.a(init.c.obj)
 .noinit."WEST_TOPDIR/zephyr/kernel/init.c".4
                0x20000ce8      0x800 zephyr/kernel/libkernel.a(init.c.obj)
                0x20000ce8                z_interrupt_stacks
 *(SORT_BY_ALIGNMENT(.kernel_noinit.*))
                0x200014e8                _image_ram_end = .
                0x200014e8                _end = .
                0x20010000                __kernel_ram_end = 0x20010000
                0x0000fef8                __kernel_ram_size = (__kernel_ram_end - __kernel_ram_start)
                0x00000001                ASSERT (((((_image_rom_start + _flash_used) - 0x1) / 0x8000) < 0x1), SPM and app are sharing an SPU region. Cannot partition flash correctly into secure and non-secure. Adjust partitions sizes so they are placed in separate regions.)

.intList        0x20010000       0x28
 *(SORT_BY_ALIGNMENT(.irq_info))
 .irq_info      0x20010000        0x8 zephyr/arch/common/libarch__common.a(isr_tables.c.obj)
                0x20010000                _iheader
 *(SORT_BY_ALIGNMENT(.intList))
 .intList       0x20010008       0x10 zephyr/libzephyr.a(nrf_power_clock.c.obj)
 .intList       0x20010018       0x10 zephyr/libzephyr.a(nrf_rtc_timer.c.obj)

.gnu.sgstubs    0x00004980     0x3680
                0x00007fe0                . = (ALIGN (0x8000) - (0x1 << LOG2CEIL (__sg_size)))
 *fill*         0x00004980     0x3660 
                0x00007fe0                __sg_start = .
 *fill*         0x00007fe0        0x0 
 .gnu.sgstubs.__stub
                0x00007fe0       0x18 linker stubs
                0x00007fe0                spm_request_read
                0x00007fe8                spm_firmware_info
                0x00007ff0                spm_request_random_number
                0x00008000                __sg_end = .
                0x00000020                __sg_size = (__sg_end - __sg_start)
                0x00008000                . = ALIGN (0x8000)
                0x00000020                __nsc_size = (. - __sg_start)
                0x00000001                ASSERT (((__sg_size == 0x0) || ((((0x1 << LOG2CEIL ((0x8000 - (__sg_start % 0x8000)))) == (0x8000 - (__sg_start % 0x8000))) && ((0x8000 - (__sg_start % 0x8000)) >= 0x20)) && ((0x8000 - (__sg_start % 0x8000)) <= 0x1000))), The Non-Secure Callable region size must be a power of 2 between 32 and 4096 bytes.)

.stab
 *(SORT_BY_ALIGNMENT(.stab))

.stabstr
 *(SORT_BY_ALIGNMENT(.stabstr))

.stab.excl
 *(SORT_BY_ALIGNMENT(.stab.excl))

.stab.exclstr
 *(SORT_BY_ALIGNMENT(.stab.exclstr))

.stab.index
 *(SORT_BY_ALIGNMENT(.stab.index))

.stab.indexstr
 *(SORT_BY_ALIGNMENT(.stab.indexstr))

.gnu.build.attributes
 *(SORT_BY_ALIGNMENT(.gnu.build.attributes) SORT_BY_ALIGNMENT(.gnu.build.attributes.*))

.comment        0x00000000       0xf8
 *(SORT_BY_ALIGNMENT(.comment))
 .comment       0x00000000       0x79 app/libapp.a(main.c.obj)
                                 0x7a (size before relaxing)
 .comment       0x00000079       0x7a zephyr/libzephyr.a(fdtable.c.obj)
 .comment       0x00000079       0x7a zephyr/libzephyr.a(printk.c.obj)
 .comment       0x00000079       0x7a zephyr/libzephyr.a(thread_entry.c.obj)
 .comment       0x00000079       0x7a zephyr/libzephyr.a(heap.c.obj)
 .comment       0x00000079       0x7a zephyr/libzephyr.a(configs.c.obj)
 .comment       0x00000079       0x7a zephyr/libzephyr.a(soc.c.obj)
 .comment       0x00000079       0x7a zephyr/libzephyr.a(nrf_power_clock.c.obj)
 .comment       0x00000079       0x7a zephyr/libzephyr.a(sys_clock_init.c.obj)
 .comment       0x00000079       0x7a zephyr/libzephyr.a(nrf_rtc_timer.c.obj)
 .comment       0x00000079       0x7a zephyr/libzephyr.a(spm.c.obj)
 .comment       0x00000079       0x7a zephyr/libzephyr.a(secure_services.c.obj)
 .comment       0x00000079       0x7a zephyr/libzephyr.a(nrf_cc310_platform_abort_zephyr.c.obj)
 .comment       0x00000079       0x7a zephyr/libzephyr.a(nrf_cc310_platform_mutex_zephyr.c.obj)
 .comment       0x00000079       0x7a zephyr/arch/common/libarch__common.a(isr_tables.c.obj)
 .comment       0x00000079       0x7a zephyr/arch/arch/arm/core/aarch32/libarch__arm__core__aarch32.a(swap.c.obj)
 .comment       0x00000079       0x7a zephyr/arch/arch/arm/core/aarch32/libarch__arm__core__aarch32.a(irq_manage.c.obj)
 .comment       0x00000079       0x7a zephyr/arch/arch/arm/core/aarch32/libarch__arm__core__aarch32.a(thread.c.obj)
 .comment       0x00000079       0x7a zephyr/arch/arch/arm/core/aarch32/libarch__arm__core__aarch32.a(fatal.c.obj)
 .comment       0x00000079       0x7a zephyr/arch/arch/arm/core/aarch32/libarch__arm__core__aarch32.a(nmi.c.obj)
 .comment       0x00000079       0x7a zephyr/arch/arch/arm/core/aarch32/libarch__arm__core__aarch32.a(prep_c.c.obj)
 .comment       0x00000079       0x7a zephyr/arch/arch/arm/core/aarch32/cortex_m/libarch__arm__core__aarch32__cortex_m.a(fault.c.obj)
 .comment       0x00000079       0x7a zephyr/arch/arch/arm/core/aarch32/cortex_m/libarch__arm__core__aarch32__cortex_m.a(scb.c.obj)
 .comment       0x00000079       0x7a zephyr/arch/arch/arm/core/aarch32/cortex_m/libarch__arm__core__aarch32__cortex_m.a(irq_init.c.obj)
 .comment       0x00000079       0x7a zephyr/arch/arch/arm/core/aarch32/cortex_m/libarch__arm__core__aarch32__cortex_m.a(thread_abort.c.obj)
 .comment       0x00000079       0x7a zephyr/arch/arch/arm/core/aarch32/cortex_m/mpu/libarch__arm__core__aarch32__cortex_m__mpu.a(arm_core_mpu.c.obj)
 .comment       0x00000079       0x7a zephyr/arch/arch/arm/core/aarch32/cortex_m/mpu/libarch__arm__core__aarch32__cortex_m__mpu.a(arm_mpu.c.obj)
 .comment       0x00000079       0x7a zephyr/arch/arch/arm/core/aarch32/cortex_m/cmse/libarch__arm__core__aarch32__cortex_m__cmse.a(arm_core_cmse.c.obj)
 .comment       0x00000079       0x7a zephyr/arch/arch/arm/core/aarch32/cortex_m/tz/libarch__arm__core__aarch32__cortex_m__tz.a(arm_core_tz.c.obj)
 .comment       0x00000079       0x7a zephyr/lib/libc/minimal/liblib__libc__minimal.a(string.c.obj)
 .comment       0x00000079       0x7a zephyr/soc/arm/common/cortex_m/libsoc__arm__common__cortex_m.a(arm_mpu_regions.c.obj)
 .comment       0x00000079       0x7a modules/nrf/lib/fatal_error/lib..__nrf__lib__fatal_error.a(fatal_error.c.obj)
 .comment       0x00000079       0x7a modules/nrf/subsys/fw_info/lib..__nrf__subsys__fw_info.a(fw_info.c.obj)
 .comment       0x00000079       0x7a modules/nrf/drivers/hw_cc310/lib..__nrf__drivers__hw_cc310.a(hw_cc310.c.obj)
 .comment       0x00000079       0x7a modules/nordic/lib..__modules__hal__nordic.a(system_nrf9160.c.obj)
 .comment       0x00000079       0x7a zephyr/kernel/libkernel.a(device.c.obj)
 .comment       0x00000079       0x7a zephyr/kernel/libkernel.a(errno.c.obj)
 .comment       0x00000079       0x7a zephyr/kernel/libkernel.a(fatal.c.obj)
 .comment       0x00000079       0x7a zephyr/kernel/libkernel.a(idle.c.obj)
 .comment       0x00000079       0x7a zephyr/kernel/libkernel.a(init.c.obj)
 .comment       0x00000079       0x7a zephyr/kernel/libkernel.a(mem_slab.c.obj)
 .comment       0x00000079       0x7a zephyr/kernel/libkernel.a(mutex.c.obj)
 .comment       0x00000079       0x7a zephyr/kernel/libkernel.a(sched.c.obj)
 .comment       0x00000079       0x7a zephyr/kernel/libkernel.a(thread.c.obj)
 .comment       0x00000079       0x7a zephyr/kernel/libkernel.a(timeout.c.obj)
 .comment       0x00000079       0x7a zephyr/kernel/libkernel.a(kheap.c.obj)
 .comment       0x00000079       0x7a zephyr/CMakeFiles/offsets.dir/arch/arm/core/offsets/offsets.c.obj
 .comment       0x00000079       0x7f modules/nrfxlib/nrf_security/src/mbedtls/cc310/libmbedcrypto_cc310.a(cc_pal_mem.c.obj)
                                 0x80 (size before relaxing)
 .comment       0x000000f8       0x80 modules/nrfxlib/nrf_security/src/mbedtls/cc310/libmbedcrypto_cc310.a(cc_pal.c.obj)
 .comment       0x000000f8       0x80 modules/nrfxlib/nrf_security/src/mbedtls/cc310/libmbedcrypto_cc310.a(cc_pal_dma.c.obj)
 .comment       0x000000f8       0x80 modules/nrfxlib/nrf_security/src/mbedtls/cc310/libmbedcrypto_cc310.a(cc_pal_mutex.c.obj)
 .comment       0x000000f8       0x80 modules/nrfxlib/nrf_security/src/mbedtls/cc310/libmbedcrypto_cc310.a(cc_pal_pm.c.obj)
 .comment       0x000000f8       0x80 modules/nrfxlib/nrf_security/src/mbedtls/cc310/libmbedcrypto_cc310.a(cc_hal.c.obj)
 .comment       0x000000f8       0x80 modules/nrfxlib/nrf_security/src/mbedtls/cc310/libmbedcrypto_cc310.a(cc_pal_interrupt_ctrl.c.obj)
 .comment       0x000000f8       0x80 C:/NordicSDK/v1.3.1/nrfxlib/crypto/nrf_cc310_platform/lib/cortex-m33/hard-float/no-interrupts/libnrf_cc310_platform_0.9.2.a(platform_alt.c.obj)
 .comment       0x000000f8       0x80 C:/NordicSDK/v1.3.1/nrfxlib/crypto/nrf_cc310_platform/lib/cortex-m33/hard-float/no-interrupts/libnrf_cc310_platform_0.9.2.a(cc_rng_plat.c.obj)
 .comment       0x000000f8       0x80 C:/NordicSDK/v1.3.1/nrfxlib/crypto/nrf_cc310_platform/lib/cortex-m33/hard-float/no-interrupts/libnrf_cc310_platform_0.9.2.a(nrf_cc310_platform.c.obj)
 .comment       0x000000f8       0x80 C:/NordicSDK/v1.3.1/nrfxlib/crypto/nrf_cc310_platform/lib/cortex-m33/hard-float/no-interrupts/libnrf_cc310_platform_0.9.2.a(nrf_cc310_platform_abort.c.obj)
 .comment       0x000000f8       0x80 C:/NordicSDK/v1.3.1/nrfxlib/crypto/nrf_cc310_platform/lib/cortex-m33/hard-float/no-interrupts/libnrf_cc310_platform_0.9.2.a(nrf_cc310_platform_mutex.c.obj)
 .comment       0x000000f8       0x80 C:/NordicSDK/v1.3.1/nrfxlib/crypto/nrf_cc310_platform/lib/cortex-m33/hard-float/no-interrupts/libnrf_cc310_platform_0.9.2.a(cc_lib.c.obj)
 .comment       0x000000f8       0x80 C:/NordicSDK/v1.3.1/nrfxlib/crypto/nrf_cc310_platform/lib/cortex-m33/hard-float/no-interrupts/libnrf_cc310_platform_0.9.2.a(cc_pal_trng.c.obj)
 .comment       0x000000f8       0x80 C:/NordicSDK/v1.3.1/nrfxlib/crypto/nrf_cc310_platform/lib/cortex-m33/hard-float/no-interrupts/libnrf_cc310_platform_0.9.2.a(llf_rnd_trng90b.c.obj)
 .comment       0x000000f8       0x80 C:/NordicSDK/v1.3.1/nrfxlib/crypto/nrf_cc310_platform/lib/cortex-m33/hard-float/no-interrupts/libnrf_cc310_platform_0.9.2.a(llf_rnd.c.obj)

.debug
 *(SORT_BY_ALIGNMENT(.debug))

.line
 *(SORT_BY_ALIGNMENT(.line))

.debug_srcinfo
 *(SORT_BY_ALIGNMENT(.debug_srcinfo))

.debug_sfnames
 *(SORT_BY_ALIGNMENT(.debug_sfnames))

.debug_aranges  0x00000000      0xda0
 *(SORT_BY_ALIGNMENT(.debug_aranges))
 .debug_aranges
                0x00000000       0x28 zephyr/arch/arch/arm/core/aarch32/libarch__arm__core__aarch32.a(swap_helper.S.obj)
 .debug_aranges
                0x00000028       0x30 zephyr/arch/arch/arm/core/aarch32/libarch__arm__core__aarch32.a(cpu_idle.S.obj)
 .debug_aranges
                0x00000058       0x20 zephyr/arch/arch/arm/core/aarch32/libarch__arm__core__aarch32.a(nmi_on_reset.S.obj)
 .debug_aranges
                0x00000078       0x20 zephyr/arch/arch/arm/core/aarch32/libarch__arm__core__aarch32.a(isr_wrapper.S.obj)
 .debug_aranges
                0x00000098       0x20 zephyr/arch/arch/arm/core/aarch32/cortex_m/libarch__arm__core__aarch32__cortex_m.a(reset.S.obj)
 .debug_aranges
                0x000000b8       0x20 zephyr/arch/arch/arm/core/aarch32/cortex_m/libarch__arm__core__aarch32__cortex_m.a(fault_s.S.obj)
 .debug_aranges
                0x000000d8       0x20 zephyr/arch/arch/arm/core/aarch32/cortex_m/libarch__arm__core__aarch32__cortex_m.a(exc_exit.S.obj)
 .debug_aranges
                0x000000f8       0x20 app/libapp.a(main.c.obj)
 .debug_aranges
                0x00000118       0x50 zephyr/libzephyr.a(fdtable.c.obj)
 .debug_aranges
                0x00000168       0x80 zephyr/libzephyr.a(printk.c.obj)
 .debug_aranges
                0x000001e8       0x20 zephyr/libzephyr.a(thread_entry.c.obj)
 .debug_aranges
                0x00000208       0x60 zephyr/libzephyr.a(heap.c.obj)
 .debug_aranges
                0x00000268       0x20 zephyr/libzephyr.a(configs.c.obj)
 .debug_aranges
                0x00000288       0x30 zephyr/libzephyr.a(soc.c.obj)
 .debug_aranges
                0x000002b8       0x50 zephyr/libzephyr.a(nrf_power_clock.c.obj)
 .debug_aranges
                0x00000308       0x40 zephyr/libzephyr.a(sys_clock_init.c.obj)
 .debug_aranges
                0x00000348       0x48 zephyr/libzephyr.a(nrf_rtc_timer.c.obj)
 .debug_aranges
                0x00000390       0x38 zephyr/libzephyr.a(spm.c.obj)
 .debug_aranges
                0x000003c8       0x38 zephyr/libzephyr.a(secure_services.c.obj)
 .debug_aranges
                0x00000400       0x28 zephyr/libzephyr.a(nrf_cc310_platform_abort_zephyr.c.obj)
 .debug_aranges
                0x00000428       0x40 zephyr/libzephyr.a(nrf_cc310_platform_mutex_zephyr.c.obj)
 .debug_aranges
                0x00000468       0x18 zephyr/arch/common/libarch__common.a(isr_tables.c.obj)
 .debug_aranges
                0x00000480       0x20 zephyr/arch/arch/arm/core/aarch32/libarch__arm__core__aarch32.a(swap.c.obj)
 .debug_aranges
                0x000004a0       0x58 zephyr/arch/arch/arm/core/aarch32/libarch__arm__core__aarch32.a(irq_manage.c.obj)
 .debug_aranges
                0x000004f8       0x28 zephyr/arch/arch/arm/core/aarch32/libarch__arm__core__aarch32.a(thread.c.obj)
 .debug_aranges
                0x00000520       0x30 zephyr/arch/arch/arm/core/aarch32/libarch__arm__core__aarch32.a(fatal.c.obj)
 .debug_aranges
                0x00000550       0x20 zephyr/arch/arch/arm/core/aarch32/libarch__arm__core__aarch32.a(nmi.c.obj)
 .debug_aranges
                0x00000570       0x20 zephyr/arch/arch/arm/core/aarch32/libarch__arm__core__aarch32.a(prep_c.c.obj)
 .debug_aranges
                0x00000590       0x48 zephyr/arch/arch/arm/core/aarch32/cortex_m/libarch__arm__core__aarch32__cortex_m.a(fault.c.obj)
 .debug_aranges
                0x000005d8       0x20 zephyr/arch/arch/arm/core/aarch32/cortex_m/libarch__arm__core__aarch32__cortex_m.a(scb.c.obj)
 .debug_aranges
                0x000005f8       0x20 zephyr/arch/arch/arm/core/aarch32/cortex_m/libarch__arm__core__aarch32__cortex_m.a(irq_init.c.obj)
 .debug_aranges
                0x00000618       0x20 zephyr/arch/arch/arm/core/aarch32/cortex_m/libarch__arm__core__aarch32__cortex_m.a(thread_abort.c.obj)
 .debug_aranges
                0x00000638       0x28 zephyr/arch/arch/arm/core/aarch32/cortex_m/mpu/libarch__arm__core__aarch32__cortex_m__mpu.a(arm_core_mpu.c.obj)
 .debug_aranges
                0x00000660       0x60 zephyr/arch/arch/arm/core/aarch32/cortex_m/mpu/libarch__arm__core__aarch32__cortex_m__mpu.a(arm_mpu.c.obj)
 .debug_aranges
                0x000006c0       0x80 zephyr/arch/arch/arm/core/aarch32/cortex_m/cmse/libarch__arm__core__aarch32__cortex_m__cmse.a(arm_core_cmse.c.obj)
 .debug_aranges
                0x00000740       0x60 zephyr/arch/arch/arm/core/aarch32/cortex_m/tz/libarch__arm__core__aarch32__cortex_m__tz.a(arm_core_tz.c.obj)
 .debug_aranges
                0x000007a0       0x90 zephyr/lib/libc/minimal/liblib__libc__minimal.a(string.c.obj)
 .debug_aranges
                0x00000830       0x18 zephyr/soc/arm/common/cortex_m/libsoc__arm__common__cortex_m.a(arm_mpu_regions.c.obj)
 .debug_aranges
                0x00000848       0x20 modules/nrf/lib/fatal_error/lib..__nrf__lib__fatal_error.a(fatal_error.c.obj)
 .debug_aranges
                0x00000868       0x30 modules/nrf/subsys/fw_info/lib..__nrf__subsys__fw_info.a(fw_info.c.obj)
 .debug_aranges
                0x00000898       0x20 modules/nrf/drivers/hw_cc310/lib..__nrf__drivers__hw_cc310.a(hw_cc310.c.obj)
 .debug_aranges
                0x000008b8       0x38 modules/nordic/lib..__modules__hal__nordic.a(system_nrf9160.c.obj)
 .debug_aranges
                0x000008f0       0x30 zephyr/kernel/libkernel.a(device.c.obj)
 .debug_aranges
                0x00000920       0x20 zephyr/kernel/libkernel.a(errno.c.obj)
 .debug_aranges
                0x00000940       0x38 zephyr/kernel/libkernel.a(fatal.c.obj)
 .debug_aranges
                0x00000978       0x28 zephyr/kernel/libkernel.a(idle.c.obj)
 .debug_aranges
                0x000009a0       0x40 zephyr/kernel/libkernel.a(init.c.obj)
 .debug_aranges
                0x000009e0       0x38 zephyr/kernel/libkernel.a(mem_slab.c.obj)
 .debug_aranges
                0x00000a18       0x30 zephyr/kernel/libkernel.a(mutex.c.obj)
 .debug_aranges
                0x00000a48      0x1c0 zephyr/kernel/libkernel.a(sched.c.obj)
 .debug_aranges
                0x00000c08       0xa0 zephyr/kernel/libkernel.a(thread.c.obj)
 .debug_aranges
                0x00000ca8       0x90 zephyr/kernel/libkernel.a(timeout.c.obj)
 .debug_aranges
                0x00000d38       0x48 zephyr/kernel/libkernel.a(kheap.c.obj)
 .debug_aranges
                0x00000d80       0x20 zephyr/CMakeFiles/offsets.dir/arch/arm/core/offsets/offsets.c.obj

.debug_pubnames
 *(SORT_BY_ALIGNMENT(.debug_pubnames))

.debug_info     0x00000000    0x33e75
 *(SORT_BY_ALIGNMENT(.debug_info) SORT_BY_ALIGNMENT(.gnu.linkonce.wi.*))
 .debug_info    0x00000000       0x67 app/libapp.a(main.c.obj)
 .debug_info    0x00000067      0xe9d zephyr/libzephyr.a(fdtable.c.obj)
 .debug_info    0x00000f04     0x12ef zephyr/libzephyr.a(printk.c.obj)
 .debug_info    0x000021f3      0x950 zephyr/libzephyr.a(thread_entry.c.obj)
 .debug_info    0x00002b43     0x1e50 zephyr/libzephyr.a(heap.c.obj)
 .debug_info    0x00004993       0x38 zephyr/libzephyr.a(configs.c.obj)
 .debug_info    0x000049cb      0xd34 zephyr/libzephyr.a(soc.c.obj)
 .debug_info    0x000056ff     0x2210 zephyr/libzephyr.a(nrf_power_clock.c.obj)
 .debug_info    0x0000790f      0xa6a zephyr/libzephyr.a(sys_clock_init.c.obj)
 .debug_info    0x00008379     0x21c5 zephyr/libzephyr.a(nrf_rtc_timer.c.obj)
 .debug_info    0x0000a53e     0x43c3 zephyr/libzephyr.a(spm.c.obj)
 .debug_info    0x0000e901      0xe4f zephyr/libzephyr.a(secure_services.c.obj)
 .debug_info    0x0000f750      0x958 zephyr/libzephyr.a(nrf_cc310_platform_abort_zephyr.c.obj)
 .debug_info    0x000100a8      0xf7f zephyr/libzephyr.a(nrf_cc310_platform_mutex_zephyr.c.obj)
 .debug_info    0x00011027      0x240 zephyr/arch/common/libarch__common.a(isr_tables.c.obj)
 .debug_info    0x00011267      0xc0b zephyr/arch/arch/arm/core/aarch32/libarch__arm__core__aarch32.a(swap.c.obj)
 .debug_info    0x00011e72       0x22 zephyr/arch/arch/arm/core/aarch32/libarch__arm__core__aarch32.a(swap_helper.S.obj)
 .debug_info    0x00011e94     0x1167 zephyr/arch/arch/arm/core/aarch32/libarch__arm__core__aarch32.a(irq_manage.c.obj)
 .debug_info    0x00012ffb      0xc49 zephyr/arch/arch/arm/core/aarch32/libarch__arm__core__aarch32.a(thread.c.obj)
 .debug_info    0x00013c44       0x22 zephyr/arch/arch/arm/core/aarch32/libarch__arm__core__aarch32.a(cpu_idle.S.obj)
 .debug_info    0x00013c66      0xd82 zephyr/arch/arch/arm/core/aarch32/libarch__arm__core__aarch32.a(fatal.c.obj)
 .debug_info    0x000149e8      0x849 zephyr/arch/arch/arm/core/aarch32/libarch__arm__core__aarch32.a(nmi.c.obj)
 .debug_info    0x00015231       0x26 zephyr/arch/arch/arm/core/aarch32/libarch__arm__core__aarch32.a(nmi_on_reset.S.obj)
 .debug_info    0x00015257      0xf98 zephyr/arch/arch/arm/core/aarch32/libarch__arm__core__aarch32.a(prep_c.c.obj)
 .debug_info    0x000161ef       0x26 zephyr/arch/arch/arm/core/aarch32/libarch__arm__core__aarch32.a(isr_wrapper.S.obj)
 .debug_info    0x00016215       0x26 zephyr/arch/arch/arm/core/aarch32/cortex_m/libarch__arm__core__aarch32__cortex_m.a(reset.S.obj)
 .debug_info    0x0001623b       0x26 zephyr/arch/arch/arm/core/aarch32/cortex_m/libarch__arm__core__aarch32__cortex_m.a(fault_s.S.obj)
 .debug_info    0x00016261     0x1b8a zephyr/arch/arch/arm/core/aarch32/cortex_m/libarch__arm__core__aarch32__cortex_m.a(fault.c.obj)
 .debug_info    0x00017deb       0x26 zephyr/arch/arch/arm/core/aarch32/cortex_m/libarch__arm__core__aarch32__cortex_m.a(exc_exit.S.obj)
 .debug_info    0x00017e11      0xba6 zephyr/arch/arch/arm/core/aarch32/cortex_m/libarch__arm__core__aarch32__cortex_m.a(scb.c.obj)
 .debug_info    0x000189b7      0x7d6 zephyr/arch/arch/arm/core/aarch32/cortex_m/libarch__arm__core__aarch32__cortex_m.a(irq_init.c.obj)
 .debug_info    0x0001918d      0xcdd zephyr/arch/arch/arm/core/aarch32/cortex_m/libarch__arm__core__aarch32__cortex_m.a(thread_abort.c.obj)
 .debug_info    0x00019e6a      0xc71 zephyr/arch/arch/arm/core/aarch32/cortex_m/mpu/libarch__arm__core__aarch32__cortex_m__mpu.a(arm_core_mpu.c.obj)
 .debug_info    0x0001aadb     0x1ca6 zephyr/arch/arch/arm/core/aarch32/cortex_m/mpu/libarch__arm__core__aarch32__cortex_m__mpu.a(arm_mpu.c.obj)
 .debug_info    0x0001c781     0x1415 zephyr/arch/arch/arm/core/aarch32/cortex_m/cmse/libarch__arm__core__aarch32__cortex_m__cmse.a(arm_core_cmse.c.obj)
 .debug_info    0x0001db96      0xa57 zephyr/arch/arch/arm/core/aarch32/cortex_m/tz/libarch__arm__core__aarch32__cortex_m__tz.a(arm_core_tz.c.obj)
 .debug_info    0x0001e5ed      0x70d zephyr/lib/libc/minimal/liblib__libc__minimal.a(string.c.obj)
 .debug_info    0x0001ecfa      0x20b zephyr/soc/arm/common/cortex_m/libsoc__arm__common__cortex_m.a(arm_mpu_regions.c.obj)
 .debug_info    0x0001ef05     0x1043 modules/nrf/lib/fatal_error/lib..__nrf__lib__fatal_error.a(fatal_error.c.obj)
 .debug_info    0x0001ff48     0x1133 modules/nrf/subsys/fw_info/lib..__nrf__subsys__fw_info.a(fw_info.c.obj)
 .debug_info    0x0002107b      0xb69 modules/nrf/drivers/hw_cc310/lib..__nrf__drivers__hw_cc310.a(hw_cc310.c.obj)
 .debug_info    0x00021be4      0xf92 modules/nordic/lib..__modules__hal__nordic.a(system_nrf9160.c.obj)
 .debug_info    0x00022b76      0xa7d zephyr/kernel/libkernel.a(device.c.obj)
 .debug_info    0x000235f3      0x8a5 zephyr/kernel/libkernel.a(errno.c.obj)
 .debug_info    0x00023e98     0x13ba zephyr/kernel/libkernel.a(fatal.c.obj)
 .debug_info    0x00025252      0xa62 zephyr/kernel/libkernel.a(idle.c.obj)
 .debug_info    0x00025cb4     0x1d96 zephyr/kernel/libkernel.a(init.c.obj)
 .debug_info    0x00027a4a     0x1084 zephyr/kernel/libkernel.a(mem_slab.c.obj)
 .debug_info    0x00028ace     0x11f9 zephyr/kernel/libkernel.a(mutex.c.obj)
 .debug_info    0x00029cc7     0x56a1 zephyr/kernel/libkernel.a(sched.c.obj)
 .debug_info    0x0002f368     0x1659 zephyr/kernel/libkernel.a(thread.c.obj)
 .debug_info    0x000309c1     0x1c2d zephyr/kernel/libkernel.a(timeout.c.obj)
 .debug_info    0x000325ee     0x102e zephyr/kernel/libkernel.a(kheap.c.obj)
 .debug_info    0x0003361c      0x859 zephyr/CMakeFiles/offsets.dir/arch/arm/core/offsets/offsets.c.obj

.debug_abbrev   0x00000000     0x9a70
 *(SORT_BY_ALIGNMENT(.debug_abbrev))
 .debug_abbrev  0x00000000       0x5c app/libapp.a(main.c.obj)
 .debug_abbrev  0x0000005c      0x3fe zephyr/libzephyr.a(fdtable.c.obj)
 .debug_abbrev  0x0000045a      0x524 zephyr/libzephyr.a(printk.c.obj)
 .debug_abbrev  0x0000097e      0x27e zephyr/libzephyr.a(thread_entry.c.obj)
 .debug_abbrev  0x00000bfc      0x3da zephyr/libzephyr.a(heap.c.obj)
 .debug_abbrev  0x00000fd6       0x2e zephyr/libzephyr.a(configs.c.obj)
 .debug_abbrev  0x00001004      0x362 zephyr/libzephyr.a(soc.c.obj)
 .debug_abbrev  0x00001366      0x5cf zephyr/libzephyr.a(nrf_power_clock.c.obj)
 .debug_abbrev  0x00001935      0x27f zephyr/libzephyr.a(sys_clock_init.c.obj)
 .debug_abbrev  0x00001bb4      0x560 zephyr/libzephyr.a(nrf_rtc_timer.c.obj)
 .debug_abbrev  0x00002114      0x505 zephyr/libzephyr.a(spm.c.obj)
 .debug_abbrev  0x00002619      0x35f zephyr/libzephyr.a(secure_services.c.obj)
 .debug_abbrev  0x00002978      0x23f zephyr/libzephyr.a(nrf_cc310_platform_abort_zephyr.c.obj)
 .debug_abbrev  0x00002bb7      0x366 zephyr/libzephyr.a(nrf_cc310_platform_mutex_zephyr.c.obj)
 .debug_abbrev  0x00002f1d      0x10c zephyr/arch/common/libarch__common.a(isr_tables.c.obj)
 .debug_abbrev  0x00003029      0x26c zephyr/arch/arch/arm/core/aarch32/libarch__arm__core__aarch32.a(swap.c.obj)
 .debug_abbrev  0x00003295       0x12 zephyr/arch/arch/arm/core/aarch32/libarch__arm__core__aarch32.a(swap_helper.S.obj)
 .debug_abbrev  0x000032a7      0x3b4 zephyr/arch/arch/arm/core/aarch32/libarch__arm__core__aarch32.a(irq_manage.c.obj)
 .debug_abbrev  0x0000365b      0x32f zephyr/arch/arch/arm/core/aarch32/libarch__arm__core__aarch32.a(thread.c.obj)
 .debug_abbrev  0x0000398a       0x12 zephyr/arch/arch/arm/core/aarch32/libarch__arm__core__aarch32.a(cpu_idle.S.obj)
 .debug_abbrev  0x0000399c      0x381 zephyr/arch/arch/arm/core/aarch32/libarch__arm__core__aarch32.a(fatal.c.obj)
 .debug_abbrev  0x00003d1d      0x1e1 zephyr/arch/arch/arm/core/aarch32/libarch__arm__core__aarch32.a(nmi.c.obj)
 .debug_abbrev  0x00003efe       0x14 zephyr/arch/arch/arm/core/aarch32/libarch__arm__core__aarch32.a(nmi_on_reset.S.obj)
 .debug_abbrev  0x00003f12      0x32c zephyr/arch/arch/arm/core/aarch32/libarch__arm__core__aarch32.a(prep_c.c.obj)
 .debug_abbrev  0x0000423e       0x14 zephyr/arch/arch/arm/core/aarch32/libarch__arm__core__aarch32.a(isr_wrapper.S.obj)
 .debug_abbrev  0x00004252       0x14 zephyr/arch/arch/arm/core/aarch32/cortex_m/libarch__arm__core__aarch32__cortex_m.a(reset.S.obj)
 .debug_abbrev  0x00004266       0x14 zephyr/arch/arch/arm/core/aarch32/cortex_m/libarch__arm__core__aarch32__cortex_m.a(fault_s.S.obj)
 .debug_abbrev  0x0000427a      0x498 zephyr/arch/arch/arm/core/aarch32/cortex_m/libarch__arm__core__aarch32__cortex_m.a(fault.c.obj)
 .debug_abbrev  0x00004712       0x14 zephyr/arch/arch/arm/core/aarch32/cortex_m/libarch__arm__core__aarch32__cortex_m.a(exc_exit.S.obj)
 .debug_abbrev  0x00004726      0x257 zephyr/arch/arch/arm/core/aarch32/cortex_m/libarch__arm__core__aarch32__cortex_m.a(scb.c.obj)
 .debug_abbrev  0x0000497d      0x1ee zephyr/arch/arch/arm/core/aarch32/cortex_m/libarch__arm__core__aarch32__cortex_m.a(irq_init.c.obj)
 .debug_abbrev  0x00004b6b      0x308 zephyr/arch/arch/arm/core/aarch32/cortex_m/libarch__arm__core__aarch32__cortex_m.a(thread_abort.c.obj)
 .debug_abbrev  0x00004e73      0x22b zephyr/arch/arch/arm/core/aarch32/cortex_m/mpu/libarch__arm__core__aarch32__cortex_m__mpu.a(arm_core_mpu.c.obj)
 .debug_abbrev  0x0000509e      0x549 zephyr/arch/arch/arm/core/aarch32/cortex_m/mpu/libarch__arm__core__aarch32__cortex_m__mpu.a(arm_mpu.c.obj)
 .debug_abbrev  0x000055e7      0x2c4 zephyr/arch/arch/arm/core/aarch32/cortex_m/cmse/libarch__arm__core__aarch32__cortex_m__cmse.a(arm_core_cmse.c.obj)
 .debug_abbrev  0x000058ab      0x2e2 zephyr/arch/arch/arm/core/aarch32/cortex_m/tz/libarch__arm__core__aarch32__cortex_m__tz.a(arm_core_tz.c.obj)
 .debug_abbrev  0x00005b8d      0x1a2 zephyr/lib/libc/minimal/liblib__libc__minimal.a(string.c.obj)
 .debug_abbrev  0x00005d2f      0x10a zephyr/soc/arm/common/cortex_m/libsoc__arm__common__cortex_m.a(arm_mpu_regions.c.obj)
 .debug_abbrev  0x00005e39      0x2ad modules/nrf/lib/fatal_error/lib..__nrf__lib__fatal_error.a(fatal_error.c.obj)
 .debug_abbrev  0x000060e6      0x42e modules/nrf/subsys/fw_info/lib..__nrf__subsys__fw_info.a(fw_info.c.obj)
 .debug_abbrev  0x00006514      0x246 modules/nrf/drivers/hw_cc310/lib..__nrf__drivers__hw_cc310.a(hw_cc310.c.obj)