Archive member included to satisfy reference by file (symbol)

app/libapp.a(main.c.obj)      (--whole-archive)
app/libapp.a(slm_util.c.obj)  (--whole-archive)
app/libapp.a(slm_at_host.c.obj)
                              (--whole-archive)
app/libapp.a(slm_at_tcpip.c.obj)
                              (--whole-archive)
app/libapp.a(slm_at_icmp.c.obj)
                              (--whole-archive)
app/libapp.a(slm_at_gps.c.obj)
                              (--whole-archive)
app/libapp.a(slm_at_mqtt.c.obj)
                              (--whole-archive)
app/libapp.a(slm_at_ftp.c.obj)
                              (--whole-archive)
app/libapp.a(slm_at_udp_proxy.c.obj)
                              (--whole-archive)
zephyr/libzephyr.a(crc32_sw.c.obj)
                              (--whole-archive)
zephyr/libzephyr.a(crc16_sw.c.obj)
                              (--whole-archive)
zephyr/libzephyr.a(crc8_sw.c.obj)
                              (--whole-archive)
zephyr/libzephyr.a(crc7_sw.c.obj)
                              (--whole-archive)
zephyr/libzephyr.a(dec.c.obj)
                              (--whole-archive)
zephyr/libzephyr.a(fdtable.c.obj)
                              (--whole-archive)
zephyr/libzephyr.a(hex.c.obj)
                              (--whole-archive)
zephyr/libzephyr.a(mempool.c.obj)
                              (--whole-archive)
zephyr/libzephyr.a(notify.c.obj)
                              (--whole-archive)
zephyr/libzephyr.a(printk.c.obj)
                              (--whole-archive)
zephyr/libzephyr.a(onoff.c.obj)
                              (--whole-archive)
zephyr/libzephyr.a(rb.c.obj)  (--whole-archive)
zephyr/libzephyr.a(sem.c.obj)
                              (--whole-archive)
zephyr/libzephyr.a(thread_entry.c.obj)
                              (--whole-archive)
zephyr/libzephyr.a(timeutil.c.obj)
                              (--whole-archive)
zephyr/libzephyr.a(work_q.c.obj)
                              (--whole-archive)
zephyr/libzephyr.a(heap.c.obj)
                              (--whole-archive)
zephyr/libzephyr.a(heap-validate.c.obj)
                              (--whole-archive)
zephyr/libzephyr.a(configs.c.obj)
                              (--whole-archive)
zephyr/libzephyr.a(soc.c.obj)
                              (--whole-archive)
zephyr/libzephyr.a(power.c.obj)
                              (--whole-archive)
zephyr/libzephyr.a(validate_base_addresses.c.obj)
                              (--whole-archive)
zephyr/libzephyr.a(validate_enabled_instances.c.obj)
                              (--whole-archive)
zephyr/libzephyr.a(log_list.c.obj)
                              (--whole-archive)
zephyr/libzephyr.a(log_core.c.obj)
                              (--whole-archive)
zephyr/libzephyr.a(log_msg.c.obj)
                              (--whole-archive)
zephyr/libzephyr.a(log_output.c.obj)
                              (--whole-archive)
zephyr/libzephyr.a(log_backend_rtt.c.obj)
                              (--whole-archive)
zephyr/libzephyr.a(addr_utils.c.obj)
                              (--whole-archive)
zephyr/libzephyr.a(getaddrinfo.c.obj)
                              (--whole-archive)
zephyr/libzephyr.a(sockets.c.obj)
                              (--whole-archive)
zephyr/libzephyr.a(sockets_select.c.obj)
                              (--whole-archive)
zephyr/libzephyr.a(socket_offload.c.obj)
                              (--whole-archive)
zephyr/libzephyr.a(power.c.obj)
                              (--whole-archive)
zephyr/libzephyr.a(device.c.obj)
                              (--whole-archive)
zephyr/libzephyr.a(policy_residency.c.obj)
                              (--whole-archive)
zephyr/libzephyr.a(rtt_console.c.obj)
                              (--whole-archive)
zephyr/libzephyr.a(nrf_power_clock.c.obj)
                              (--whole-archive)
zephyr/libzephyr.a(sys_clock_init.c.obj)
                              (--whole-archive)
zephyr/libzephyr.a(nrf_rtc_timer.c.obj)
                              (--whole-archive)
zephyr/libzephyr.a(secure_services_ns.c.obj)
                              (--whole-archive)
zephyr/libzephyr.a(SEGGER_RTT.c.obj)
                              (--whole-archive)
zephyr/libzephyr.a(SEGGER_RTT_zephyr.c.obj)
                              (--whole-archive)
zephyr/arch/common/libarch__common.a(isr_tables.c.obj)
                              (--whole-archive)
zephyr/arch/common/libarch__common.a(sw_isr_common.c.obj)
                              (--whole-archive)
zephyr/arch/arch/arm/core/aarch32/libarch__arm__core__aarch32.a(swap.c.obj)
                              (--whole-archive)
zephyr/arch/arch/arm/core/aarch32/libarch__arm__core__aarch32.a(irq_manage.c.obj)
                              (--whole-archive)
zephyr/arch/arch/arm/core/aarch32/libarch__arm__core__aarch32.a(thread.c.obj)
                              (--whole-archive)
zephyr/arch/arch/arm/core/aarch32/libarch__arm__core__aarch32.a(fatal.c.obj)
[...]
Memory Configuration

Name             Origin             Length             Attributes
FLASH            0x0000c000         0x000f4000         xr
SRAM             0x20020000         0x00020000         xw
IDT_LIST         0x20040000         0x00000800         xw
*default*        0x00000000         0xffffffff

Linker script and memory map

LOAD zephyr/CMakeFiles/zephyr_prebuilt.dir/misc/empty_file.c.obj
                0x00000020                _region_min_align = 0x20

.rel.plt        0x0000c000        0x0
 *(SORT_BY_ALIGNMENT(.rel.plt))
                [!provide]                PROVIDE (__rel_iplt_start = .)
 *(SORT_BY_ALIGNMENT(.rel.iplt))
 .rel.iplt      0x0000c000        0x0 app/libapp.a(main.c.obj)
                [!provide]                PROVIDE (__rel_iplt_end = .)

.rela.plt       0x00000000        0x0
 *(SORT_BY_ALIGNMENT(.rela.plt))
                [!provide]                PROVIDE (__rela_iplt_start = .)
 *(SORT_BY_ALIGNMENT(.rela.iplt))
                [!provide]                PROVIDE (__rela_iplt_end = .)

.rel.dyn
 *(SORT_BY_ALIGNMENT(.rel.*))

.rela.dyn
 *(SORT_BY_ALIGNMENT(.rela.*))

/DISCARD/
 *(SORT_BY_ALIGNMENT(.plt))
 *(SORT_BY_ALIGNMENT(.iplt))
 *(SORT_BY_ALIGNMENT(.got.plt))
 *(SORT_BY_ALIGNMENT(.igot.plt))
 *(SORT_BY_ALIGNMENT(.got))
 *(SORT_BY_ALIGNMENT(.igot))
 *(SORT_BY_ALIGNMENT(.note.GNU-stack))
                0x0000c000                _image_rom_start = 0xc000

rom_start       0x0000c000      0x23c
                0x00000000                . = 0x0
                0x00000000                . = ALIGN (0x4)
                0x0000c000                _vector_start = .
 *(SORT_BY_ALIGNMENT(.exc_vector_table))
 *(SORT_BY_ALIGNMENT(.exc_vector_table.*))
 .exc_vector_table._vector_table_section
                0x0000c000       0x40 zephyr/arch/arch/arm/core/aarch32/cortex_m/libarch__arm__core__aarch32__cortex_m.a(vector_table.S.obj)
                0x0000c000                _vector_table
 *(SORT_BY_ALIGNMENT(.gnu.linkonce.irq_vector_table))
 .gnu.linkonce.irq_vector_table
                0x0000c040      0x104 zephyr/arch/common/libarch__common.a(isr_tables.c.obj)
                0x0000c040                _irq_vector_table
 *(SORT_BY_ALIGNMENT(.vectors))
                0x0000c144                _vector_end = .
 *(SORT_BY_ALIGNMENT(.openocd_dbg))
 *(SORT_BY_ALIGNMENT(.openocd_dbg.*))
                0x00000200                . = 0x200
 *fill*         0x0000c144       0xbc 
                0x0000c200                _fw_info_start = .
 *(SORT_BY_NAME(SORT_BY_ALIGNMENT(.firmware_info*)))
 .firmware_info
                0x0000c200       0x3c modules/nrf/subsys/fw_info/lib..__nrf__subsys__fw_info.a(fw_info.c.obj)
                0x0000c200                m_firmware_info
                0x0000003c                _fw_info_size = ABSOLUTE ((. - _fw_info_start))

text            0x0000c240    0x1b614
                0x0000c240                _image_text_start = .
 *(SORT_BY_ALIGNMENT(.text))
 .text          0x0000c240      0x378 c:/nordicsdk/v1.3.1/toolchain/opt/bin/../lib/gcc/arm-none-eabi/9.2.1/thumb/v8-m.main+fp/hard\libgcc.a(_arm_addsubdf3.o)
                0x0000c240                __aeabi_drsub
                0x0000c248                __aeabi_dsub
                0x0000c248                __subdf3
                0x0000c24c                __aeabi_dadd
                0x0000c24c                __adddf3
                0x0000c4c4                __floatunsidf
                0x0000c4c4                __aeabi_ui2d
                0x0000c4e4                __floatsidf
                0x0000c4e4                __aeabi_i2d
                0x0000c508                __aeabi_f2d
                0x0000c508                __extendsfdf2
                0x0000c54c                __floatundidf
                0x0000c54c                __aeabi_ul2d
                0x0000c55c                __floatdidf
                0x0000c55c                __aeabi_l2d
 .text          0x0000c5b8       0x30 c:/nordicsdk/v1.3.1/toolchain/opt/bin/../lib/gcc/arm-none-eabi/9.2.1/thumb/v8-m.main+fp/hard\libgcc.a(_aeabi_uldivmod.o)
                0x0000c5b8                __aeabi_uldivmod
 .text          0x0000c5e8      0x2c0 c:/nordicsdk/v1.3.1/toolchain/opt/bin/../lib/gcc/arm-none-eabi/9.2.1/thumb/v8-m.main+fp/hard\libgcc.a(_udivmoddi4.o)
                0x0000c5e8                __udivmoddi4
 .text          0x0000c8a8        0x4 c:/nordicsdk/v1.3.1/toolchain/opt/bin/../lib/gcc/arm-none-eabi/9.2.1/thumb/v8-m.main+fp/hard\libgcc.a(_dvmd_tls.o)
                0x0000c8a8                __aeabi_idiv0
                0x0000c8a8                __aeabi_ldiv0
 .text          0x0000c8ac      0x424 c:/nordicsdk/v1.3.1/toolchain/opt/bin/../lib/gcc/arm-none-eabi/9.2.1/thumb/v8-m.main+fp/hard\libgcc.a(_arm_muldivdf3.o)
                0x0000c8ac                __aeabi_dmul
                0x0000c8ac                __muldf3
                0x0000cb00                __divdf3
                0x0000cb00                __aeabi_ddiv
 .text          0x0000ccd0      0x110 c:/nordicsdk/v1.3.1/toolchain/opt/bin/../lib/gcc/arm-none-eabi/9.2.1/thumb/v8-m.main+fp/hard\libgcc.a(_arm_cmpdf2.o)
                0x0000ccd0                __gtdf2
                0x0000ccd0                __gedf2
                0x0000ccd8                __ltdf2
                0x0000ccd8                __ledf2
                0x0000cce0                __nedf2
                0x0000cce0                __eqdf2
                0x0000cce0                __cmpdf2
                0x0000cd5c                __aeabi_cdrcmple
                0x0000cd6c                __aeabi_cdcmpeq
                0x0000cd6c                __aeabi_cdcmple
                0x0000cd7c                __aeabi_dcmpeq
                0x0000cd90                __aeabi_dcmplt
                0x0000cda4                __aeabi_dcmple
                0x0000cdb8                __aeabi_dcmpge
                0x0000cdcc                __aeabi_dcmpgt
 .text          0x0000cde0       0x2c c:/nordicsdk/v1.3.1/toolchain/opt/bin/../lib/gcc/arm-none-eabi/9.2.1/thumb/v8-m.main+fp/hard\libgcc.a(_arm_unorddf2.o)
                0x0000cde0                __unorddf2
                0x0000cde0                __aeabi_dcmpun
 .text          0x0000ce0c       0x50 c:/nordicsdk/v1.3.1/toolchain/opt/bin/../lib/gcc/arm-none-eabi/9.2.1/thumb/v8-m.main+fp/hard\libgcc.a(_arm_fixdfsi.o)
                0x0000ce0c                __aeabi_d2iz
                0x0000ce0c                __fixdfsi
 .text          0x0000ce5c       0x14 C:/NordicSDK/v1.3.1/toolchain/opt/arm-none-eabi/lib/thumb/v8-m.main+fp/hard\libc_nano.a(lib_a-strcmp.o)
                0x0000ce5c                strcmp
 .text          0x0000ce70       0x10 C:/NordicSDK/v1.3.1/toolchain/opt/arm-none-eabi/lib/thumb/v8-m.main+fp/hard\libc_nano.a(lib_a-strlen.o)
                0x0000ce70                strlen
 *(SORT_BY_ALIGNMENT(.text.*))
 .text._dtoa_r  0x0000ce80      0xbb8 C:/NordicSDK/v1.3.1/toolchain/opt/arm-none-eabi/lib/thumb/v8-m.main+fp/hard\libc_nano.a(lib_a-dtoa.o)
                0x0000ce80                _dtoa_r
 .text.gpio_callback
                0x0000da38       0x28 app/libapp.a(main.c.obj)
 .text.exit_idle
                0x0000da60       0x70 app/libapp.a(main.c.obj)
 .text.bsd_recoverable_error_handler
                0x0000dad0       0x24 app/libapp.a(main.c.obj)
                0x0000dad0                bsd_recoverable_error_handler
 .text.enter_idle
                0x0000daf4       0xbc app/libapp.a(main.c.obj)
                0x0000daf4                enter_idle
 .text.enter_sleep
                0x0000dbb0       0x34 app/libapp.a(main.c.obj)
                0x0000dbb0                enter_sleep
 .text.start_execute
                0x0000dbe4       0xa4 app/libapp.a(main.c.obj)
                0x0000dbe4                start_execute
 .text.main     0x0000dc88       0x78 app/libapp.a(main.c.obj)
                0x0000dc88                main
 .text.slm_util_casecmp
                0x0000dd00       0x50 app/libapp.a(slm_util.c.obj)
                0x0000dd00                slm_util_casecmp
 .text.slm_util_cmd_casecmp
                0x0000dd50       0x6c app/libapp.a(slm_util.c.obj)
                0x0000dd50                slm_util_cmd_casecmp
 .text.slm_util_htoa
                0x0000ddbc       0x44 app/libapp.a(slm_util.c.obj)
                0x0000ddbc                slm_util_htoa
 .text.uart_callback
                0x0000de00      0x1ec app/libapp.a(slm_at_host.c.obj)
 .text.rsp_send
                0x0000dfec       0x98 app/libapp.a(slm_at_host.c.obj)
                0x0000dfec                rsp_send
 .text.slm_at_host_init
                0x0000e084      0x240 app/libapp.a(slm_at_host.c.obj)
                0x0000e084                slm_at_host_init
 .text.slm_at_host_uninit
                0x0000e2c4      0x13c app/libapp.a(slm_at_host.c.obj)
                0x0000e2c4                slm_at_host_uninit
 .text.cmd_send
                0x0000e400      0x2c4 app/libapp.a(slm_at_host.c.obj)
 .text.handle_at_psm
                0x0000e6c4       0x60 app/libapp.a(slm_at_tcpip.c.obj)
 .text.handle_at_bahe
                0x0000e724       0x44 app/libapp.a(slm_at_tcpip.c.obj)
 .text.handle_at_led
                0x0000e768       0x68 app/libapp.a(slm_at_tcpip.c.obj)
 .text.handle_at_getaddrinfo
                0x0000e7d0      0x150 app/libapp.a(slm_at_tcpip.c.obj)
 .text.parse_host_by_ipv4
                0x0000e920       0x28 app/libapp.a(slm_at_tcpip.c.obj)
 .text.parse_host_by_name
                0x0000e948       0x98 app/libapp.a(slm_at_tcpip.c.obj)
 .text.do_udp_init
                0x0000e9e0       0x54 app/libapp.a(slm_at_tcpip.c.obj)
 .text.handle_at_socketopt
                0x0000ea34      0x1ac app/libapp.a(slm_at_tcpip.c.obj)
 .text.do_socket_close
                0x0000ebe0       0x94 app/libapp.a(slm_at_tcpip.c.obj)
 .text.handle_at_recvfrom
                0x0000ec74      0x228 app/libapp.a(slm_at_tcpip.c.obj)
 .text.do_recv  0x0000ee9c      0x1a4 app/libapp.a(slm_at_tcpip.c.obj)
 .text.handle_at_recv
                0x0000f040       0x6c app/libapp.a(slm_at_tcpip.c.obj)
 .text.do_sendto
                0x0000f0ac       0xf4 app/libapp.a(slm_at_tcpip.c.obj)
 .text.handle_at_sendto
                0x0000f1a0      0x110 app/libapp.a(slm_at_tcpip.c.obj)
 .text.do_send  0x0000f2b0      0x10c app/libapp.a(slm_at_tcpip.c.obj)
 .text.handle_at_send
                0x0000f3bc       0xb8 app/libapp.a(slm_at_tcpip.c.obj)
 .text.handle_at_accept
                0x0000f474      0x178 app/libapp.a(slm_at_tcpip.c.obj)
 .text.handle_at_listen
                0x0000f5ec       0xc4 app/libapp.a(slm_at_tcpip.c.obj)
 .text.handle_at_connect
                0x0000f6b0      0x168 app/libapp.a(slm_at_tcpip.c.obj)
 .text.handle_at_bind
                0x0000f818      0x15c app/libapp.a(slm_at_tcpip.c.obj)
 .text.handle_at_socket
                0x0000f974      0x308 app/libapp.a(slm_at_tcpip.c.obj)
 .text.slm_at_tcpip_parse
                0x0000fc7c       0x78 app/libapp.a(slm_at_tcpip.c.obj)
                0x0000fc7c                slm_at_tcpip_parse
 .text.slm_at_tcpip_clac
                0x0000fcf4       0x44 app/libapp.a(slm_at_tcpip.c.obj)
                0x0000fcf4                slm_at_tcpip_clac
 .text.slm_at_tcpip_init
                0x0000fd38       0x18 app/libapp.a(slm_at_tcpip.c.obj)
                0x0000fd38                slm_at_tcpip_init
 .text.handle_at_icmp_ping
                0x0000fd50      0x230 app/libapp.a(slm_at_icmp.c.obj)
 .text.send_ping_wait_reply
                0x0000ff80      0x2c4 app/libapp.a(slm_at_icmp.c.obj)
 .text.ping_task
                0x00010244       0xc0 app/libapp.a(slm_at_icmp.c.obj)
                0x00010244                ping_task
 .text.slm_at_icmp_parse
                0x00010304       0x5c app/libapp.a(slm_at_icmp.c.obj)
                0x00010304                slm_at_icmp_parse
 .text.slm_at_icmp_clac
                0x00010360       0x38 app/libapp.a(slm_at_icmp.c.obj)
                0x00010360                slm_at_icmp_clac
 .text.slm_at_icmp_init
                0x00010398       0x18 app/libapp.a(slm_at_icmp.c.obj)
                0x00010398                slm_at_icmp_init
 .text.do_gps_stop
                0x000103b0       0x94 app/libapp.a(slm_at_gps.c.obj)
 .text.gps_thread_fn
                0x00010444      0x204 app/libapp.a(slm_at_gps.c.obj)
 .text.slm_at_gps_parse
                0x00010648      0x344 app/libapp.a(slm_at_gps.c.obj)
                0x00010648                slm_at_gps_parse
 .text.slm_at_gps_clac
                0x0001098c       0x38 app/libapp.a(slm_at_gps.c.obj)
                0x0001098c                slm_at_gps_clac
 .text.slm_at_gps_init
                0x000109c4       0x1c app/libapp.a(slm_at_gps.c.obj)
                0x000109c4                slm_at_gps_init
 .text.slm_at_gps_uninit
                0x000109e0       0x20 app/libapp.a(slm_at_gps.c.obj)
                0x000109e0                slm_at_gps_uninit
 .text.mqtt_evt_handler
                0x00010a00      0x1c4 app/libapp.a(slm_at_mqtt.c.obj)
                0x00010a00                mqtt_evt_handler
 .text.mqtt_thread_fn
                0x00010bc4       0xd8 app/libapp.a(slm_at_mqtt.c.obj)
 .text.handle_at_mqtt_unsubscribe
                0x00010c9c       0x90 app/libapp.a(slm_at_mqtt.c.obj)
 .text.handle_at_mqtt_subscribe
                0x00010d2c       0xa8 app/libapp.a(slm_at_mqtt.c.obj)
 .text.handle_at_mqtt_publish
                0x00010dd4      0x184 app/libapp.a(slm_at_mqtt.c.obj)
 .text.slm_at_mqtt_parse
                0x00010f58       0x78 app/libapp.a(slm_at_mqtt.c.obj)
                0x00010f58                slm_at_mqtt_parse
 .text.slm_at_mqtt_clac
                0x00010fd0       0x44 app/libapp.a(slm_at_mqtt.c.obj)
                0x00010fd0                slm_at_mqtt_clac
 .text.slm_at_mqtt_uninit
                0x00011014       0x18 app/libapp.a(slm_at_mqtt.c.obj)
                0x00011014                slm_at_mqtt_uninit
 .text.handle_at_mqtt_connect
                0x0001102c      0x374 app/libapp.a(slm_at_mqtt.c.obj)
 .text.do_ftp_put
                0x000113a0       0xbc app/libapp.a(slm_at_ftp.c.obj)
 .text.do_ftp_get
                0x0001145c       0x48 app/libapp.a(slm_at_ftp.c.obj)
 .text.do_ftp_delete
                0x000114a4       0x48 app/libapp.a(slm_at_ftp.c.obj)
 .text.do_ftp_rename
                0x000114ec       0x60 app/libapp.a(slm_at_ftp.c.obj)
 .text.do_ftp_rmdir
                0x0001154c       0x48 app/libapp.a(slm_at_ftp.c.obj)
 .text.do_ftp_mkdir
                0x00011594       0x4c app/libapp.a(slm_at_ftp.c.obj)
 .text.do_ftp_cd
                0x000115e0       0x48 app/libapp.a(slm_at_ftp.c.obj)
 .text.do_ftp_open
                0x00011628      0x124 app/libapp.a(slm_at_ftp.c.obj)
 .text.ftp_data_callback
                0x0001174c       0x58 app/libapp.a(slm_at_ftp.c.obj)
                0x0001174c                ftp_data_callback
 .text.do_ftp_ls
                0x000117a4       0x78 app/libapp.a(slm_at_ftp.c.obj)
 .text.slm_at_ftp_parse
                0x0001181c       0xb8 app/libapp.a(slm_at_ftp.c.obj)
                0x0001181c                slm_at_ftp_parse
 .text.slm_at_ftp_clac
                0x000118d4       0x38 app/libapp.a(slm_at_ftp.c.obj)
                0x000118d4                slm_at_ftp_clac
 .text.slm_at_ftp_init
                0x0001190c       0x10 app/libapp.a(slm_at_ftp.c.obj)
                0x0001190c                slm_at_ftp_init
 .text.udp_thread_func
                0x0001191c      0x160 app/libapp.a(slm_at_udp_proxy.c.obj)
 .text.do_udp_server_stop.part.0
                0x00011a7c       0x84 app/libapp.a(slm_at_udp_proxy.c.obj)
 .text.handle_at_udp_client
                0x00011b00      0x364 app/libapp.a(slm_at_udp_proxy.c.obj)
 .text.handle_at_udp_server
                0x00011e64      0x2f4 app/libapp.a(slm_at_udp_proxy.c.obj)
 .text.do_udp_send
                0x00012158      0x110 app/libapp.a(slm_at_udp_proxy.c.obj)
 .text.handle_at_udp_send
                0x00012268       0x98 app/libapp.a(slm_at_udp_proxy.c.obj)
 .text.slm_at_udp_proxy_parse
                0x00012300       0x90 app/libapp.a(slm_at_udp_proxy.c.obj)
                0x00012300                slm_at_udp_proxy_parse
 .text.slm_at_udp_proxy_clac
                0x00012390       0x44 app/libapp.a(slm_at_udp_proxy.c.obj)
                0x00012390                slm_at_udp_proxy_clac
 .text.slm_at_udp_proxy_init
                0x000123d4       0x20 app/libapp.a(slm_at_udp_proxy.c.obj)
                0x000123d4                slm_at_udp_proxy_init
 .text.slm_at_udp_proxy_uninit
                0x000123f4       0x5c app/libapp.a(slm_at_udp_proxy.c.obj)
                0x000123f4                slm_at_udp_proxy_uninit
 .text._check_fd
                0x00012450       0x28 zephyr/libzephyr.a(fdtable.c.obj)
 .text.z_get_fd_obj
                0x00012478       0x34 zephyr/libzephyr.a(fdtable.c.obj)
                0x00012478                z_get_fd_obj
 .text.z_get_fd_obj_and_vtable
                0x000124ac       0x28 zephyr/libzephyr.a(fdtable.c.obj)
                0x000124ac                z_get_fd_obj_and_vtable
 .text.z_reserve_fd
                0x000124d4       0x48 zephyr/libzephyr.a(fdtable.c.obj)
                0x000124d4                z_reserve_fd
 .text.z_finalize_fd
                0x0001251c       0x14 zephyr/libzephyr.a(fdtable.c.obj)
                0x0001251c                z_finalize_fd
 .text.z_free_fd
                0x00012530       0x10 zephyr/libzephyr.a(fdtable.c.obj)
                0x00012530                z_free_fd
 .text._printk_dec_ulong
                0x00012540       0xa8 zephyr/libzephyr.a(printk.c.obj)
 .text.__printk_hook_install
                0x000125e8        0xc zephyr/libzephyr.a(printk.c.obj)
                0x000125e8                __printk_hook_install
 .text.z_vprintk
                0x000125f4      0x328 zephyr/libzephyr.a(printk.c.obj)
                0x000125f4                z_vprintk
 .text.vsnprintk
                0x0001291c       0x28 zephyr/libzephyr.a(printk.c.obj)
                0x0001291c                vsnprintk
 .text.nordicsemi_nrf91_init
                0x00012944       0x28 zephyr/libzephyr.a(soc.c.obj)
 .text.arch_busy_wait
                0x0001296c       0x14 zephyr/libzephyr.a(soc.c.obj)
                0x0001296c                arch_busy_wait
 .text.enable_logger
                0x00012980       0x5c zephyr/libzephyr.a(log_core.c.obj)
 .text.log_process_thread_timer_expiry_fn
                0x000129dc        0xc zephyr/libzephyr.a(log_core.c.obj)
 .text.z_log_get_s_mask
                0x000129e8       0x48 zephyr/libzephyr.a(log_core.c.obj)
                0x000129e8                z_log_get_s_mask
 .text.log_core_init
                0x00012a30       0x40 zephyr/libzephyr.a(log_core.c.obj)
                0x00012a30                log_core_init
 .text.dropped_notify
                0x00012a70       0x44 zephyr/libzephyr.a(log_core.c.obj)
                0x00012a70                dropped_notify
 .text.log_dropped
                0x00012ab4       0x18 zephyr/libzephyr.a(log_core.c.obj)
                0x00012ab4                log_dropped
 .text.log_source_name_get
                0x00012acc       0x1c zephyr/libzephyr.a(log_core.c.obj)
                0x00012acc                log_source_name_get
 .text.log_backend_enable
                0x00012ae8       0x34 zephyr/libzephyr.a(log_core.c.obj)
                0x00012ae8                log_backend_enable
 .text.log_init
                0x00012b1c       0x6c zephyr/libzephyr.a(log_core.c.obj)
                0x00012b1c                log_init
 .text.log_strdup
                0x00012b88       0x64 zephyr/libzephyr.a(log_core.c.obj)
                0x00012b88                log_strdup
 .text.log_is_strdup
                0x00012bec       0x1c zephyr/libzephyr.a(log_core.c.obj)
                0x00012bec                log_is_strdup
 .text.z_impl_log_process
                0x00012c08      0x168 zephyr/libzephyr.a(log_core.c.obj)
                0x00012c08                z_impl_log_process
 .text.msg_finalize
                0x00012d70       0xbc zephyr/libzephyr.a(log_core.c.obj)
 .text.log_process_thread_func
                0x00012e2c       0x48 zephyr/libzephyr.a(log_core.c.obj)
 .text.z_impl_log_panic
                0x00012e74       0x48 zephyr/libzephyr.a(log_core.c.obj)
                0x00012e74                z_impl_log_panic
 .text.log_free
                0x00012ebc       0x2c zephyr/libzephyr.a(log_core.c.obj)
                0x00012ebc                log_free
 .text.log_msg_pool_init
                0x00012ee8       0x14 zephyr/libzephyr.a(log_msg.c.obj)
                0x00012ee8                log_msg_pool_init
 .text.log_msg_no_space_handle
                0x00012efc       0x30 zephyr/libzephyr.a(log_msg.c.obj)
                0x00012efc                log_msg_no_space_handle
 .text.log_msg_chunk_alloc
                0x00012f2c       0x28 zephyr/libzephyr.a(log_msg.c.obj)
                0x00012f2c                log_msg_chunk_alloc
 .text.msg_free
                0x00012f54       0x7c zephyr/libzephyr.a(log_msg.c.obj)
 .text.print_formatted
                0x00012fd0       0x24 zephyr/libzephyr.a(log_output.c.obj)
 .text.prefix_print
                0x00012ff4      0x11c zephyr/libzephyr.a(log_output.c.obj)
 .text.postfix_print
                0x00013110       0x3c zephyr/libzephyr.a(log_output.c.obj)
 .text.hexdump_line_print
                0x0001314c       0xe4 zephyr/libzephyr.a(log_output.c.obj)
 .text.log_output_msg_process
                0x00013230       0xf8 zephyr/libzephyr.a(log_output.c.obj)
                0x00013230                log_output_msg_process
 .text.log_output_dropped_process
                0x00013328       0x54 zephyr/libzephyr.a(log_output.c.obj)
                0x00013328                log_output_dropped_process
 .text.log_output_timestamp_freq_set
                0x0001337c       0x30 zephyr/libzephyr.a(log_output.c.obj)
                0x0001337c                log_output_timestamp_freq_set
 .text.log_backend_rtt_init
                0x000133ac        0xc zephyr/libzephyr.a(log_backend_rtt.c.obj)
 .text.panic    0x000133b8       0x18 zephyr/libzephyr.a(log_backend_rtt.c.obj)
 .text.dropped  0x000133d0        0xc zephyr/libzephyr.a(log_backend_rtt.c.obj)
 .text.put      0x000133dc       0x24 zephyr/libzephyr.a(log_backend_rtt.c.obj)
 .text.on_failed_write.part.0
                0x00013400       0x1c zephyr/libzephyr.a(log_backend_rtt.c.obj)
 .text.data_out_block_mode
                0x0001341c       0xa0 zephyr/libzephyr.a(log_backend_rtt.c.obj)
 .text.z_impl_zsock_socket
                0x000134bc       0x4c zephyr/libzephyr.a(sockets.c.obj)
                0x000134bc                z_impl_zsock_socket
 .text.z_impl_zsock_poll
                0x00013508      0x1c0 zephyr/libzephyr.a(sockets.c.obj)
                0x00013508                z_impl_zsock_poll
 .text.socket_offload_dns_register
                0x000136c8        0xc zephyr/libzephyr.a(socket_offload.c.obj)
                0x000136c8                socket_offload_dns_register
 .text.socket_offload_getaddrinfo
                0x000136d4       0x14 zephyr/libzephyr.a(socket_offload.c.obj)
                0x000136d4                socket_offload_getaddrinfo
 .text.socket_offload_freeaddrinfo
                0x000136e8        0xc zephyr/libzephyr.a(socket_offload.c.obj)
                0x000136e8                socket_offload_freeaddrinfo
 .text.sys_pm_create_device_list
                0x000136f4       0x90 zephyr/libzephyr.a(device.c.obj)
                0x000136f4                sys_pm_create_device_list
 .text.rtt_console_init
                0x00013784       0x18 zephyr/libzephyr.a(rtt_console.c.obj)
 .text.rtt_console_out
                0x0001379c       0x6c zephyr/libzephyr.a(rtt_console.c.obj)
 .text.clock_async_start
                0x00013808       0xd0 zephyr/libzephyr.a(nrf_power_clock.c.obj)
 .text.clk_init
                0x000138d8       0x38 zephyr/libzephyr.a(nrf_power_clock.c.obj)
 .text.clkstarted_handle.constprop.0
                0x00013910       0x50 zephyr/libzephyr.a(nrf_power_clock.c.obj)
 .text.nrf_power_clock_isr
                0x00013960       0x54 zephyr/libzephyr.a(nrf_power_clock.c.obj)
                0x00013960                nrf_power_clock_isr
 .text.handle_next_tick_case
                0x000139b4       0x28 zephyr/libzephyr.a(nrf_rtc_timer.c.obj)
 .text.rtc1_nrf_isr
                0x000139dc       0x24 zephyr/libzephyr.a(nrf_rtc_timer.c.obj)
                0x000139dc                rtc1_nrf_isr
 .text.z_clock_driver_init
                0x00013a00       0x68 zephyr/libzephyr.a(nrf_rtc_timer.c.obj)
                0x00013a00                z_clock_driver_init
 .text.z_clock_set_timeout
                0x00013a68       0xc8 zephyr/libzephyr.a(nrf_rtc_timer.c.obj)
                0x00013a68                z_clock_set_timeout
 .text.z_clock_elapsed
                0x00013b30       0x34 zephyr/libzephyr.a(nrf_rtc_timer.c.obj)
                0x00013b30                z_clock_elapsed
 .text.z_timer_cycle_get_32
                0x00013b64       0x34 zephyr/libzephyr.a(nrf_rtc_timer.c.obj)
                0x00013b64                z_timer_cycle_get_32
 .text._DoInit  0x00013b98       0x60 zephyr/libzephyr.a(SEGGER_RTT.c.obj)
 .text.SEGGER_RTT_WriteSkipNoLock
                0x00013bf8       0x98 zephyr/libzephyr.a(SEGGER_RTT.c.obj)
                0x00013bf8                SEGGER_RTT_WriteSkipNoLock
 .text.SEGGER_RTT_WriteNoLock
                0x00013c90       0x68 zephyr/libzephyr.a(SEGGER_RTT.c.obj)
                0x00013c90                SEGGER_RTT_WriteNoLock
 .text.SEGGER_RTT_HasDataUp
                0x00013cf8       0x14 zephyr/libzephyr.a(SEGGER_RTT.c.obj)
                0x00013cf8                SEGGER_RTT_HasDataUp
 .text.arch_swap
                0x00013d0c       0x34 zephyr/arch/arch/arm/core/aarch32/libarch__arm__core__aarch32.a(swap.c.obj)
                0x00013d0c                arch_swap
 .text.arch_irq_enable
                0x00013d40       0x20 zephyr/arch/arch/arm/core/aarch32/libarch__arm__core__aarch32.a(irq_manage.c.obj)
                0x00013d40                arch_irq_enable
 .text.arch_irq_disable
                0x00013d60       0x28 zephyr/arch/arch/arm/core/aarch32/libarch__arm__core__aarch32.a(irq_manage.c.obj)
                0x00013d60                arch_irq_disable
 .text.z_arm_irq_priority_set
                0x00013d88       0x2c zephyr/arch/arch/arm/core/aarch32/libarch__arm__core__aarch32.a(irq_manage.c.obj)
                0x00013d88                z_arm_irq_priority_set
 .text._arch_isr_direct_pm
                0x00013db4       0x1c zephyr/arch/arch/arm/core/aarch32/libarch__arm__core__aarch32.a(irq_manage.c.obj)
                0x00013db4                _arch_isr_direct_pm
 .text.arch_new_thread
                0x00013dd0       0x38 zephyr/arch/arch/arm/core/aarch32/libarch__arm__core__aarch32.a(thread.c.obj)
                0x00013dd0                arch_new_thread
 .text.arch_switch_to_main_thread
                0x00013e08       0x4c zephyr/arch/arch/arm/core/aarch32/libarch__arm__core__aarch32.a(thread.c.obj)
                0x00013e08                arch_switch_to_main_thread
 .text.z_arm_fatal_error
                0x00013e54       0xe8 zephyr/arch/arch/arm/core/aarch32/libarch__arm__core__aarch32.a(fatal.c.obj)
                0x00013e54                z_arm_fatal_error
 .text.z_arm_prep_c
                0x00013f3c       0x5c zephyr/arch/arch/arm/core/aarch32/libarch__arm__core__aarch32.a(prep_c.c.obj)
                0x00013f3c                z_arm_prep_c
 .text.z_arm_pendsv
                0x00013f98       0xa4 zephyr/arch/arch/arm/core/aarch32/libarch__arm__core__aarch32.a(swap_helper.S.obj)
                0x00013f98                z_arm_pendsv
 .text.z_arm_svc
                0x0001403c       0x20 zephyr/arch/arch/arm/core/aarch32/libarch__arm__core__aarch32.a(swap_helper.S.obj)
                0x0001403c                z_arm_svc
 .text.z_arm_cpu_idle_init
                0x0001405c        0xc zephyr/arch/arch/arm/core/aarch32/libarch__arm__core__aarch32.a(cpu_idle.S.obj)
                0x0001405c                z_arm_cpu_idle_init
 .text.arch_cpu_idle
                0x00014068       0x1c zephyr/arch/arch/arm/core/aarch32/libarch__arm__core__aarch32.a(cpu_idle.S.obj)
                0x00014068                arch_cpu_idle
 .text.z_SysNmiOnReset
                0x00014084        0x8 zephyr/arch/arch/arm/core/aarch32/libarch__arm__core__aarch32.a(nmi_on_reset.S.obj)
                0x00014084                z_SysNmiOnReset
 .text._isr_wrapper
                0x0001408c       0x40 zephyr/arch/arch/arm/core/aarch32/libarch__arm__core__aarch32.a(isr_wrapper.S.obj)
                0x0001408c                _isr_wrapper
 .text._reset_section
                0x000140cc       0x30 zephyr/arch/arch/arm/core/aarch32/cortex_m/libarch__arm__core__aarch32__cortex_m.a(reset.S.obj)
                0x000140cc                __start
                0x000140cc                z_arm_reset
 .text.__fault  0x000140fc       0x14 zephyr/arch/arch/arm/core/aarch32/cortex_m/libarch__arm__core__aarch32__cortex_m.a(fault_s.S.obj)
                0x000140fc                z_arm_usage_fault
                0x000140fc                z_arm_mpu_fault
                0x000140fc                z_arm_exc_spurious
                0x000140fc                z_arm_debug_monitor
                0x000140fc                z_arm_hard_fault
                0x000140fc                z_arm_bus_fault
 .text._HandlerModeExit
                0x00014110       0x28 zephyr/arch/arch/arm/core/aarch32/cortex_m/libarch__arm__core__aarch32__cortex_m.a(exc_exit.S.obj)
                0x00014110                z_arm_int_exit
                0x00014110                z_arm_exc_exit
 .text.usage_fault.isra.0
                0x00014138       0xcc zephyr/arch/arch/arm/core/aarch32/cortex_m/libarch__arm__core__aarch32__cortex_m.a(fault.c.obj)
 .text.mem_manage_fault.isra.0
                0x00014204       0xcc zephyr/arch/arch/arm/core/aarch32/cortex_m/libarch__arm__core__aarch32__cortex_m.a(fault.c.obj)
 .text.bus_fault.isra.0
                0x000142d0       0xdc zephyr/arch/arch/arm/core/aarch32/cortex_m/libarch__arm__core__aarch32__cortex_m.a(fault.c.obj)
 .text.z_arm_fault
                0x000143ac      0x1a8 zephyr/arch/arch/arm/core/aarch32/cortex_m/libarch__arm__core__aarch32__cortex_m.a(fault.c.obj)
                0x000143ac                z_arm_fault
 .text.z_arm_fault_init
                0x00014554       0x10 zephyr/arch/arch/arm/core/aarch32/cortex_m/libarch__arm__core__aarch32__cortex_m.a(fault.c.obj)
                0x00014554                z_arm_fault_init
 .text.sys_arch_reboot
                0x00014564       0x24 zephyr/arch/arch/arm/core/aarch32/cortex_m/libarch__arm__core__aarch32__cortex_m.a(scb.c.obj)
                0x00014564                sys_arch_reboot
 .text.z_arm_interrupt_init
                0x00014588       0x18 zephyr/arch/arch/arm/core/aarch32/cortex_m/libarch__arm__core__aarch32__cortex_m.a(irq_init.c.obj)
                0x00014588                z_arm_interrupt_init
 .text.z_impl_k_thread_abort
                0x000145a0       0x50 zephyr/arch/arch/arm/core/aarch32/cortex_m/libarch__arm__core__aarch32__cortex_m.a(thread_abort.c.obj)
                0x000145a0                z_impl_k_thread_abort
 .text.z_arm_configure_static_mpu_regions
                0x000145f0       0x54 zephyr/arch/arch/arm/core/aarch32/cortex_m/mpu/libarch__arm__core__aarch32__cortex_m__mpu.a(arm_core_mpu.c.obj)
                0x000145f0                z_arm_configure_static_mpu_regions
 .text.region_init
                0x00014644       0x30 zephyr/arch/arch/arm/core/aarch32/cortex_m/mpu/libarch__arm__core__aarch32__cortex_m__mpu.a(arm_mpu.c.obj)
 .text.region_allocate_and_init.part.0
                0x00014674       0x2c zephyr/arch/arch/arm/core/aarch32/cortex_m/mpu/libarch__arm__core__aarch32__cortex_m__mpu.a(arm_mpu.c.obj)
 .text.mpu_configure_regions_and_partition.constprop.0
                0x000146a0      0x17c zephyr/arch/arch/arm/core/aarch32/cortex_m/mpu/libarch__arm__core__aarch32__cortex_m__mpu.a(arm_mpu.c.obj)
 .text.arm_core_mpu_enable
                0x0001481c       0x14 zephyr/arch/arch/arm/core/aarch32/cortex_m/mpu/libarch__arm__core__aarch32__cortex_m__mpu.a(arm_mpu.c.obj)
                0x0001481c                arm_core_mpu_enable
 .text.arm_core_mpu_disable
                0x00014830       0x10 zephyr/arch/arch/arm/core/aarch32/cortex_m/mpu/libarch__arm__core__aarch32__cortex_m__mpu.a(arm_mpu.c.obj)
                0x00014830                arm_core_mpu_disable
 .text.arm_mpu_init
                0x00014840       0x4c zephyr/arch/arch/arm/core/aarch32/cortex_m/mpu/libarch__arm__core__aarch32__cortex_m__mpu.a(arm_mpu.c.obj)
 .text.arm_core_mpu_configure_static_mpu_regions
                0x0001488c       0x14 zephyr/arch/arch/arm/core/aarch32/cortex_m/mpu/libarch__arm__core__aarch32__cortex_m__mpu.a(arm_mpu.c.obj)
                0x0001488c                arm_core_mpu_configure_static_mpu_regions
 .text.arm_core_mpu_mark_areas_for_dynamic_regions
                0x000148a0       0xac zephyr/arch/arch/arm/core/aarch32/cortex_m/mpu/libarch__arm__core__aarch32__cortex_m__mpu.a(arm_mpu.c.obj)
                0x000148a0                arm_core_mpu_mark_areas_for_dynamic_regions
 .text.__stdout_hook_install
                0x0001494c        0xc zephyr/lib/libc/newlib/liblib__libc__newlib.a(libc-hooks.c.obj)
                0x0001494c                __stdout_hook_install
 .text.z_impl_zephyr_read_stdin
                0x00014958       0x28 zephyr/lib/libc/newlib/liblib__libc__newlib.a(libc-hooks.c.obj)
                0x00014958                z_impl_zephyr_read_stdin
 .text.z_impl_zephyr_write_stdout
                0x00014980       0x30 zephyr/lib/libc/newlib/liblib__libc__newlib.a(libc-hooks.c.obj)
                0x00014980                z_impl_zephyr_write_stdout
 .text._exit    0x000149b0       0x10 zephyr/lib/libc/newlib/liblib__libc__newlib.a(libc-hooks.c.obj)
                0x000149b0                _exit
 .text._sbrk    0x000149c0       0x44 zephyr/lib/libc/newlib/liblib__libc__newlib.a(libc-hooks.c.obj)
                0x000149c0                sbrk
                0x000149c0                _sbrk
 .text.net_if_init
                0x00014a04       0x28 zephyr/subsys/net/ip/libsubsys__net__ip.a(net_if.c.obj)
                0x00014a04                net_if_init
 .text.net_if_post_init
                0x00014a2c       0x2c zephyr/subsys/net/ip/libsubsys__net__ip.a(net_if.c.obj)
                0x00014a2c                net_if_post_init
 .text.z_impl_net_addr_ntop
                0x00014a58      0x1cc zephyr/subsys/net/ip/libsubsys__net__ip.a(utils.c.obj)
                0x00014a58                z_impl_net_addr_ntop
 .text.connect_request_encode
                0x00014c24      0x100 zephyr/subsys/net/lib/mqtt/libsubsys__net__lib__mqtt.a(mqtt_encoder.c.obj)
                0x00014c24                connect_request_encode
 .text.disconnect_encode
                0x00014d24       0x24 zephyr/subsys/net/lib/mqtt/libsubsys__net__lib__mqtt.a(mqtt_encoder.c.obj)
                0x00014d24                disconnect_encode
 .text.ping_request_encode
                0x00014d48       0x24 zephyr/subsys/net/lib/mqtt/libsubsys__net__lib__mqtt.a(mqtt_encoder.c.obj)
                0x00014d48                ping_request_encode
 .text.mqtt_transport_connect
                0x00014d6c       0x14 zephyr/subsys/net/lib/mqtt/libsubsys__net__lib__mqtt.a(mqtt_transport.c.obj)
                0x00014d6c                mqtt_transport_connect
 .text.mqtt_transport_write
                0x00014d80       0x18 zephyr/subsys/net/lib/mqtt/libsubsys__net__lib__mqtt.a(mqtt_transport.c.obj)
                0x00014d80                mqtt_transport_write
 .text.mqtt_transport_write_msg
                0x00014d98       0x1c zephyr/subsys/net/lib/mqtt/libsubsys__net__lib__mqtt.a(mqtt_transport.c.obj)
                0x00014d98                mqtt_transport_write_msg
 .text.mqtt_transport_read
                0x00014db4       0x1c zephyr/subsys/net/lib/mqtt/libsubsys__net__lib__mqtt.a(mqtt_transport.c.obj)
                0x00014db4                mqtt_transport_read
 .text.mqtt_transport_disconnect
                0x00014dd0       0x14 zephyr/subsys/net/lib/mqtt/libsubsys__net__lib__mqtt.a(mqtt_transport.c.obj)
                0x00014dd0                mqtt_transport_disconnect
 .text.sys_mutex_unlock
                0x00014de4       0x28 zephyr/subsys/net/lib/mqtt/libsubsys__net__lib__mqtt.a(mqtt.c.obj)
 .text.sys_rand32_get
                0x00014e0c       0x34 zephyr/subsys/random/libsubsys__random.a(rand32_entropy_device.c.obj)
                0x00014e0c                sys_rand32_get
 .text.gpio_nrfx_init
                0x00014e40       0x30 zephyr/drivers/gpio/libdrivers__gpio.a(gpio_nrfx.c.obj)
 .text.gpio_nrfx_config
                0x00014e70       0xb8 zephyr/drivers/gpio/libdrivers__gpio.a(gpio_nrfx.c.obj)
 .text.gpiote_pin_int_cfg
                0x00014f28      0x140 zephyr/drivers/gpio/libdrivers__gpio.a(gpio_nrfx.c.obj)
 .text.gpio_nrfx_pin_interrupt_configure
                0x00015068       0x90 zephyr/drivers/gpio/libdrivers__gpio.a(gpio_nrfx.c.obj)
 .text.gpiote_event_handler
                0x000150f8      0x150 zephyr/drivers/gpio/libdrivers__gpio.a(gpio_nrfx.c.obj)
 .text.uarte_nrfx_configure
                0x00015248      0x168 zephyr/drivers/serial/libdrivers__serial.a(uart_nrfx_uarte.c.obj)
 .text.uarte_nrfx_pins_enable
                0x000153b0       0x80 zephyr/drivers/serial/libdrivers__serial.a(uart_nrfx_uarte.c.obj)
 .text.uarte_nrfx_tx
                0x00015430       0x9c zephyr/drivers/serial/libdrivers__serial.a(uart_nrfx_uarte.c.obj)
 .text.uarte_instance_init.isra.0
                0x000154cc      0x1d4 zephyr/drivers/serial/libdrivers__serial.a(uart_nrfx_uarte.c.obj)
 .text.uarte_0_init
                0x000156a0       0x30 zephyr/drivers/serial/libdrivers__serial.a(uart_nrfx_uarte.c.obj)
 .text.uarte_1_init
                0x000156d0       0x30 zephyr/drivers/serial/libdrivers__serial.a(uart_nrfx_uarte.c.obj)
 .text.uarte_2_init
                0x00015700       0x30 zephyr/drivers/serial/libdrivers__serial.a(uart_nrfx_uarte.c.obj)
 .text.uarte_nrfx_isr_async
                0x00015730      0x2bc zephyr/drivers/serial/libdrivers__serial.a(uart_nrfx_uarte.c.obj)
 .text._bsdlib_init
                0x000159ec       0x30 modules/nrf/lib/bsdlib/lib..__nrf__lib__bsdlib.a(bsdlib.c.obj)
 .text.thread_monitor_entry_get
                0x00015a1c       0x40 modules/nrf/lib/bsdlib/lib..__nrf__lib__bsdlib.a(bsd_os.c.obj)
 .text.rpc_proxy_irq_handler
                0x00015a5c       0x50 modules/nrf/lib/bsdlib/lib..__nrf__lib__bsdlib.a(bsd_os.c.obj)
                0x00015a5c                rpc_proxy_irq_handler
 .text.bsd_os_timedwait
                0x00015aac      0x16c modules/nrf/lib/bsdlib/lib..__nrf__lib__bsdlib.a(bsd_os.c.obj)
                0x00015aac                bsd_os_timedwait
 .text.bsd_os_errno_set
                0x00015c18      0x2e0 modules/nrf/lib/bsdlib/lib..__nrf__lib__bsdlib.a(bsd_os.c.obj)
                0x00015c18                bsd_os_errno_set
 .text.bsd_os_application_irq_set
                0x00015ef8       0x10 modules/nrf/lib/bsdlib/lib..__nrf__lib__bsdlib.a(bsd_os.c.obj)
                0x00015ef8                bsd_os_application_irq_set
 .text.bsd_os_application_irq_clear
                0x00015f08       0x10 modules/nrf/lib/bsdlib/lib..__nrf__lib__bsdlib.a(bsd_os.c.obj)
                0x00015f08                bsd_os_application_irq_clear
 .text.bsd_os_trace_irq_set
                0x00015f18       0x10 modules/nrf/lib/bsdlib/lib..__nrf__lib__bsdlib.a(bsd_os.c.obj)
                0x00015f18                bsd_os_trace_irq_set
 .text.bsd_os_trace_irq_clear
                0x00015f28       0x10 modules/nrf/lib/bsdlib/lib..__nrf__lib__bsdlib.a(bsd_os.c.obj)
                0x00015f28                bsd_os_trace_irq_clear
 .text.bsd_os_init
                0x00015f38       0x2c modules/nrf/lib/bsdlib/lib..__nrf__lib__bsdlib.a(bsd_os.c.obj)
                0x00015f38                bsd_os_init
 .text.z_to_nrf_optname
                0x00015f64       0xd4 modules/nrf/lib/bsdlib/lib..__nrf__lib__bsdlib.a(nrf91_sockets.c.obj)
 .text.nrf91_socket_offload_ioctl
                0x00016038      0x148 modules/nrf/lib/bsdlib/lib..__nrf__lib__bsdlib.a(nrf91_sockets.c.obj)
 .text.nrf91_socket_iface_init
                0x00016180       0x18 modules/nrf/lib/bsdlib/lib..__nrf__lib__bsdlib.a(nrf91_sockets.c.obj)
 .text.nrf91_socket_offload_accept
                0x00016198       0x9c modules/nrf/lib/bsdlib/lib..__nrf__lib__bsdlib.a(nrf91_sockets.c.obj)
 .text.nrf91_socket_offload_sendmsg
                0x00016234       0xd8 modules/nrf/lib/bsdlib/lib..__nrf__lib__bsdlib.a(nrf91_sockets.c.obj)
 .text.nrf91_socket_create
                0x0001630c       0x74 modules/nrf/lib/bsdlib/lib..__nrf__lib__bsdlib.a(nrf91_sockets.c.obj)
 .text.callback_worker
                0x00016380       0x20 modules/nrf/lib/at_cmd/lib..__nrf__lib__at_cmd.a(at_cmd.c.obj)
 .text.open_socket
                0x000163a0       0x28 modules/nrf/lib/at_cmd/lib..__nrf__lib__at_cmd.a(at_cmd.c.obj)
 .text.at_write
                0x000163c8       0xa4 modules/nrf/lib/at_cmd/lib..__nrf__lib__at_cmd.a(at_cmd.c.obj)
 .text.at_cmd_driver_init
                0x0001646c       0x78 modules/nrf/lib/at_cmd/lib..__nrf__lib__at_cmd.a(at_cmd.c.obj)
 .text.socket_thread_fn
                0x000164e4      0x250 modules/nrf/lib/at_cmd/lib..__nrf__lib__at_cmd.a(at_cmd.c.obj)
 .text.at_cmd_write
                0x00016734       0x44 modules/nrf/lib/at_cmd/lib..__nrf__lib__at_cmd.a(at_cmd.c.obj)
                0x00016734                at_cmd_write
 .text.at_cmd_set_notification_handler
                0x00016778       0x50 modules/nrf/lib/at_cmd/lib..__nrf__lib__at_cmd.a(at_cmd.c.obj)
                0x00016778                at_cmd_set_notification_handler
 .text.find_node
                0x000167c8       0x44 modules/nrf/lib/at_notif/lib..__nrf__lib__at_notif.a(at_notif.c.obj)
 .text.module_init
                0x0001680c       0x4c modules/nrf/lib/at_notif/lib..__nrf__lib__at_notif.a(at_notif.c.obj)
 .text.k_mutex_unlock.constprop.0
                0x00016858        0xc modules/nrf/lib/at_notif/lib..__nrf__lib__at_notif.a(at_notif.c.obj)
 .text.notif_dispatch
                0x00016864       0x4c modules/nrf/lib/at_notif/lib..__nrf__lib__at_notif.a(at_notif.c.obj)
 .text.at_notif_register_handler
                0x000168b0       0x94 modules/nrf/lib/at_notif/lib..__nrf__lib__at_notif.a(at_notif.c.obj)
                0x000168b0                at_notif_register_handler
 .text.at_notif_deregister_handler
                0x00016944       0xa4 modules/nrf/lib/at_notif/lib..__nrf__lib__at_notif.a(at_notif.c.obj)
                0x00016944                at_notif_deregister_handler
 .text.is_valid_notification_char
                0x000169e8       0x20 modules/nrf/lib/at_cmd_parser/lib..__nrf__lib__at_cmd_parser.a(at_cmd_parser.c.obj)
 .text.at_parse_process_element
                0x00016a08      0x1bc modules/nrf/lib/at_cmd_parser/lib..__nrf__lib__at_cmd_parser.a(at_cmd_parser.c.obj)
 .text.is_command
                0x00016bc4       0x60 modules/nrf/lib/at_cmd_parser/lib..__nrf__lib__at_cmd_parser.a(at_cmd_parser.c.obj)
 .text.at_parse_detect_type
                0x00016c24       0xc0 modules/nrf/lib/at_cmd_parser/lib..__nrf__lib__at_cmd_parser.a(at_cmd_parser.c.obj)
 .text.at_parser_max_params_from_str
                0x00016ce4      0x120 modules/nrf/lib/at_cmd_parser/lib..__nrf__lib__at_cmd_parser.a(at_cmd_parser.c.obj)
                0x00016ce4                at_parser_max_params_from_str
 .text.lte_lc_power_off
                0x00016e04       0x1c modules/nrf/lib/lte_link_control/lib..__nrf__lib__lte_link_control.a(lte_lc.c.obj)
                0x00016e04                lte_lc_power_off
 .text.modem_info_parse.isra.0
                0x00016e20       0x30 modules/nrf/lib/modem_info/lib..__nrf__lib__modem_info.a(modem_info.c.obj)
 .text.modem_info_type_get
                0x00016e50       0x14 modules/nrf/lib/modem_info/lib..__nrf__lib__modem_info.a(modem_info.c.obj)
                0x00016e50                modem_info_type_get
 .text.modem_info_short_get
                0x00016e64       0x68 modules/nrf/lib/modem_info/lib..__nrf__lib__modem_info.a(modem_info.c.obj)
                0x00016e64                modem_info_short_get
 .text.modem_info_string_get
                0x00016ecc      0x224 modules/nrf/lib/modem_info/lib..__nrf__lib__modem_info.a(modem_info.c.obj)
                0x00016ecc                modem_info_string_get
 .text.modem_info_init
                0x000170f0        0xc modules/nrf/lib/modem_info/lib..__nrf__lib__modem_info.a(modem_info.c.obj)
                0x000170f0                modem_info_init
 .text.modem_data_get
                0x000170fc       0x7c modules/nrf/lib/modem_info/lib..__nrf__lib__modem_info.a(modem_info_params.c.obj)
 .text.modem_info_params_init
                0x00017178       0xa4 modules/nrf/lib/modem_info/lib..__nrf__lib__modem_info.a(modem_info_params.c.obj)
                0x00017178                modem_info_params_init
 .text.modem_info_params_get
                0x0001721c      0x1c4 modules/nrf/lib/modem_info/lib..__nrf__lib__modem_info.a(modem_info_params.c.obj)
                0x0001721c                modem_info_params_get
 .text.k_sys_fatal_error_handler
                0x000173e0       0x2c modules/nrf/lib/fatal_error/lib..__nrf__lib__fatal_error.a(fatal_error.c.obj)
                0x000173e0                k_sys_fatal_error_handler
 .text.do_ftp_recv_ctrl
                0x0001740c       0xd8 modules/nrf/subsys/net/lib/ftp_client/lib..__nrf__subsys__net__lib__ftp_client.a(ftp_client.c.obj)
 .text.k_work_submit_to_queue.constprop.0
                0x000174e4       0x28 modules/nrf/subsys/net/lib/ftp_client/lib..__nrf__subsys__net__lib__ftp_client.a(ftp_client.c.obj)
 .text.keepalive_timeout
                0x0001750c        0xc modules/nrf/subsys/net/lib/ftp_client/lib..__nrf__subsys__net__lib__ftp_client.a(ftp_client.c.obj)
 .text.do_ftp_send_ctrl
                0x00017518       0x70 modules/nrf/subsys/net/lib/ftp_client/lib..__nrf__subsys__net__lib__ftp_client.a(ftp_client.c.obj)
 .text.keepalive_handler
                0x00017588       0x1c modules/nrf/subsys/net/lib/ftp_client/lib..__nrf__subsys__net__lib__ftp_client.a(ftp_client.c.obj)
 .text.establish_data_channel
                0x000175a4      0x174 modules/nrf/subsys/net/lib/ftp_client/lib..__nrf__subsys__net__lib__ftp_client.a(ftp_client.c.obj)
 .text.do_ftp_recv_data
                0x00017718       0xc8 modules/nrf/subsys/net/lib/ftp_client/lib..__nrf__subsys__net__lib__ftp_client.a(ftp_client.c.obj)
 .text.data_task
                0x000177e0       0x94 modules/nrf/subsys/net/lib/ftp_client/lib..__nrf__subsys__net__lib__ftp_client.a(ftp_client.c.obj)
 .text.ftp_open
                0x00017874      0x1b8 modules/nrf/subsys/net/lib/ftp_client/lib..__nrf__subsys__net__lib__ftp_client.a(ftp_client.c.obj)
                0x00017874                ftp_open
 .text.ftp_login
                0x00017a2c       0xa0 modules/nrf/subsys/net/lib/ftp_client/lib..__nrf__subsys__net__lib__ftp_client.a(ftp_client.c.obj)
                0x00017a2c                ftp_login
 .text.ftp_close
                0x00017acc       0x40 modules/nrf/subsys/net/lib/ftp_client/lib..__nrf__subsys__net__lib__ftp_client.a(ftp_client.c.obj)
                0x00017acc                ftp_close
 .text.ftp_status
                0x00017b0c       0x48 modules/nrf/subsys/net/lib/ftp_client/lib..__nrf__subsys__net__lib__ftp_client.a(ftp_client.c.obj)
                0x00017b0c                ftp_status
 .text.ftp_type
                0x00017b54       0x34 modules/nrf/subsys/net/lib/ftp_client/lib..__nrf__subsys__net__lib__ftp_client.a(ftp_client.c.obj)
                0x00017b54                ftp_type
 .text.ftp_pwd  0x00017b88       0x20 modules/nrf/subsys/net/lib/ftp_client/lib..__nrf__subsys__net__lib__ftp_client.a(ftp_client.c.obj)
                0x00017b88                ftp_pwd
 .text.ftp_list
                0x00017ba8       0xd8 modules/nrf/subsys/net/lib/ftp_client/lib..__nrf__subsys__net__lib__ftp_client.a(ftp_client.c.obj)
                0x00017ba8                ftp_list
 .text.ftp_cwd  0x00017c80       0x54 modules/nrf/subsys/net/lib/ftp_client/lib..__nrf__subsys__net__lib__ftp_client.a(ftp_client.c.obj)
                0x00017c80                ftp_cwd
 .text.ftp_mkd  0x00017cd4       0x40 modules/nrf/subsys/net/lib/ftp_client/lib..__nrf__subsys__net__lib__ftp_client.a(ftp_client.c.obj)
                0x00017cd4                ftp_mkd
 .text.ftp_rmd  0x00017d14       0x40 modules/nrf/subsys/net/lib/ftp_client/lib..__nrf__subsys__net__lib__ftp_client.a(ftp_client.c.obj)
                0x00017d14                ftp_rmd
 .text.ftp_rename
                0x00017d54       0x74 modules/nrf/subsys/net/lib/ftp_client/lib..__nrf__subsys__net__lib__ftp_client.a(ftp_client.c.obj)
                0x00017d54                ftp_rename
 .text.ftp_delete
                0x00017dc8       0x40 modules/nrf/subsys/net/lib/ftp_client/lib..__nrf__subsys__net__lib__ftp_client.a(ftp_client.c.obj)
                0x00017dc8                ftp_delete
 .text.ftp_get  0x00017e08       0xbc modules/nrf/subsys/net/lib/ftp_client/lib..__nrf__subsys__net__lib__ftp_client.a(ftp_client.c.obj)
                0x00017e08                ftp_get
 .text.ftp_put  0x00017ec4       0xb4 modules/nrf/subsys/net/lib/ftp_client/lib..__nrf__subsys__net__lib__ftp_client.a(ftp_client.c.obj)
                0x00017ec4                ftp_put
 .text.ftp_init
                0x00017f78       0x50 modules/nrf/subsys/net/lib/ftp_client/lib..__nrf__subsys__net__lib__ftp_client.a(ftp_client.c.obj)
                0x00017f78                ftp_init
 .text.check_ext_api_requests
                0x00017fc8       0x9c modules/nrf/subsys/fw_info/lib..__nrf__subsys__fw_info.a(fw_info.c.obj)
 .text.packet_free_cb
                0x00018064       0x18 C:/NordicSDK/v1.3.1/nrfxlib/bsdlib/lib/cortex-m33/hard-float/libbsd_nrf9160_xxaa.a(logobj_interface.c.o)
 .text.logobj_event_handler
                0x0001807c       0xfc C:/NordicSDK/v1.3.1/nrfxlib/bsdlib/lib/cortex-m33/hard-float/libbsd_nrf9160_xxaa.a(logobj_interface.c.o)
                0x0001807c                logobj_event_handler
 .text.logobj_interface_init
                0x00018178       0x3c C:/NordicSDK/v1.3.1/nrfxlib/bsdlib/lib/cortex-m33/hard-float/libbsd_nrf9160_xxaa.a(logobj_interface.c.o)
                0x00018178                logobj_interface_init
 .text.logobj_interface_open
                0x000181b4      0x188 C:/NordicSDK/v1.3.1/nrfxlib/bsdlib/lib/cortex-m33/hard-float/libbsd_nrf9160_xxaa.a(logobj_interface.c.o)
                0x000181b4                logobj_interface_open
 .text.logobj_interface_read
                0x0001833c       0xfc C:/NordicSDK/v1.3.1/nrfxlib/bsdlib/lib/cortex-m33/hard-float/libbsd_nrf9160_xxaa.a(logobj_interface.c.o)
                0x0001833c                logobj_interface_read
 .text.logobj_interface_write
                0x00018438      0x114 C:/NordicSDK/v1.3.1/nrfxlib/bsdlib/lib/cortex-m33/hard-float/libbsd_nrf9160_xxaa.a(logobj_interface.c.o)
                0x00018438                logobj_interface_write
 .text.logobj_interface_setopt
                0x0001854c      0x1c0 C:/NordicSDK/v1.3.1/nrfxlib/bsdlib/lib/cortex-m33/hard-float/libbsd_nrf9160_xxaa.a(logobj_interface.c.o)
                0x0001854c                logobj_interface_setopt
 .text.logobj_interface_getopt
                0x0001870c       0xa4 C:/NordicSDK/v1.3.1/nrfxlib/bsdlib/lib/cortex-m33/hard-float/libbsd_nrf9160_xxaa.a(logobj_interface.c.o)
                0x0001870c                logobj_interface_getopt
 .text.logobj_interface_close
                0x000187b0       0x2c C:/NordicSDK/v1.3.1/nrfxlib/bsdlib/lib/cortex-m33/hard-float/libbsd_nrf9160_xxaa.a(logobj_interface.c.o)
                0x000187b0                logobj_interface_close
 .text.rpc_transport_send
                0x000187dc        0x4 C:/NordicSDK/v1.3.1/nrfxlib/bsdlib/lib/cortex-m33/hard-float/libbsd_nrf9160_xxaa.a(rpc_transport.c.o)
                0x000187dc                rpc_transport_send
 .text.rpc_transport_rpc_alloc
                0x000187e0        0x4 C:/NordicSDK/v1.3.1/nrfxlib/bsdlib/lib/cortex-m33/hard-float/libbsd_nrf9160_xxaa.a(rpc_transport.c.o)
                0x000187e0                rpc_transport_rpc_alloc
 .text.rpc_transport_data_alloc
                0x000187e4        0x4 C:/NordicSDK/v1.3.1/nrfxlib/bsdlib/lib/cortex-m33/hard-float/libbsd_nrf9160_xxaa.a(rpc_transport.c.o)
                0x000187e4                rpc_transport_data_alloc
 .text.rpc_transport_rpc_free
                0x000187e8        0x4 C:/NordicSDK/v1.3.1/nrfxlib/bsdlib/lib/cortex-m33/hard-float/libbsd_nrf9160_xxaa.a(rpc_transport.c.o)
                0x000187e8                rpc_transport_rpc_free
 .text.rpc_transport_data_free
                0x000187ec        0x4 C:/NordicSDK/v1.3.1/nrfxlib/bsdlib/lib/cortex-m33/hard-float/libbsd_nrf9160_xxaa.a(rpc_transport.c.o)
                0x000187ec                rpc_transport_data_free
 .text.ipc_trace_init
                0x000187f0        0xc C:/NordicSDK/v1.3.1/nrfxlib/bsdlib/lib/cortex-m33/hard-float/libbsd_nrf9160_xxaa.a(ipc_trace.c.o)
                0x000187f0                ipc_trace_init
 .text.bsd_os_trace_irq_handler
                0x000187fc      0x1cc C:/NordicSDK/v1.3.1/nrfxlib/bsdlib/lib/cortex-m33/hard-float/libbsd_nrf9160_xxaa.a(ipc_trace.c.o)
                0x000187fc                bsd_os_trace_irq_handler
 .text.ipc_trace_handle
                0x000189c8      0x2e4 C:/NordicSDK/v1.3.1/nrfxlib/bsdlib/lib/cortex-m33/hard-float/libbsd_nrf9160_xxaa.a(ipc_trace.c.o)
                0x000189c8                ipc_trace_handle
 .text.rpc_trace_coredump_in_progress
                0x00018cac        0xc C:/NordicSDK/v1.3.1/nrfxlib/bsdlib/lib/cortex-m33/hard-float/libbsd_nrf9160_xxaa.a(ipc_trace.c.o)
                0x00018cac                rpc_trace_coredump_in_progress
 .text.rpc_transport_ipc_data_free
                0x00018cb8       0x44 C:/NordicSDK/v1.3.1/nrfxlib/bsdlib/lib/cortex-m33/hard-float/libbsd_nrf9160_xxaa.a(rpc_transport_ipc.c.o)
                0x00018cb8                rpc_transport_ipc_data_free
 .text.rpc_transport_ipc_init
                0x00018cfc       0x68 C:/NordicSDK/v1.3.1/nrfxlib/bsdlib/lib/cortex-m33/hard-float/libbsd_nrf9160_xxaa.a(rpc_transport_ipc.c.o)
                0x00018cfc                rpc_transport_ipc_init
 .text.bsd_os_application_irq_handler
                0x00018d64       0xec C:/NordicSDK/v1.3.1/nrfxlib/bsdlib/lib/cortex-m33/hard-float/libbsd_nrf9160_xxaa.a(rpc_transport_ipc_rx.c.o)
                0x00018d64                bsd_os_application_irq_handler
 .text.IPC_IRQHandler
                0x00018e50      0x2d4 C:/NordicSDK/v1.3.1/nrfxlib/bsdlib/lib/cortex-m33/hard-float/libbsd_nrf9160_xxaa.a(rpc_transport_ipc_rx.c.o)
                0x00018e50                IPC_IRQHandler
 .text.rpc_transport_ipc_rx_init
                0x00019124      0x224 C:/NordicSDK/v1.3.1/nrfxlib/bsdlib/lib/cortex-m33/hard-float/libbsd_nrf9160_xxaa.a(rpc_transport_ipc_rx.c.o)
                0x00019124                rpc_transport_ipc_rx_init
 .text.rpc_transport_ipc_msg_free
                0x00019348       0x64 C:/NordicSDK/v1.3.1/nrfxlib/bsdlib/lib/cortex-m33/hard-float/libbsd_nrf9160_xxaa.a(rpc_transport_ipc_rx.c.o)
                0x00019348                rpc_transport_ipc_msg_free
 .text.rpc_transport_ipc_shutdown_done
                0x000193ac       0x14 C:/NordicSDK/v1.3.1/nrfxlib/bsdlib/lib/cortex-m33/hard-float/libbsd_nrf9160_xxaa.a(rpc_transport_ipc_rx.c.o)
                0x000193ac                rpc_transport_ipc_shutdown_done
 .text.rpc_transport_ipc_tx_init
                0x000193c0      0x1d4 C:/NordicSDK/v1.3.1/nrfxlib/bsdlib/lib/cortex-m33/hard-float/libbsd_nrf9160_xxaa.a(rpc_transport_ipc_tx.c.o)
                0x000193c0                rpc_transport_ipc_tx_init
 .text.rpc_transport_ipc_send
                0x00019594      0x104 C:/NordicSDK/v1.3.1/nrfxlib/bsdlib/lib/cortex-m33/hard-float/libbsd_nrf9160_xxaa.a(rpc_transport_ipc_tx.c.o)
                0x00019594                rpc_transport_ipc_send
 .text.rpc_transport_ipc_tx_rpc_data_alloc
                0x00019698       0x70 C:/NordicSDK/v1.3.1/nrfxlib/bsdlib/lib/cortex-m33/hard-float/libbsd_nrf9160_xxaa.a(rpc_transport_ipc_tx.c.o)
                0x00019698                rpc_transport_ipc_tx_rpc_data_alloc
 .text.rpc_transport_ipc_tx_rpc_ctrl_alloc
                0x00019708       0x60 C:/NordicSDK/v1.3.1/nrfxlib/bsdlib/lib/cortex-m33/hard-float/libbsd_nrf9160_xxaa.a(rpc_transport_ipc_tx.c.o)
                0x00019708                rpc_transport_ipc_tx_rpc_ctrl_alloc
 .text.rpc_transport_ipc_tx_data_alloc
                0x00019768       0x14 C:/NordicSDK/v1.3.1/nrfxlib/bsdlib/lib/cortex-m33/hard-float/libbsd_nrf9160_xxaa.a(rpc_transport_ipc_tx.c.o)
                0x00019768                rpc_transport_ipc_tx_data_alloc
 .text.rpc_transport_ipc_tx_suspend
                0x0001977c        0xc C:/NordicSDK/v1.3.1/nrfxlib/bsdlib/lib/cortex-m33/hard-float/libbsd_nrf9160_xxaa.a(rpc_transport_ipc_tx.c.o)
                0x0001977c                rpc_transport_ipc_tx_suspend
 .text.rpc_transport_ipc_request_shutdown
                0x00019788       0x68 C:/NordicSDK/v1.3.1/nrfxlib/bsdlib/lib/cortex-m33/hard-float/libbsd_nrf9160_xxaa.a(rpc_transport_ipc_tx.c.o)
                0x00019788                rpc_transport_ipc_request_shutdown
 .text.secure_client_socket
                0x000197f0      0x130 C:/NordicSDK/v1.3.1/nrfxlib/bsdlib/lib/cortex-m33/hard-float/libbsd_nrf9160_xxaa.a(tls_interface.c.o)
 .text.tls_interface_init
                0x00019920        0x4 C:/NordicSDK/v1.3.1/nrfxlib/bsdlib/lib/cortex-m33/hard-float/libbsd_nrf9160_xxaa.a(tls_interface.c.o)
                0x00019920                tls_interface_init
 .text.tls_interface_open
                0x00019924       0x84 C:/NordicSDK/v1.3.1/nrfxlib/bsdlib/lib/cortex-m33/hard-float/libbsd_nrf9160_xxaa.a(tls_interface.c.o)
                0x00019924                tls_interface_open
 .text.tls_interface_close
                0x000199a8       0x3c C:/NordicSDK/v1.3.1/nrfxlib/bsdlib/lib/cortex-m33/hard-float/libbsd_nrf9160_xxaa.a(tls_interface.c.o)
                0x000199a8                tls_interface_close
 .text.tls_interface_sendto
                0x000199e4       0xb0 C:/NordicSDK/v1.3.1/nrfxlib/bsdlib/lib/cortex-m33/hard-float/libbsd_nrf9160_xxaa.a(tls_interface.c.o)
                0x000199e4                tls_interface_sendto
 .text.tls_interface_recvfrom
                0x00019a94       0x94 C:/NordicSDK/v1.3.1/nrfxlib/bsdlib/lib/cortex-m33/hard-float/libbsd_nrf9160_xxaa.a(tls_interface.c.o)
                0x00019a94                tls_interface_recvfrom
 .text.tls_interface_bind
                0x00019b28       0xf4 C:/NordicSDK/v1.3.1/nrfxlib/bsdlib/lib/cortex-m33/hard-float/libbsd_nrf9160_xxaa.a(tls_interface.c.o)
                0x00019b28                tls_interface_bind
 .text.tls_interface_connect
                0x00019c1c       0x60 C:/NordicSDK/v1.3.1/nrfxlib/bsdlib/lib/cortex-m33/hard-float/libbsd_nrf9160_xxaa.a(tls_interface.c.o)
                0x00019c1c                tls_interface_connect
 .text.tls_interface_listen
                0x00019c7c      0x118 C:/NordicSDK/v1.3.1/nrfxlib/bsdlib/lib/cortex-m33/hard-float/libbsd_nrf9160_xxaa.a(tls_interface.c.o)
                0x00019c7c                tls_interface_listen
 .text.tls_interface_accept
                0x00019d94       0xb0 C:/NordicSDK/v1.3.1/nrfxlib/bsdlib/lib/cortex-m33/hard-float/libbsd_nrf9160_xxaa.a(tls_interface.c.o)
                0x00019d94                tls_interface_accept
 .text.tls_interface_setopt
                0x00019e44      0x148 C:/NordicSDK/v1.3.1/nrfxlib/bsdlib/lib/cortex-m33/hard-float/libbsd_nrf9160_xxaa.a(tls_interface.c.o)
                0x00019e44                tls_interface_setopt
 .text.tls_interface_getopt
                0x00019f8c       0xd4 C:/NordicSDK/v1.3.1/nrfxlib/bsdlib/lib/cortex-m33/hard-float/libbsd_nrf9160_xxaa.a(tls_interface.c.o)
                0x00019f8c                tls_interface_getopt
 .text.tls_rpc_ip_event_handler
                0x0001a060      0x10c C:/NordicSDK/v1.3.1/nrfxlib/bsdlib/lib/cortex-m33/hard-float/libbsd_nrf9160_xxaa.a(tls_interface.c.o)
                0x0001a060                tls_rpc_ip_event_handler
 .text.ip_client_event_handler
                0x0001a16c        0xc C:/NordicSDK/v1.3.1/nrfxlib/bsdlib/lib/cortex-m33/hard-float/libbsd_nrf9160_xxaa.a(rpc_ip_client.c.o)
 .text.rpc_ip_client_init
                0x0001a178        0xc C:/NordicSDK/v1.3.1/nrfxlib/bsdlib/lib/cortex-m33/hard-float/libbsd_nrf9160_xxaa.a(rpc_ip_client.c.o)
                0x0001a178                rpc_ip_client_init
 .text.rpc_ip_client_request_alloc
                0x0001a184       0x28 C:/NordicSDK/v1.3.1/nrfxlib/bsdlib/lib/cortex-m33/hard-float/libbsd_nrf9160_xxaa.a(rpc_ip_client.c.o)
                0x0001a184                rpc_ip_client_request_alloc
 .text.rpc_ip_client_request_send
                0x0001a1ac       0x2c C:/NordicSDK/v1.3.1/nrfxlib/bsdlib/lib/cortex-m33/hard-float/libbsd_nrf9160_xxaa.a(rpc_ip_client.c.o)
                0x0001a1ac                rpc_ip_client_request_send
 .text.rpc_ip_client_message_free
                0x0001a1d8       0x10 C:/NordicSDK/v1.3.1/nrfxlib/bsdlib/lib/cortex-m33/hard-float/libbsd_nrf9160_xxaa.a(rpc_ip_client.c.o)
                0x0001a1d8                rpc_ip_client_message_free
 .text.rpc_ip_client_data_free
                0x0001a1e8       0x10 C:/NordicSDK/v1.3.1/nrfxlib/bsdlib/lib/cortex-m33/hard-float/libbsd_nrf9160_xxaa.a(rpc_ip_client.c.o)
                0x0001a1e8                rpc_ip_client_data_free
 .text.ip_recvd_packet_free_cb
                0x0001a1f8       0x18 C:/NordicSDK/v1.3.1/nrfxlib/bsdlib/lib/cortex-m33/hard-float/libbsd_nrf9160_xxaa.a(ip_interface.c.o)
 .text.rpc_error_to_nrf_bsd_error
                0x0001a210       0x14 C:/NordicSDK/v1.3.1/nrfxlib/bsdlib/lib/cortex-m33/hard-float/libbsd_nrf9160_xxaa.a(ip_interface.c.o)
                0x0001a210                rpc_error_to_nrf_bsd_error
 .text.ip_interface_request_create
                0x0001a224       0x40 C:/NordicSDK/v1.3.1/nrfxlib/bsdlib/lib/cortex-m33/hard-float/libbsd_nrf9160_xxaa.a(ip_interface.c.o)
                0x0001a224                ip_interface_request_create
 .text.ip_interface_request_send
                0x0001a264       0x28 C:/NordicSDK/v1.3.1/nrfxlib/bsdlib/lib/cortex-m33/hard-float/libbsd_nrf9160_xxaa.a(ip_interface.c.o)
                0x0001a264                ip_interface_request_send
 .text.ip_interface_wait
                0x0001a28c       0x28 C:/NordicSDK/v1.3.1/nrfxlib/bsdlib/lib/cortex-m33/hard-float/libbsd_nrf9160_xxaa.a(ip_interface.c.o)
                0x0001a28c                ip_interface_wait
 .text.ip_interface_init
                0x0001a2b4       0x3c C:/NordicSDK/v1.3.1/nrfxlib/bsdlib/lib/cortex-m33/hard-float/libbsd_nrf9160_xxaa.a(ip_interface.c.o)
                0x0001a2b4                ip_interface_init
 .text.ip_interface_open
                0x0001a2f0      0x18c C:/NordicSDK/v1.3.1/nrfxlib/bsdlib/lib/cortex-m33/hard-float/libbsd_nrf9160_xxaa.a(ip_interface.c.o)
                0x0001a2f0                ip_interface_open
 .text.ip_interface_close
                0x0001a47c       0xe4 C:/NordicSDK/v1.3.1/nrfxlib/bsdlib/lib/cortex-m33/hard-float/libbsd_nrf9160_xxaa.a(ip_interface.c.o)
                0x0001a47c                ip_interface_close
 .text.ip_interface_sendto
                0x0001a560      0x2cc C:/NordicSDK/v1.3.1/nrfxlib/bsdlib/lib/cortex-m33/hard-float/libbsd_nrf9160_xxaa.a(ip_interface.c.o)
                0x0001a560                ip_interface_sendto
 .text.ip_interface_recvfrom
                0x0001a82c      0x250 C:/NordicSDK/v1.3.1/nrfxlib/bsdlib/lib/cortex-m33/hard-float/libbsd_nrf9160_xxaa.a(ip_interface.c.o)
                0x0001a82c                ip_interface_recvfrom
 .text.ip_interface_connect
                0x0001aa7c      0x184 C:/NordicSDK/v1.3.1/nrfxlib/bsdlib/lib/cortex-m33/hard-float/libbsd_nrf9160_xxaa.a(ip_interface.c.o)
                0x0001aa7c                ip_interface_connect
 .text.ip_interface_bind
                0x0001ac00      0x144 C:/NordicSDK/v1.3.1/nrfxlib/bsdlib/lib/cortex-m33/hard-float/libbsd_nrf9160_xxaa.a(ip_interface.c.o)
                0x0001ac00                ip_interface_bind
 .text.ip_interface_listen
                0x0001ad44       0xf0 C:/NordicSDK/v1.3.1/nrfxlib/bsdlib/lib/cortex-m33/hard-float/libbsd_nrf9160_xxaa.a(ip_interface.c.o)
                0x0001ad44                ip_interface_listen
 .text.ip_interface_accept
                0x0001ae34      0x284 C:/NordicSDK/v1.3.1/nrfxlib/bsdlib/lib/cortex-m33/hard-float/libbsd_nrf9160_xxaa.a(ip_interface.c.o)
                0x0001ae34                ip_interface_accept
 .text.ip_interface_setopt
                0x0001b0b8      0x178 C:/NordicSDK/v1.3.1/nrfxlib/bsdlib/lib/cortex-m33/hard-float/libbsd_nrf9160_xxaa.a(ip_interface.c.o)
                0x0001b0b8                ip_interface_setopt
 .text.ip_interface_getopt
                0x0001b230        0x4 C:/NordicSDK/v1.3.1/nrfxlib/bsdlib/lib/cortex-m33/hard-float/libbsd_nrf9160_xxaa.a(ip_interface.c.o)
                0x0001b230                ip_interface_getopt
 .text.ip_interface_getaddrinfo
                0x0001b234      0x1ec C:/NordicSDK/v1.3.1/nrfxlib/bsdlib/lib/cortex-m33/hard-float/libbsd_nrf9160_xxaa.a(ip_interface.c.o)
                0x0001b234                ip_interface_getaddrinfo
 .text.ip_interface_freeaddrinfo
                0x0001b420       0x38 C:/NordicSDK/v1.3.1/nrfxlib/bsdlib/lib/cortex-m33/hard-float/libbsd_nrf9160_xxaa.a(ip_interface.c.o)
                0x0001b420                ip_interface_freeaddrinfo
 .text.rpc_ip_event_handler
                0x0001b458      0x50c C:/NordicSDK/v1.3.1/nrfxlib/bsdlib/lib/cortex-m33/hard-float/libbsd_nrf9160_xxaa.a(ip_interface.c.o)
                0x0001b458                rpc_ip_event_handler
 .text.rpc_handle_ctrl_message
                0x0001b964       0x30 C:/NordicSDK/v1.3.1/nrfxlib/bsdlib/lib/cortex-m33/hard-float/libbsd_nrf9160_xxaa.a(rpc_framework.c.o)
                0x0001b964                rpc_handle_ctrl_message
 .text.rpc_handle_data_message
                0x0001b994       0x94 C:/NordicSDK/v1.3.1/nrfxlib/bsdlib/lib/cortex-m33/hard-float/libbsd_nrf9160_xxaa.a(rpc_framework.c.o)
                0x0001b994                rpc_handle_data_message
 .text.rpc_framework_init
                0x0001ba28       0x14 C:/NordicSDK/v1.3.1/nrfxlib/bsdlib/lib/cortex-m33/hard-float/libbsd_nrf9160_xxaa.a(rpc_framework.c.o)
                0x0001ba28                rpc_framework_init
 .text.rpc_client_register
                0x0001ba3c       0xd4 C:/NordicSDK/v1.3.1/nrfxlib/bsdlib/lib/cortex-m33/hard-float/libbsd_nrf9160_xxaa.a(rpc_framework.c.o)
                0x0001ba3c                rpc_client_register
 .text.rpc_message_send
                0x0001bb10       0x20 C:/NordicSDK/v1.3.1/nrfxlib/bsdlib/lib/cortex-m33/hard-float/libbsd_nrf9160_xxaa.a(rpc_framework.c.o)
                0x0001bb10                rpc_message_send
 .text.rpc_message_alloc
                0x0001bb30       0x58 C:/NordicSDK/v1.3.1/nrfxlib/bsdlib/lib/cortex-m33/hard-float/libbsd_nrf9160_xxaa.a(rpc_framework.c.o)
                0x0001bb30                rpc_message_alloc
 .text.rpc_message_free
                0x0001bb88       0x18 C:/NordicSDK/v1.3.1/nrfxlib/bsdlib/lib/cortex-m33/hard-float/libbsd_nrf9160_xxaa.a(rpc_framework.c.o)
                0x0001bb88                rpc_message_free
 .text.rpc_message_data_free
                0x0001bba0       0x18 C:/NordicSDK/v1.3.1/nrfxlib/bsdlib/lib/cortex-m33/hard-float/libbsd_nrf9160_xxaa.a(rpc_framework.c.o)
                0x0001bba0                rpc_message_data_free
 .text.packet_free_cb
                0x0001bbb8       0x1c C:/NordicSDK/v1.3.1/nrfxlib/bsdlib/lib/cortex-m33/hard-float/libbsd_nrf9160_xxaa.a(gnss_interface.c.o)
 .text.rpc_gnss_event_handler
                0x0001bbd4      0x1a4 C:/NordicSDK/v1.3.1/nrfxlib/bsdlib/lib/cortex-m33/hard-float/libbsd_nrf9160_xxaa.a(gnss_interface.c.o)
                0x0001bbd4                rpc_gnss_event_handler
 .text.gnss_interface_write
                0x0001bd78      0x1ec C:/NordicSDK/v1.3.1/nrfxlib/bsdlib/lib/cortex-m33/hard-float/libbsd_nrf9160_xxaa.a(gnss_interface.c.o)
                0x0001bd78                gnss_interface_write
 .text.gnss_interface_read
                0x0001bf64      0x418 C:/NordicSDK/v1.3.1/nrfxlib/bsdlib/lib/cortex-m33/hard-float/libbsd_nrf9160_xxaa.a(gnss_interface.c.o)
                0x0001bf64                gnss_interface_read
 .text.gnss_interface_setopt
                0x0001c37c      0x2e8 C:/NordicSDK/v1.3.1/nrfxlib/bsdlib/lib/cortex-m33/hard-float/libbsd_nrf9160_xxaa.a(gnss_interface.c.o)
                0x0001c37c                gnss_interface_setopt
 .text.gnss_interface_getopt
                0x0001c664      0x220 C:/NordicSDK/v1.3.1/nrfxlib/bsdlib/lib/cortex-m33/hard-float/libbsd_nrf9160_xxaa.a(gnss_interface.c.o)
                0x0001c664                gnss_interface_getopt
 .text.gnss_interface_init
                0x0001c884       0x3c C:/NordicSDK/v1.3.1/nrfxlib/bsdlib/lib/cortex-m33/hard-float/libbsd_nrf9160_xxaa.a(gnss_interface.c.o)
                0x0001c884                gnss_interface_init
 .text.gnss_interface_open
                0x0001c8c0       0x74 C:/NordicSDK/v1.3.1/nrfxlib/bsdlib/lib/cortex-m33/hard-float/libbsd_nrf9160_xxaa.a(gnss_interface.c.o)
                0x0001c8c0                gnss_interface_open
 .text.gnss_interface_close
                0x0001c934       0x64 C:/NordicSDK/v1.3.1/nrfxlib/bsdlib/lib/cortex-m33/hard-float/libbsd_nrf9160_xxaa.a(gnss_interface.c.o)
                0x0001c934                gnss_interface_close
 .text.rpc_logobj_client_evt_handler
                0x0001c998       0x10 C:/NordicSDK/v1.3.1/nrfxlib/bsdlib/lib/cortex-m33/hard-float/libbsd_nrf9160_xxaa.a(rpc_logobj_client.c.o)
 .text.rpc_logobj_client_init
                0x0001c9a8        0xc C:/NordicSDK/v1.3.1/nrfxlib/bsdlib/lib/cortex-m33/hard-float/libbsd_nrf9160_xxaa.a(rpc_logobj_client.c.o)
                0x0001c9a8                rpc_logobj_client_init
 .text.rpc_logobj_client_request_alloc
                0x0001c9b4       0x30 C:/NordicSDK/v1.3.1/nrfxlib/bsdlib/lib/cortex-m33/hard-float/libbsd_nrf9160_xxaa.a(rpc_logobj_client.c.o)
                0x0001c9b4                rpc_logobj_client_request_alloc
 .text.rpc_logobj_client_request_send
                0x0001c9e4       0x2c C:/NordicSDK/v1.3.1/nrfxlib/bsdlib/lib/cortex-m33/hard-float/libbsd_nrf9160_xxaa.a(rpc_logobj_client.c.o)
                0x0001c9e4                rpc_logobj_client_request_send
 .text.rpc_logobj_client_message_free
                0x0001ca10       0x10 C:/NordicSDK/v1.3.1/nrfxlib/bsdlib/lib/cortex-m33/hard-float/libbsd_nrf9160_xxaa.a(rpc_logobj_client.c.o)
                0x0001ca10                rpc_logobj_client_message_free
 .text.rpc_logobj_client_data_free
                0x0001ca20       0x10 C:/NordicSDK/v1.3.1/nrfxlib/bsdlib/lib/cortex-m33/hard-float/libbsd_nrf9160_xxaa.a(rpc_logobj_client.c.o)
                0x0001ca20                rpc_logobj_client_data_free
 .text.dfu_client_event_handler
                0x0001ca30        0xc C:/NordicSDK/v1.3.1/nrfxlib/bsdlib/lib/cortex-m33/hard-float/libbsd_nrf9160_xxaa.a(rpc_dfu_client.c.o)
 .text.rpc_dfu_client_init
                0x0001ca3c        0xc C:/NordicSDK/v1.3.1/nrfxlib/bsdlib/lib/cortex-m33/hard-float/libbsd_nrf9160_xxaa.a(rpc_dfu_client.c.o)
                0x0001ca3c                rpc_dfu_client_init
 .text.rpc_dfu_client_request_alloc
                0x0001ca48       0x28 C:/NordicSDK/v1.3.1/nrfxlib/bsdlib/lib/cortex-m33/hard-float/libbsd_nrf9160_xxaa.a(rpc_dfu_client.c.o)
                0x0001ca48                rpc_dfu_client_request_alloc
 .text.rpc_dfu_client_request_send
                0x0001ca70       0x28 C:/NordicSDK/v1.3.1/nrfxlib/bsdlib/lib/cortex-m33/hard-float/libbsd_nrf9160_xxaa.a(rpc_dfu_client.c.o)
                0x0001ca70                rpc_dfu_client_request_send
 .text.rpc_dfu_client_message_free
                0x0001ca98       0x10 C:/NordicSDK/v1.3.1/nrfxlib/bsdlib/lib/cortex-m33/hard-float/libbsd_nrf9160_xxaa.a(rpc_dfu_client.c.o)
                0x0001ca98                rpc_dfu_client_message_free
 .text.rpc_dfu_client_data_free
                0x0001caa8       0x10 C:/NordicSDK/v1.3.1/nrfxlib/bsdlib/lib/cortex-m33/hard-float/libbsd_nrf9160_xxaa.a(rpc_dfu_client.c.o)
                0x0001caa8                rpc_dfu_client_data_free
 .text.packet_free_cb
                0x0001cab8        0x8 C:/NordicSDK/v1.3.1/nrfxlib/bsdlib/lib/cortex-m33/hard-float/libbsd_nrf9160_xxaa.a(at_interface.c.o)
 .text.at_interface_write
                0x0001cac0       0xf0 C:/NordicSDK/v1.3.1/nrfxlib/bsdlib/lib/cortex-m33/hard-float/libbsd_nrf9160_xxaa.a(at_interface.c.o)
                0x0001cac0                at_interface_write
 .text.at_interface_init
                0x0001cbb0       0x14 C:/NordicSDK/v1.3.1/nrfxlib/bsdlib/lib/cortex-m33/hard-float/libbsd_nrf9160_xxaa.a(at_interface.c.o)
                0x0001cbb0                at_interface_init
 .text.at_interface_open
                0x0001cbc4       0xc8 C:/NordicSDK/v1.3.1/nrfxlib/bsdlib/lib/cortex-m33/hard-float/libbsd_nrf9160_xxaa.a(at_interface.c.o)
                0x0001cbc4                at_interface_open
 .text.at_interface_close
                0x0001cc8c       0xa0 C:/NordicSDK/v1.3.1/nrfxlib/bsdlib/lib/cortex-m33/hard-float/libbsd_nrf9160_xxaa.a(at_interface.c.o)
                0x0001cc8c                at_interface_close
 .text.at_interface_read
                0x0001cd2c       0xac C:/NordicSDK/v1.3.1/nrfxlib/bsdlib/lib/cortex-m33/hard-float/libbsd_nrf9160_xxaa.a(at_interface.c.o)
                0x0001cd2c                at_interface_read
 .text.at_interface_getopt
                0x0001cdd8        0x4 C:/NordicSDK/v1.3.1/nrfxlib/bsdlib/lib/cortex-m33/hard-float/libbsd_nrf9160_xxaa.a(at_interface.c.o)
                0x0001cdd8                at_interface_getopt
 .text.at_interface_setopt
                0x0001cddc        0x4 C:/NordicSDK/v1.3.1/nrfxlib/bsdlib/lib/cortex-m33/hard-float/libbsd_nrf9160_xxaa.a(at_interface.c.o)
                0x0001cddc                at_interface_setopt
 .text.rpc_at_event_handler
                0x0001cde0       0xa4 C:/NordicSDK/v1.3.1/nrfxlib/bsdlib/lib/cortex-m33/hard-float/libbsd_nrf9160_xxaa.a(at_interface.c.o)
                0x0001cde0                rpc_at_event_handler
 .text.ok_rsp_parser
                0x0001ce84        0x4 C:/NordicSDK/v1.3.1/nrfxlib/bsdlib/lib/cortex-m33/hard-float/libbsd_nrf9160_xxaa.a(pdn_interface.c.o)
 .text.pdn_state_get_parser
                0x0001ce88       0x6c C:/NordicSDK/v1.3.1/nrfxlib/bsdlib/lib/cortex-m33/hard-float/libbsd_nrf9160_xxaa.a(pdn_interface.c.o)
 .text.pdn_id_get_parser
                0x0001cef4       0x58 C:/NordicSDK/v1.3.1/nrfxlib/bsdlib/lib/cortex-m33/hard-float/libbsd_nrf9160_xxaa.a(pdn_interface.c.o)
 .text.context_create_parser
                0x0001cf4c       0x58 C:/NordicSDK/v1.3.1/nrfxlib/bsdlib/lib/cortex-m33/hard-float/libbsd_nrf9160_xxaa.a(pdn_interface.c.o)
 .text.pdn_interface_init
                0x0001cfa4       0x40 C:/NordicSDK/v1.3.1/nrfxlib/bsdlib/lib/cortex-m33/hard-float/libbsd_nrf9160_xxaa.a(pdn_interface.c.o)
                0x0001cfa4                pdn_interface_init
 .text.pdn_interface_open
                0x0001cfe4      0x1bc C:/NordicSDK/v1.3.1/nrfxlib/bsdlib/lib/cortex-m33/hard-float/libbsd_nrf9160_xxaa.a(pdn_interface.c.o)
                0x0001cfe4                pdn_interface_open
 .text.pdn_interface_connect
                0x0001d1a0      0x300 C:/NordicSDK/v1.3.1/nrfxlib/bsdlib/lib/cortex-m33/hard-float/libbsd_nrf9160_xxaa.a(pdn_interface.c.o)
                0x0001d1a0                pdn_interface_connect
 .text.pdn_interface_close
                0x0001d4a0      0x1d8 C:/NordicSDK/v1.3.1/nrfxlib/bsdlib/lib/cortex-m33/hard-float/libbsd_nrf9160_xxaa.a(pdn_interface.c.o)
                0x0001d4a0                pdn_interface_close
 .text.pdn_interface_setopt
                0x0001d678       0xa8 C:/NordicSDK/v1.3.1/nrfxlib/bsdlib/lib/cortex-m33/hard-float/libbsd_nrf9160_xxaa.a(pdn_interface.c.o)
                0x0001d678                pdn_interface_setopt
 .text.pdn_interface_getopt
                0x0001d720      0x194 C:/NordicSDK/v1.3.1/nrfxlib/bsdlib/lib/cortex-m33/hard-float/libbsd_nrf9160_xxaa.a(pdn_interface.c.o)
                0x0001d720                pdn_interface_getopt
 .text.pdn_interface_pdn_id_get
                0x0001d8b4      0x7b4 C:/NordicSDK/v1.3.1/nrfxlib/bsdlib/lib/cortex-m33/hard-float/libbsd_nrf9160_xxaa.a(pdn_interface.c.o)
                0x0001d8b4                pdn_interface_pdn_id_get
 .text.bsd_platform_error_handler
                0x0001e068        0x8 C:/NordicSDK/v1.3.1/nrfxlib/bsdlib/lib/cortex-m33/hard-float/libbsd_nrf9160_xxaa.a(bsd.c.o)
                0x0001e068                bsd_platform_error_handler
 .text.bsd_init
                0x0001e070       0x28 C:/NordicSDK/v1.3.1/nrfxlib/bsdlib/lib/cortex-m33/hard-float/libbsd_nrf9160_xxaa.a(bsd.c.o)
                0x0001e070                bsd_init
 .text.bsd_shutdown
                0x0001e098       0x1c C:/NordicSDK/v1.3.1/nrfxlib/bsdlib/lib/cortex-m33/hard-float/libbsd_nrf9160_xxaa.a(bsd.c.o)
                0x0001e098                bsd_shutdown
 .text.unimplemented_method
                0x0001e0b4       0x18 C:/NordicSDK/v1.3.1/nrfxlib/bsdlib/lib/cortex-m33/hard-float/libbsd_nrf9160_xxaa.a(bsd_platform.c.o)
 .text.rpc_transport_ipc_fault_handler
                0x0001e0cc        0x4 C:/NordicSDK/v1.3.1/nrfxlib/bsdlib/lib/cortex-m33/hard-float/libbsd_nrf9160_xxaa.a(bsd_platform.c.o)
                0x0001e0cc                rpc_transport_ipc_fault_handler
 .text.bsd_platform_init
                0x0001e0d0      0x108 C:/NordicSDK/v1.3.1/nrfxlib/bsdlib/lib/cortex-m33/hard-float/libbsd_nrf9160_xxaa.a(bsd_platform.c.o)
                0x0001e0d0                bsd_platform_init
 .text.bsd_platform_shutdown
                0x0001e1d8       0x18 C:/NordicSDK/v1.3.1/nrfxlib/bsdlib/lib/cortex-m33/hard-float/libbsd_nrf9160_xxaa.a(bsd_platform.c.o)
                0x0001e1d8                bsd_platform_shutdown
 .text.bsd_platform_af_method_table_get
                0x0001e1f0       0xb0 C:/NordicSDK/v1.3.1/nrfxlib/bsdlib/lib/cortex-m33/hard-float/libbsd_nrf9160_xxaa.a(bsd_platform.c.o)
                0x0001e1f0                bsd_platform_af_method_table_get
 .text.bsd_platform_fd_method_table_get
                0x0001e2a0       0xec C:/NordicSDK/v1.3.1/nrfxlib/bsdlib/lib/cortex-m33/hard-float/libbsd_nrf9160_xxaa.a(bsd_platform.c.o)
                0x0001e2a0                bsd_platform_fd_method_table_get
 .text.bsd_platform_getaddrinfo
                0x0001e38c        0x4 C:/NordicSDK/v1.3.1/nrfxlib/bsdlib/lib/cortex-m33/hard-float/libbsd_nrf9160_xxaa.a(bsd_platform_util.c.o)
                0x0001e38c                bsd_platform_getaddrinfo
 .text.bsd_platform_freeaddrinfo
                0x0001e390        0x4 C:/NordicSDK/v1.3.1/nrfxlib/bsdlib/lib/cortex-m33/hard-float/libbsd_nrf9160_xxaa.a(bsd_platform_util.c.o)
                0x0001e390                bsd_platform_freeaddrinfo
 .text.bsd_platform_poll
                0x0001e394       0xb4 C:/NordicSDK/v1.3.1/nrfxlib/bsdlib/lib/cortex-m33/hard-float/libbsd_nrf9160_xxaa.a(bsd_platform_util.c.o)
                0x0001e394                bsd_platform_poll
 .text.bsd_platform_fcntl
                0x0001e448       0x20 C:/NordicSDK/v1.3.1/nrfxlib/bsdlib/lib/cortex-m33/hard-float/libbsd_nrf9160_xxaa.a(bsd_platform_util.c.o)
                0x0001e448                bsd_platform_fcntl
 .text.linked_list_init
                0x0001e468       0x14 C:/NordicSDK/v1.3.1/nrfxlib/bsdlib/lib/cortex-m33/hard-float/libbsd_nrf9160_xxaa.a(linked_list.c.o)
                0x0001e468                linked_list_init
 .text.linked_list_push
                0x0001e47c       0x2c C:/NordicSDK/v1.3.1/nrfxlib/bsdlib/lib/cortex-m33/hard-float/libbsd_nrf9160_xxaa.a(linked_list.c.o)
                0x0001e47c                linked_list_push
 .text.linked_list_pop
                0x0001e4a8       0x14 C:/NordicSDK/v1.3.1/nrfxlib/bsdlib/lib/cortex-m33/hard-float/libbsd_nrf9160_xxaa.a(linked_list.c.o)
                0x0001e4a8                linked_list_pop
 .text.linked_list_peek
                0x0001e4bc        0xc C:/NordicSDK/v1.3.1/nrfxlib/bsdlib/lib/cortex-m33/hard-float/libbsd_nrf9160_xxaa.a(linked_list.c.o)
                0x0001e4bc                linked_list_peek
 .text.linked_list_size_get
                0x0001e4c8        0x4 C:/NordicSDK/v1.3.1/nrfxlib/bsdlib/lib/cortex-m33/hard-float/libbsd_nrf9160_xxaa.a(linked_list.c.o)
                0x0001e4c8                linked_list_size_get
 .text.linked_list_get_next
                0x0001e4cc        0x4 C:/NordicSDK/v1.3.1/nrfxlib/bsdlib/lib/cortex-m33/hard-float/libbsd_nrf9160_xxaa.a(linked_list.c.o)
                0x0001e4cc                linked_list_get_next
 .text.nrf_socket
                0x0001e4d0       0x24 C:/NordicSDK/v1.3.1/nrfxlib/bsdlib/lib/cortex-m33/hard-float/libbsd_nrf9160_xxaa.a(socket.c.o)
                0x0001e4d0                nrf_socket
 .text.nrf_close
                0x0001e4f4       0x1c C:/NordicSDK/v1.3.1/nrfxlib/bsdlib/lib/cortex-m33/hard-float/libbsd_nrf9160_xxaa.a(socket.c.o)
                0x0001e4f4                nrf_close
 .text.nrf_sendto
                0x0001e510       0x38 C:/NordicSDK/v1.3.1/nrfxlib/bsdlib/lib/cortex-m33/hard-float/libbsd_nrf9160_xxaa.a(socket.c.o)
                0x0001e510                nrf_sendto
 .text.nrf_send
                0x0001e548       0x34 C:/NordicSDK/v1.3.1/nrfxlib/bsdlib/lib/cortex-m33/hard-float/libbsd_nrf9160_xxaa.a(socket.c.o)
                0x0001e548                nrf_send
 .text.nrf_recvfrom
                0x0001e57c       0x38 C:/NordicSDK/v1.3.1/nrfxlib/bsdlib/lib/cortex-m33/hard-float/libbsd_nrf9160_xxaa.a(socket.c.o)
                0x0001e57c                nrf_recvfrom
 .text.nrf_recv
                0x0001e5b4       0x34 C:/NordicSDK/v1.3.1/nrfxlib/bsdlib/lib/cortex-m33/hard-float/libbsd_nrf9160_xxaa.a(socket.c.o)
                0x0001e5b4                nrf_recv
 .text.nrf_connect
                0x0001e5e8       0x24 C:/NordicSDK/v1.3.1/nrfxlib/bsdlib/lib/cortex-m33/hard-float/libbsd_nrf9160_xxaa.a(socket.c.o)
                0x0001e5e8                nrf_connect
 .text.nrf_listen
                0x0001e60c       0x20 C:/NordicSDK/v1.3.1/nrfxlib/bsdlib/lib/cortex-m33/hard-float/libbsd_nrf9160_xxaa.a(socket.c.o)
                0x0001e60c                nrf_listen
 .text.nrf_accept
                0x0001e62c       0x2c C:/NordicSDK/v1.3.1/nrfxlib/bsdlib/lib/cortex-m33/hard-float/libbsd_nrf9160_xxaa.a(socket.c.o)
                0x0001e62c                nrf_accept
 .text.nrf_bind
                0x0001e658       0x24 C:/NordicSDK/v1.3.1/nrfxlib/bsdlib/lib/cortex-m33/hard-float/libbsd_nrf9160_xxaa.a(socket.c.o)
                0x0001e658                nrf_bind
 .text.nrf_setsockopt
                0x0001e67c       0x38 C:/NordicSDK/v1.3.1/nrfxlib/bsdlib/lib/cortex-m33/hard-float/libbsd_nrf9160_xxaa.a(socket.c.o)
                0x0001e67c                nrf_setsockopt
 .text.nrf_getsockopt
                0x0001e6b4       0x38 C:/NordicSDK/v1.3.1/nrfxlib/bsdlib/lib/cortex-m33/hard-float/libbsd_nrf9160_xxaa.a(socket.c.o)
                0x0001e6b4                nrf_getsockopt
 .text.nrf_getaddrinfo
                0x0001e6ec        0x4 C:/NordicSDK/v1.3.1/nrfxlib/bsdlib/lib/cortex-m33/hard-float/libbsd_nrf9160_xxaa.a(socket.c.o)
                0x0001e6ec                nrf_getaddrinfo
 .text.nrf_freeaddrinfo
                0x0001e6f0        0x4 C:/NordicSDK/v1.3.1/nrfxlib/bsdlib/lib/cortex-m33/hard-float/libbsd_nrf9160_xxaa.a(socket.c.o)
                0x0001e6f0                nrf_freeaddrinfo
 .text.nrf_poll
                0x0001e6f4        0x4 C:/NordicSDK/v1.3.1/nrfxlib/bsdlib/lib/cortex-m33/hard-float/libbsd_nrf9160_xxaa.a(socket.c.o)
                0x0001e6f4                nrf_poll
 .text.nrf_fcntl
                0x0001e6f8        0x4 C:/NordicSDK/v1.3.1/nrfxlib/bsdlib/lib/cortex-m33/hard-float/libbsd_nrf9160_xxaa.a(socket.c.o)
                0x0001e6f8                nrf_fcntl
 .text.rpc_gnss_serialize_utc
                0x0001e6fc       0x44 C:/NordicSDK/v1.3.1/nrfxlib/bsdlib/lib/cortex-m33/hard-float/libbsd_nrf9160_xxaa.a(rpc_gnss_agps_serializer.c.o)
                0x0001e6fc                rpc_gnss_serialize_utc
 .text.rpc_gnss_serialize_ephe
                0x0001e740       0xa4 C:/NordicSDK/v1.3.1/nrfxlib/bsdlib/lib/cortex-m33/hard-float/libbsd_nrf9160_xxaa.a(rpc_gnss_agps_serializer.c.o)
                0x0001e740                rpc_gnss_serialize_ephe
 .text.rpc_gnss_serialize_alm
                0x0001e7e4       0x64 C:/NordicSDK/v1.3.1/nrfxlib/bsdlib/lib/cortex-m33/hard-float/libbsd_nrf9160_xxaa.a(rpc_gnss_agps_serializer.c.o)
                0x0001e7e4                rpc_gnss_serialize_alm
 .text.rpc_gnss_serialize_klob
                0x0001e848       0x48 C:/NordicSDK/v1.3.1/nrfxlib/bsdlib/lib/cortex-m33/hard-float/libbsd_nrf9160_xxaa.a(rpc_gnss_agps_serializer.c.o)
                0x0001e848                rpc_gnss_serialize_klob
 .text.rpc_gnss_serialize_nequick
                0x0001e890       0x34 C:/NordicSDK/v1.3.1/nrfxlib/bsdlib/lib/cortex-m33/hard-float/libbsd_nrf9160_xxaa.a(rpc_gnss_agps_serializer.c.o)
                0x0001e890                rpc_gnss_serialize_nequick
 .text.rpc_gnss_serialize_time_and_sv_tow
                0x0001e8c4       0x50 C:/NordicSDK/v1.3.1/nrfxlib/bsdlib/lib/cortex-m33/hard-float/libbsd_nrf9160_xxaa.a(rpc_gnss_agps_serializer.c.o)
                0x0001e8c4                rpc_gnss_serialize_time_and_sv_tow
 .text.rpc_gnss_serialize_location
                0x0001e914       0x40 C:/NordicSDK/v1.3.1/nrfxlib/bsdlib/lib/cortex-m33/hard-float/libbsd_nrf9160_xxaa.a(rpc_gnss_agps_serializer.c.o)
                0x0001e914                rpc_gnss_serialize_location
 .text.rpc_gnss_serialize_integrity
                0x0001e954       0x1c C:/NordicSDK/v1.3.1/nrfxlib/bsdlib/lib/cortex-m33/hard-float/libbsd_nrf9160_xxaa.a(rpc_gnss_agps_serializer.c.o)
                0x0001e954                rpc_gnss_serialize_integrity
 .text.gnss_client_event_handler
                0x0001e970        0xc C:/NordicSDK/v1.3.1/nrfxlib/bsdlib/lib/cortex-m33/hard-float/libbsd_nrf9160_xxaa.a(rpc_gnss_client.c.o)
 .text.rpc_gnss_client_init
                0x0001e97c        0xc C:/NordicSDK/v1.3.1/nrfxlib/bsdlib/lib/cortex-m33/hard-float/libbsd_nrf9160_xxaa.a(rpc_gnss_client.c.o)
                0x0001e97c                rpc_gnss_client_init
 .text.rpc_gnss_client_request_alloc
                0x0001e988       0x28 C:/NordicSDK/v1.3.1/nrfxlib/bsdlib/lib/cortex-m33/hard-float/libbsd_nrf9160_xxaa.a(rpc_gnss_client.c.o)
                0x0001e988                rpc_gnss_client_request_alloc
 .text.rpc_gnss_client_request_send
                0x0001e9b0       0x2c C:/NordicSDK/v1.3.1/nrfxlib/bsdlib/lib/cortex-m33/hard-float/libbsd_nrf9160_xxaa.a(rpc_gnss_client.c.o)
                0x0001e9b0                rpc_gnss_client_request_send
 .text.rpc_gnss_client_message_free
                0x0001e9dc       0x10 C:/NordicSDK/v1.3.1/nrfxlib/bsdlib/lib/cortex-m33/hard-float/libbsd_nrf9160_xxaa.a(rpc_gnss_client.c.o)
                0x0001e9dc                rpc_gnss_client_message_free
 .text.rpc_gnss_client_data_free
                0x0001e9ec       0x10 C:/NordicSDK/v1.3.1/nrfxlib/bsdlib/lib/cortex-m33/hard-float/libbsd_nrf9160_xxaa.a(rpc_gnss_client.c.o)
                0x0001e9ec                rpc_gnss_client_data_free
 .text.datagram_handler_init
                0x0001e9fc       0x1c C:/NordicSDK/v1.3.1/nrfxlib/bsdlib/lib/cortex-m33/hard-float/libbsd_nrf9160_xxaa.a(datagram_handler.c.o)
                0x0001e9fc                datagram_handler_init
 .text.datagram_handler_put
                0x0001ea18       0x40 C:/NordicSDK/v1.3.1/nrfxlib/bsdlib/lib/cortex-m33/hard-float/libbsd_nrf9160_xxaa.a(datagram_handler.c.o)
                0x0001ea18                datagram_handler_put
 .text.datagram_handler_get
                0x0001ea58       0x94 C:/NordicSDK/v1.3.1/nrfxlib/bsdlib/lib/cortex-m33/hard-float/libbsd_nrf9160_xxaa.a(datagram_handler.c.o)
                0x0001ea58                datagram_handler_get
 .text.datagram_handler_available
                0x0001eaec       0x14 C:/NordicSDK/v1.3.1/nrfxlib/bsdlib/lib/cortex-m33/hard-float/libbsd_nrf9160_xxaa.a(datagram_handler.c.o)
                0x0001eaec                datagram_handler_available
 .text.datagram_handler_flush
                0x0001eb00       0x48 C:/NordicSDK/v1.3.1/nrfxlib/bsdlib/lib/cortex-m33/hard-float/libbsd_nrf9160_xxaa.a(datagram_handler.c.o)
                0x0001eb00                datagram_handler_flush
 .text.datagram_handler_free
                0x0001eb48       0x4c C:/NordicSDK/v1.3.1/nrfxlib/bsdlib/lib/cortex-m33/hard-float/libbsd_nrf9160_xxaa.a(datagram_handler.c.o)
                0x0001eb48                datagram_handler_free
 .text.null_handler_init
                0x0001eb94        0x4 C:/NordicSDK/v1.3.1/nrfxlib/bsdlib/lib/cortex-m33/hard-float/libbsd_nrf9160_xxaa.a(null_handler.c.o)
                0x0001eb94                null_handler_init
 .text.null_handler_put
                0x0001eb98       0x10 C:/NordicSDK/v1.3.1/nrfxlib/bsdlib/lib/cortex-m33/hard-float/libbsd_nrf9160_xxaa.a(null_handler.c.o)
                0x0001eb98                null_handler_put
 .text.null_handler_get
                0x0001eba8        0x8 C:/NordicSDK/v1.3.1/nrfxlib/bsdlib/lib/cortex-m33/hard-float/libbsd_nrf9160_xxaa.a(null_handler.c.o)
                0x0001eba8                null_handler_get
 .text.null_handler_available
                0x0001ebb0        0x8 C:/NordicSDK/v1.3.1/nrfxlib/bsdlib/lib/cortex-m33/hard-float/libbsd_nrf9160_xxaa.a(null_handler.c.o)
                0x0001ebb0                null_handler_available
 .text.null_handler_flush
                0x0001ebb8        0x4 C:/NordicSDK/v1.3.1/nrfxlib/bsdlib/lib/cortex-m33/hard-float/libbsd_nrf9160_xxaa.a(null_handler.c.o)
                0x0001ebb8                null_handler_flush
 .text.null_handler_free
                0x0001ebbc        0x4 C:/NordicSDK/v1.3.1/nrfxlib/bsdlib/lib/cortex-m33/hard-float/libbsd_nrf9160_xxaa.a(null_handler.c.o)
                0x0001ebbc                null_handler_free
 .text.packet_handler_create
                0x0001ebc0       0x40 C:/NordicSDK/v1.3.1/nrfxlib/bsdlib/lib/cortex-m33/hard-float/libbsd_nrf9160_xxaa.a(packet_handler_factory.c.o)
                0x0001ebc0                packet_handler_create
 .text.packet_handler_delete
                0x0001ec00       0x1c C:/NordicSDK/v1.3.1/nrfxlib/bsdlib/lib/cortex-m33/hard-float/libbsd_nrf9160_xxaa.a(packet_handler_factory.c.o)
                0x0001ec00                packet_handler_delete
 .text.stream_handler_init
                0x0001ec1c       0x20 C:/NordicSDK/v1.3.1/nrfxlib/bsdlib/lib/cortex-m33/hard-float/libbsd_nrf9160_xxaa.a(stream_handler.c.o)
                0x0001ec1c                stream_handler_init
 .text.stream_handler_put
                0x0001ec3c       0x40 C:/NordicSDK/v1.3.1/nrfxlib/bsdlib/lib/cortex-m33/hard-float/libbsd_nrf9160_xxaa.a(stream_handler.c.o)
                0x0001ec3c                stream_handler_put
 .text.stream_handler_get
                0x0001ec7c      0x100 C:/NordicSDK/v1.3.1/nrfxlib/bsdlib/lib/cortex-m33/hard-float/libbsd_nrf9160_xxaa.a(stream_handler.c.o)
                0x0001ec7c                stream_handler_get
 .text.stream_handler_available
                0x0001ed7c       0x28 C:/NordicSDK/v1.3.1/nrfxlib/bsdlib/lib/cortex-m33/hard-float/libbsd_nrf9160_xxaa.a(stream_handler.c.o)
                0x0001ed7c                stream_handler_available
 .text.stream_handler_flush
                0x0001eda4       0x48 C:/NordicSDK/v1.3.1/nrfxlib/bsdlib/lib/cortex-m33/hard-float/libbsd_nrf9160_xxaa.a(stream_handler.c.o)
                0x0001eda4                stream_handler_flush
 .text.stream_handler_free
                0x0001edec       0x4c C:/NordicSDK/v1.3.1/nrfxlib/bsdlib/lib/cortex-m33/hard-float/libbsd_nrf9160_xxaa.a(stream_handler.c.o)
                0x0001edec                stream_handler_free
 .text.mem_free
                0x0001ee38       0xd8 C:/NordicSDK/v1.3.1/nrfxlib/bsdlib/lib/cortex-m33/hard-float/libbsd_nrf9160_xxaa.a(mem_manager.c.o)
 .text.mem_alloc.constprop.5
                0x0001ef10      0x1c8 C:/NordicSDK/v1.3.1/nrfxlib/bsdlib/lib/cortex-m33/hard-float/libbsd_nrf9160_xxaa.a(mem_manager.c.o)
 .text.mem_alloc.constprop.4
                0x0001f0d8      0x1c0 C:/NordicSDK/v1.3.1/nrfxlib/bsdlib/lib/cortex-m33/hard-float/libbsd_nrf9160_xxaa.a(mem_manager.c.o)
 .text.nrf_mem_init
                0x0001f298       0xe8 C:/NordicSDK/v1.3.1/nrfxlib/bsdlib/lib/cortex-m33/hard-float/libbsd_nrf9160_xxaa.a(mem_manager.c.o)
                0x0001f298                nrf_mem_init
 .text.nrf_mem_register
                0x0001f380      0x234 C:/NordicSDK/v1.3.1/nrfxlib/bsdlib/lib/cortex-m33/hard-float/libbsd_nrf9160_xxaa.a(mem_manager.c.o)
                0x0001f380                nrf_mem_register
 .text.nrf_malloc
                0x0001f5b4       0x14 C:/NordicSDK/v1.3.1/nrfxlib/bsdlib/lib/cortex-m33/hard-float/libbsd_nrf9160_xxaa.a(mem_manager.c.o)
                0x0001f5b4                nrf_malloc
 .text.nrf_free
                0x0001f5c8       0x18 C:/NordicSDK/v1.3.1/nrfxlib/bsdlib/lib/cortex-m33/hard-float/libbsd_nrf9160_xxaa.a(mem_manager.c.o)
                0x0001f5c8                nrf_free
 .text.nrf_shared_malloc
                0x0001f5e0       0x14 C:/NordicSDK/v1.3.1/nrfxlib/bsdlib/lib/cortex-m33/hard-float/libbsd_nrf9160_xxaa.a(mem_manager.c.o)
                0x0001f5e0                nrf_shared_malloc
 .text.nrf_shared_free